Archive member included to satisfy reference by file (symbol)

D:/Program Files/STM32CubeCLT_1.17.0/GNU-tools-for-STM32/bin/../lib/gcc/arm-none-eabi/12.3.1/thumb/v7e-m+fp/hard\libgcc.a(_aeabi_uldivmod.o)
                              CMakeFiles/3.USB_VCP.elf.dir/Drivers/STM32F4xx_HAL_Driver/Src/stm32f4xx_hal_rcc.c.obj (__aeabi_uldivmod)
D:/Program Files/STM32CubeCLT_1.17.0/GNU-tools-for-STM32/bin/../lib/gcc/arm-none-eabi/12.3.1/thumb/v7e-m+fp/hard\libgcc.a(_udivmoddi4.o)
                              D:/Program Files/STM32CubeCLT_1.17.0/GNU-tools-for-STM32/bin/../lib/gcc/arm-none-eabi/12.3.1/thumb/v7e-m+fp/hard\libgcc.a(_aeabi_uldivmod.o) (__udivmoddi4)
D:/Program Files/STM32CubeCLT_1.17.0/GNU-tools-for-STM32/bin/../lib/gcc/arm-none-eabi/12.3.1/thumb/v7e-m+fp/hard\libgcc.a(unwind-arm.o)
                              CMakeFiles/3.USB_VCP.elf.dir/User_CPP/UserTask/Src/USB_task.cpp.obj (__aeabi_unwind_cpp_pr0)
D:/Program Files/STM32CubeCLT_1.17.0/GNU-tools-for-STM32/bin/../lib/gcc/arm-none-eabi/12.3.1/thumb/v7e-m+fp/hard\libgcc.a(libunwind.o)
                              D:/Program Files/STM32CubeCLT_1.17.0/GNU-tools-for-STM32/bin/../lib/gcc/arm-none-eabi/12.3.1/thumb/v7e-m+fp/hard\libgcc.a(unwind-arm.o) (restore_core_regs)
D:/Program Files/STM32CubeCLT_1.17.0/GNU-tools-for-STM32/bin/../lib/gcc/arm-none-eabi/12.3.1/thumb/v7e-m+fp/hard\libgcc.a(pr-support.o)
                              D:/Program Files/STM32CubeCLT_1.17.0/GNU-tools-for-STM32/bin/../lib/gcc/arm-none-eabi/12.3.1/thumb/v7e-m+fp/hard\libgcc.a(unwind-arm.o) (__gnu_unwind_execute)
D:/Program Files/STM32CubeCLT_1.17.0/GNU-tools-for-STM32/bin/../lib/gcc/arm-none-eabi/12.3.1/thumb/v7e-m+fp/hard\libgcc.a(_dvmd_tls.o)
                              D:/Program Files/STM32CubeCLT_1.17.0/GNU-tools-for-STM32/bin/../lib/gcc/arm-none-eabi/12.3.1/thumb/v7e-m+fp/hard\libgcc.a(_aeabi_uldivmod.o) (__aeabi_ldiv0)
D:/Program Files/STM32CubeCLT_1.17.0/GNU-tools-for-STM32/bin/../lib/gcc/arm-none-eabi/12.3.1/../../../../arm-none-eabi/lib/thumb/v7e-m+fp/hard\libg.a(libc_a-abort.o)
                              D:/Program Files/STM32CubeCLT_1.17.0/GNU-tools-for-STM32/bin/../lib/gcc/arm-none-eabi/12.3.1/thumb/v7e-m+fp/hard\libgcc.a(unwind-arm.o) (abort)
D:/Program Files/STM32CubeCLT_1.17.0/GNU-tools-for-STM32/bin/../lib/gcc/arm-none-eabi/12.3.1/../../../../arm-none-eabi/lib/thumb/v7e-m+fp/hard\libg.a(libc_a-exit.o)
                              D:/Program Files/STM32CubeCLT_1.17.0/GNU-tools-for-STM32/bin/../lib/gcc/arm-none-eabi/12.3.1/../../../../arm-none-eabi/lib/thumb/v7e-m+fp/hard/crt0.o (exit)
D:/Program Files/STM32CubeCLT_1.17.0/GNU-tools-for-STM32/bin/../lib/gcc/arm-none-eabi/12.3.1/../../../../arm-none-eabi/lib/thumb/v7e-m+fp/hard\libg.a(libc_a-findfp.o)
                              CMakeFiles/3.USB_VCP.elf.dir/Middlewares/Third_Party/FreeRTOS/Source/tasks.c.obj (__sf)
D:/Program Files/STM32CubeCLT_1.17.0/GNU-tools-for-STM32/bin/../lib/gcc/arm-none-eabi/12.3.1/../../../../arm-none-eabi/lib/thumb/v7e-m+fp/hard\libg.a(libc_a-fwalk.o)
                              D:/Program Files/STM32CubeCLT_1.17.0/GNU-tools-for-STM32/bin/../lib/gcc/arm-none-eabi/12.3.1/../../../../arm-none-eabi/lib/thumb/v7e-m+fp/hard\libg.a(libc_a-findfp.o) (_fwalk_sglue)
D:/Program Files/STM32CubeCLT_1.17.0/GNU-tools-for-STM32/bin/../lib/gcc/arm-none-eabi/12.3.1/../../../../arm-none-eabi/lib/thumb/v7e-m+fp/hard\libg.a(libc_a-stdio.o)
                              D:/Program Files/STM32CubeCLT_1.17.0/GNU-tools-for-STM32/bin/../lib/gcc/arm-none-eabi/12.3.1/../../../../arm-none-eabi/lib/thumb/v7e-m+fp/hard\libg.a(libc_a-findfp.o) (__sread)
D:/Program Files/STM32CubeCLT_1.17.0/GNU-tools-for-STM32/bin/../lib/gcc/arm-none-eabi/12.3.1/../../../../arm-none-eabi/lib/thumb/v7e-m+fp/hard\libg.a(libc_a-memset.o)
                              D:/Program Files/STM32CubeCLT_1.17.0/GNU-tools-for-STM32/bin/../lib/gcc/arm-none-eabi/12.3.1/../../../../arm-none-eabi/lib/thumb/v7e-m+fp/hard/crt0.o (memset)
D:/Program Files/STM32CubeCLT_1.17.0/GNU-tools-for-STM32/bin/../lib/gcc/arm-none-eabi/12.3.1/../../../../arm-none-eabi/lib/thumb/v7e-m+fp/hard\libg.a(libc_a-signal.o)
                              D:/Program Files/STM32CubeCLT_1.17.0/GNU-tools-for-STM32/bin/../lib/gcc/arm-none-eabi/12.3.1/../../../../arm-none-eabi/lib/thumb/v7e-m+fp/hard\libg.a(libc_a-abort.o) (raise)
D:/Program Files/STM32CubeCLT_1.17.0/GNU-tools-for-STM32/bin/../lib/gcc/arm-none-eabi/12.3.1/../../../../arm-none-eabi/lib/thumb/v7e-m+fp/hard\libg.a(libc_a-closer.o)
                              D:/Program Files/STM32CubeCLT_1.17.0/GNU-tools-for-STM32/bin/../lib/gcc/arm-none-eabi/12.3.1/../../../../arm-none-eabi/lib/thumb/v7e-m+fp/hard\libg.a(libc_a-stdio.o) (_close_r)
D:/Program Files/STM32CubeCLT_1.17.0/GNU-tools-for-STM32/bin/../lib/gcc/arm-none-eabi/12.3.1/../../../../arm-none-eabi/lib/thumb/v7e-m+fp/hard\libg.a(libc_a-reent.o)
[...]
Memory Configuration

Name             Origin             Length             Attributes
CCMRAM           0x10000000         0x00010000         xrw
RAM              0x20000000         0x00020000         xrw
FLASH            0x08000000         0x00100000         xr
*default*        0x00000000         0xffffffff

Linker script and memory map

LOAD D:/Program Files/STM32CubeCLT_1.17.0/GNU-tools-for-STM32/bin/../lib/gcc/arm-none-eabi/12.3.1/thumb/v7e-m+fp/hard/crti.o
LOAD D:/Program Files/STM32CubeCLT_1.17.0/GNU-tools-for-STM32/bin/../lib/gcc/arm-none-eabi/12.3.1/thumb/v7e-m+fp/hard/crtbegin.o
LOAD D:/Program Files/STM32CubeCLT_1.17.0/GNU-tools-for-STM32/bin/../lib/gcc/arm-none-eabi/12.3.1/../../../../arm-none-eabi/lib/thumb/v7e-m+fp/hard/crt0.o
LOAD CMakeFiles/3.USB_VCP.elf.dir/Core/Src/freertos.c.obj
LOAD CMakeFiles/3.USB_VCP.elf.dir/Core/Src/gpio.c.obj
LOAD CMakeFiles/3.USB_VCP.elf.dir/Core/Src/main.c.obj
LOAD CMakeFiles/3.USB_VCP.elf.dir/Core/Src/stm32f4xx_hal_msp.c.obj
LOAD CMakeFiles/3.USB_VCP.elf.dir/Core/Src/stm32f4xx_hal_timebase_tim.c.obj
LOAD CMakeFiles/3.USB_VCP.elf.dir/Core/Src/stm32f4xx_it.c.obj
LOAD CMakeFiles/3.USB_VCP.elf.dir/Core/Src/syscalls.c.obj
LOAD CMakeFiles/3.USB_VCP.elf.dir/Core/Src/sysmem.c.obj
LOAD CMakeFiles/3.USB_VCP.elf.dir/Core/Src/system_stm32f4xx.c.obj
LOAD CMakeFiles/3.USB_VCP.elf.dir/Core/Startup/startup_stm32f407ighx.s.obj
LOAD CMakeFiles/3.USB_VCP.elf.dir/Drivers/STM32F4xx_HAL_Driver/Src/stm32f4xx_hal.c.obj
LOAD CMakeFiles/3.USB_VCP.elf.dir/Drivers/STM32F4xx_HAL_Driver/Src/stm32f4xx_hal_cortex.c.obj
LOAD CMakeFiles/3.USB_VCP.elf.dir/Drivers/STM32F4xx_HAL_Driver/Src/stm32f4xx_hal_dma.c.obj
LOAD CMakeFiles/3.USB_VCP.elf.dir/Drivers/STM32F4xx_HAL_Driver/Src/stm32f4xx_hal_dma_ex.c.obj
LOAD CMakeFiles/3.USB_VCP.elf.dir/Drivers/STM32F4xx_HAL_Driver/Src/stm32f4xx_hal_exti.c.obj
LOAD CMakeFiles/3.USB_VCP.elf.dir/Drivers/STM32F4xx_HAL_Driver/Src/stm32f4xx_hal_flash.c.obj
LOAD CMakeFiles/3.USB_VCP.elf.dir/Drivers/STM32F4xx_HAL_Driver/Src/stm32f4xx_hal_flash_ex.c.obj
LOAD CMakeFiles/3.USB_VCP.elf.dir/Drivers/STM32F4xx_HAL_Driver/Src/stm32f4xx_hal_flash_ramfunc.c.obj
LOAD CMakeFiles/3.USB_VCP.elf.dir/Drivers/STM32F4xx_HAL_Driver/Src/stm32f4xx_hal_gpio.c.obj
LOAD CMakeFiles/3.USB_VCP.elf.dir/Drivers/STM32F4xx_HAL_Driver/Src/stm32f4xx_hal_pcd.c.obj
LOAD CMakeFiles/3.USB_VCP.elf.dir/Drivers/STM32F4xx_HAL_Driver/Src/stm32f4xx_hal_pcd_ex.c.obj
LOAD CMakeFiles/3.USB_VCP.elf.dir/Drivers/STM32F4xx_HAL_Driver/Src/stm32f4xx_hal_pwr.c.obj
LOAD CMakeFiles/3.USB_VCP.elf.dir/Drivers/STM32F4xx_HAL_Driver/Src/stm32f4xx_hal_pwr_ex.c.obj
LOAD CMakeFiles/3.USB_VCP.elf.dir/Drivers/STM32F4xx_HAL_Driver/Src/stm32f4xx_hal_rcc.c.obj
LOAD CMakeFiles/3.USB_VCP.elf.dir/Drivers/STM32F4xx_HAL_Driver/Src/stm32f4xx_hal_rcc_ex.c.obj
LOAD CMakeFiles/3.USB_VCP.elf.dir/Drivers/STM32F4xx_HAL_Driver/Src/stm32f4xx_hal_tim.c.obj
LOAD CMakeFiles/3.USB_VCP.elf.dir/Drivers/STM32F4xx_HAL_Driver/Src/stm32f4xx_hal_tim_ex.c.obj
LOAD CMakeFiles/3.USB_VCP.elf.dir/Drivers/STM32F4xx_HAL_Driver/Src/stm32f4xx_ll_usb.c.obj
LOAD CMakeFiles/3.USB_VCP.elf.dir/Middlewares/ST/STM32_USB_Device_Library/Class/CDC/Src/usbd_cdc.c.obj
LOAD CMakeFiles/3.USB_VCP.elf.dir/Middlewares/ST/STM32_USB_Device_Library/Core/Src/usbd_core.c.obj
LOAD CMakeFiles/3.USB_VCP.elf.dir/Middlewares/ST/STM32_USB_Device_Library/Core/Src/usbd_ctlreq.c.obj
LOAD CMakeFiles/3.USB_VCP.elf.dir/Middlewares/ST/STM32_USB_Device_Library/Core/Src/usbd_ioreq.c.obj
LOAD CMakeFiles/3.USB_VCP.elf.dir/Middlewares/Third_Party/FreeRTOS/Source/CMSIS_RTOS/cmsis_os.c.obj
LOAD CMakeFiles/3.USB_VCP.elf.dir/Middlewares/Third_Party/FreeRTOS/Source/croutine.c.obj
LOAD CMakeFiles/3.USB_VCP.elf.dir/Middlewares/Third_Party/FreeRTOS/Source/event_groups.c.obj
LOAD CMakeFiles/3.USB_VCP.elf.dir/Middlewares/Third_Party/FreeRTOS/Source/list.c.obj
LOAD CMakeFiles/3.USB_VCP.elf.dir/Middlewares/Third_Party/FreeRTOS/Source/portable/GCC/ARM_CM4F/port.c.obj
LOAD CMakeFiles/3.USB_VCP.elf.dir/Middlewares/Third_Party/FreeRTOS/Source/portable/MemMang/heap_4.c.obj
LOAD CMakeFiles/3.USB_VCP.elf.dir/Middlewares/Third_Party/FreeRTOS/Source/queue.c.obj
LOAD CMakeFiles/3.USB_VCP.elf.dir/Middlewares/Third_Party/FreeRTOS/Source/stream_buffer.c.obj
LOAD CMakeFiles/3.USB_VCP.elf.dir/Middlewares/Third_Party/FreeRTOS/Source/tasks.c.obj
LOAD CMakeFiles/3.USB_VCP.elf.dir/Middlewares/Third_Party/FreeRTOS/Source/timers.c.obj
LOAD CMakeFiles/3.USB_VCP.elf.dir/USB_DEVICE/App/usb_device.c.obj
LOAD CMakeFiles/3.USB_VCP.elf.dir/USB_DEVICE/App/usbd_cdc_if.c.obj
LOAD CMakeFiles/3.USB_VCP.elf.dir/USB_DEVICE/App/usbd_desc.c.obj
LOAD CMakeFiles/3.USB_VCP.elf.dir/USB_DEVICE/Target/usbd_conf.c.obj
LOAD CMakeFiles/3.USB_VCP.elf.dir/User_CPP/UserTask/Src/CPP_main.cpp.obj
LOAD CMakeFiles/3.USB_VCP.elf.dir/User_CPP/UserTask/Src/USB_task.cpp.obj
LOAD D:/Program Files/STM32CubeCLT_1.17.0/GNU-tools-for-STM32/bin/../lib/gcc/arm-none-eabi/12.3.1/../../../../arm-none-eabi/lib/thumb/v7e-m+fp/hard\libstdc++.a
LOAD D:/Program Files/STM32CubeCLT_1.17.0/GNU-tools-for-STM32/bin/../lib/gcc/arm-none-eabi/12.3.1/../../../../arm-none-eabi/lib/thumb/v7e-m+fp/hard\libm.a
START GROUP
LOAD D:/Program Files/STM32CubeCLT_1.17.0/GNU-tools-for-STM32/bin/../lib/gcc/arm-none-eabi/12.3.1/thumb/v7e-m+fp/hard\libgcc.a
LOAD D:/Program Files/STM32CubeCLT_1.17.0/GNU-tools-for-STM32/bin/../lib/gcc/arm-none-eabi/12.3.1/../../../../arm-none-eabi/lib/thumb/v7e-m+fp/hard\libg.a
LOAD D:/Program Files/STM32CubeCLT_1.17.0/GNU-tools-for-STM32/bin/../lib/gcc/arm-none-eabi/12.3.1/../../../../arm-none-eabi/lib/thumb/v7e-m+fp/hard\libc.a
END GROUP
LOAD D:/Program Files/STM32CubeCLT_1.17.0/GNU-tools-for-STM32/bin/../lib/gcc/arm-none-eabi/12.3.1/thumb/v7e-m+fp/hard/crtend.o
LOAD D:/Program Files/STM32CubeCLT_1.17.0/GNU-tools-for-STM32/bin/../lib/gcc/arm-none-eabi/12.3.1/thumb/v7e-m+fp/hard/crtn.o
                0x20020000                        _estack = (ORIGIN (RAM) + LENGTH (RAM))
                0x00000400                        _Min_Heap_Size = 0x400
                0x00002000                        _Min_Stack_Size = 0x2000

.isr_vector     0x08000000      0x188
                0x08000000                        . = ALIGN (0x4)
 *(.isr_vector)
 .isr_vector    0x08000000      0x188 CMakeFiles/3.USB_VCP.elf.dir/Core/Startup/startup_stm32f407ighx.s.obj
                0x08000000                g_pfnVectors
                0x08000188                        . = ALIGN (0x4)

.text           0x08000190     0x65a0
                0x08000190                        . = ALIGN (0x4)
 *(.text)
 .text          0x08000190       0x40 D:/Program Files/STM32CubeCLT_1.17.0/GNU-tools-for-STM32/bin/../lib/gcc/arm-none-eabi/12.3.1/thumb/v7e-m+fp/hard/crtbegin.o
 .text          0x080001d0       0x30 D:/Program Files/STM32CubeCLT_1.17.0/GNU-tools-for-STM32/bin/../lib/gcc/arm-none-eabi/12.3.1/thumb/v7e-m+fp/hard\libgcc.a(_aeabi_uldivmod.o)
                0x080001d0                __aeabi_uldivmod
 .text          0x08000200      0x2bc D:/Program Files/STM32CubeCLT_1.17.0/GNU-tools-for-STM32/bin/../lib/gcc/arm-none-eabi/12.3.1/thumb/v7e-m+fp/hard\libgcc.a(_udivmoddi4.o)
                0x08000200                __udivmoddi4
 .text          0x080004bc      0x9f4 D:/Program Files/STM32CubeCLT_1.17.0/GNU-tools-for-STM32/bin/../lib/gcc/arm-none-eabi/12.3.1/thumb/v7e-m+fp/hard\libgcc.a(unwind-arm.o)
                0x0800076c                _Unwind_GetCFA
                0x08000770                __gnu_Unwind_RaiseException
                0x080007d8                __gnu_Unwind_ForcedUnwind
                0x080007e8                __gnu_Unwind_Resume
                0x0800082c                __gnu_Unwind_Resume_or_Rethrow
                0x0800083c                _Unwind_Complete
                0x08000840                _Unwind_DeleteException
                0x0800084c                _Unwind_VRS_Get
                0x08000898                _Unwind_VRS_Set
                0x080008e0                __gnu_Unwind_Backtrace
                0x08000bfc                __aeabi_unwind_cpp_pr0
                0x08000c00                __aeabi_unwind_cpp_pr1
                0x08000c04                __aeabi_unwind_cpp_pr2
                0x08000c08                _Unwind_VRS_Pop
 .text          0x08000eb0      0x1ac D:/Program Files/STM32CubeCLT_1.17.0/GNU-tools-for-STM32/bin/../lib/gcc/arm-none-eabi/12.3.1/thumb/v7e-m+fp/hard\libgcc.a(libunwind.o)
                0x08000eb0                __restore_core_regs
                0x08000eb0                restore_core_regs
                0x08000ec8                __gnu_Unwind_Restore_VFP
                0x08000ed0                __gnu_Unwind_Save_VFP
                0x08000ed8                __gnu_Unwind_Restore_VFP_D
                0x08000ee0                __gnu_Unwind_Save_VFP_D
                0x08000ee8                __gnu_Unwind_Restore_VFP_D_16_to_31
                0x08000ef0                __gnu_Unwind_Save_VFP_D_16_to_31
                0x08000ef8                __gnu_Unwind_Restore_WMMXD
                0x08000f3c                __gnu_Unwind_Save_WMMXD
                0x08000f80                __gnu_Unwind_Restore_WMMXC
                0x08000f94                __gnu_Unwind_Save_WMMXC
                0x08000fa8                ___Unwind_RaiseException
                0x08000fa8                _Unwind_RaiseException
                0x08000fcc                _Unwind_Resume
                0x08000fcc                ___Unwind_Resume
                0x08000ff0                _Unwind_Resume_or_Rethrow
                0x08000ff0                ___Unwind_Resume_or_Rethrow
                0x08001014                _Unwind_ForcedUnwind
                0x08001014                ___Unwind_ForcedUnwind
                0x08001038                ___Unwind_Backtrace
                0x08001038                _Unwind_Backtrace
 .text          0x0800105c      0x378 D:/Program Files/STM32CubeCLT_1.17.0/GNU-tools-for-STM32/bin/../lib/gcc/arm-none-eabi/12.3.1/thumb/v7e-m+fp/hard\libgcc.a(pr-support.o)
                0x080010b4                __gnu_unwind_execute
                0x08001388                __gnu_unwind_frame
                0x080013b4                _Unwind_GetRegionStart
                0x080013c0                _Unwind_GetLanguageSpecificData
 .text          0x080013d4        0x4 D:/Program Files/STM32CubeCLT_1.17.0/GNU-tools-for-STM32/bin/../lib/gcc/arm-none-eabi/12.3.1/thumb/v7e-m+fp/hard\libgcc.a(_dvmd_tls.o)
                0x080013d4                __aeabi_idiv0
                0x080013d4                __aeabi_ldiv0
 *(.text*)
 .text.StartDefaultTask
                0x080013d8        0xe CMakeFiles/3.USB_VCP.elf.dir/Core/Src/freertos.c.obj
                0x080013d8                StartDefaultTask
 *fill*         0x080013e6        0x2 
 .text.vApplicationGetIdleTaskMemory
                0x080013e8       0x18 CMakeFiles/3.USB_VCP.elf.dir/Core/Src/freertos.c.obj
                0x080013e8                vApplicationGetIdleTaskMemory
 .text.MX_FREERTOS_Init
                0x08001400       0x5c CMakeFiles/3.USB_VCP.elf.dir/Core/Src/freertos.c.obj
                0x08001400                MX_FREERTOS_Init
 .text.MX_GPIO_Init
                0x0800145c       0x4c CMakeFiles/3.USB_VCP.elf.dir/Core/Src/gpio.c.obj
                0x0800145c                MX_GPIO_Init
 .text.HAL_TIM_PeriodElapsedCallback
                0x080014a8       0x18 CMakeFiles/3.USB_VCP.elf.dir/Core/Src/main.c.obj
                0x080014a8                HAL_TIM_PeriodElapsedCallback
 .text.Error_Handler
                0x080014c0        0x4 CMakeFiles/3.USB_VCP.elf.dir/Core/Src/main.c.obj
                0x080014c0                Error_Handler
 .text.SystemClock_Config
                0x080014c4       0xa8 CMakeFiles/3.USB_VCP.elf.dir/Core/Src/main.c.obj
                0x080014c4                SystemClock_Config
 .text.main     0x0800156c       0x1c CMakeFiles/3.USB_VCP.elf.dir/Core/Src/main.c.obj
                0x0800156c                main
 .text.HAL_MspInit
                0x08001588       0x44 CMakeFiles/3.USB_VCP.elf.dir/Core/Src/stm32f4xx_hal_msp.c.obj
                0x08001588                HAL_MspInit
 .text.HAL_InitTick
                0x080015cc       0xa4 CMakeFiles/3.USB_VCP.elf.dir/Core/Src/stm32f4xx_hal_timebase_tim.c.obj
                0x080015cc                HAL_InitTick
 .text.NMI_Handler
                0x08001670        0x2 CMakeFiles/3.USB_VCP.elf.dir/Core/Src/stm32f4xx_it.c.obj
                0x08001670                NMI_Handler
 .text.HardFault_Handler
                0x08001672        0x2 CMakeFiles/3.USB_VCP.elf.dir/Core/Src/stm32f4xx_it.c.obj
                0x08001672                HardFault_Handler
 .text.MemManage_Handler
                0x08001674        0x2 CMakeFiles/3.USB_VCP.elf.dir/Core/Src/stm32f4xx_it.c.obj
                0x08001674                MemManage_Handler
 .text.BusFault_Handler
                0x08001676        0x2 CMakeFiles/3.USB_VCP.elf.dir/Core/Src/stm32f4xx_it.c.obj
                0x08001676                BusFault_Handler
 .text.UsageFault_Handler
                0x08001678        0x2 CMakeFiles/3.USB_VCP.elf.dir/Core/Src/stm32f4xx_it.c.obj
                0x08001678                UsageFault_Handler
 .text.DebugMon_Handler
                0x0800167a        0x2 CMakeFiles/3.USB_VCP.elf.dir/Core/Src/stm32f4xx_it.c.obj
                0x0800167a                DebugMon_Handler
 .text.TIM8_TRG_COM_TIM14_IRQHandler
                0x0800167c       0x10 CMakeFiles/3.USB_VCP.elf.dir/Core/Src/stm32f4xx_it.c.obj
                0x0800167c                TIM8_TRG_COM_TIM14_IRQHandler
 .text.OTG_FS_IRQHandler
                0x0800168c       0x10 CMakeFiles/3.USB_VCP.elf.dir/Core/Src/stm32f4xx_it.c.obj
                0x0800168c                OTG_FS_IRQHandler
 .text._getpid  0x0800169c        0x4 CMakeFiles/3.USB_VCP.elf.dir/Core/Src/syscalls.c.obj
                0x0800169c                _getpid
 .text._kill    0x080016a0       0x10 CMakeFiles/3.USB_VCP.elf.dir/Core/Src/syscalls.c.obj
                0x080016a0                _kill
 .text._exit    0x080016b0        0xc CMakeFiles/3.USB_VCP.elf.dir/Core/Src/syscalls.c.obj
                0x080016b0                _exit
 .text._sbrk    0x080016bc       0x48 CMakeFiles/3.USB_VCP.elf.dir/Core/Src/sysmem.c.obj
                0x080016bc                _sbrk
 .text.SystemInit
                0x08001704       0x14 CMakeFiles/3.USB_VCP.elf.dir/Core/Src/system_stm32f4xx.c.obj
                0x08001704                SystemInit
 .text.Reset_Handler
                0x08001718       0x50 CMakeFiles/3.USB_VCP.elf.dir/Core/Startup/startup_stm32f407ighx.s.obj
                0x08001718                Reset_Handler
 .text.Default_Handler
                0x08001768        0x2 CMakeFiles/3.USB_VCP.elf.dir/Core/Startup/startup_stm32f407ighx.s.obj
                0x08001768                RTC_Alarm_IRQHandler
                0x08001768                HASH_RNG_IRQHandler
                0x08001768                EXTI2_IRQHandler
                0x08001768                TIM8_CC_IRQHandler
                0x08001768                TIM1_CC_IRQHandler
                0x08001768                DMA2_Stream5_IRQHandler
                0x08001768                DMA1_Stream5_IRQHandler
                0x08001768                PVD_IRQHandler
                0x08001768                SDIO_IRQHandler
                0x08001768                TAMP_STAMP_IRQHandler
                0x08001768                CAN2_RX1_IRQHandler
                0x08001768                EXTI3_IRQHandler
                0x08001768                TIM1_UP_TIM10_IRQHandler
                0x08001768                TIM8_UP_TIM13_IRQHandler
                0x08001768                I2C3_ER_IRQHandler
                0x08001768                EXTI0_IRQHandler
                0x08001768                I2C2_EV_IRQHandler
                0x08001768                DMA1_Stream2_IRQHandler
                0x08001768                CAN1_RX0_IRQHandler
                0x08001768                FPU_IRQHandler
                0x08001768                OTG_HS_WKUP_IRQHandler
                0x08001768                CAN2_SCE_IRQHandler
                0x08001768                DMA2_Stream2_IRQHandler
                0x08001768                SPI1_IRQHandler
                0x08001768                TIM6_DAC_IRQHandler
                0x08001768                TIM1_BRK_TIM9_IRQHandler
                0x08001768                DCMI_IRQHandler
                0x08001768                CAN2_RX0_IRQHandler
                0x08001768                DMA2_Stream3_IRQHandler
                0x08001768                USART6_IRQHandler
                0x08001768                USART3_IRQHandler
                0x08001768                CAN1_RX1_IRQHandler
                0x08001768                UART5_IRQHandler
                0x08001768                DMA2_Stream0_IRQHandler
                0x08001768                TIM4_IRQHandler
                0x08001768                I2C1_EV_IRQHandler
                0x08001768                DMA1_Stream6_IRQHandler
                0x08001768                DMA1_Stream1_IRQHandler
                0x08001768                UART4_IRQHandler
                0x08001768                TIM3_IRQHandler
                0x08001768                RCC_IRQHandler
                0x08001768                TIM8_BRK_TIM12_IRQHandler
                0x08001768                Default_Handler
                0x08001768                EXTI15_10_IRQHandler
                0x08001768                ADC_IRQHandler
                0x08001768                DMA1_Stream7_IRQHandler
                0x08001768                TIM7_IRQHandler
                0x08001768                CAN2_TX_IRQHandler
                0x08001768                TIM5_IRQHandler
                0x08001768                DMA2_Stream7_IRQHandler
                0x08001768                I2C3_EV_IRQHandler
                0x08001768                EXTI9_5_IRQHandler
                0x08001768                RTC_WKUP_IRQHandler
                0x08001768                ETH_WKUP_IRQHandler
                0x08001768                SPI2_IRQHandler
                0x08001768                OTG_HS_EP1_IN_IRQHandler
                0x08001768                DMA1_Stream0_IRQHandler
                0x08001768                CAN1_TX_IRQHandler
                0x08001768                EXTI4_IRQHandler
                0x08001768                FSMC_IRQHandler
                0x08001768                ETH_IRQHandler
                0x08001768                OTG_HS_EP1_OUT_IRQHandler
                0x08001768                WWDG_IRQHandler
                0x08001768                TIM2_IRQHandler
                0x08001768                OTG_FS_WKUP_IRQHandler
                0x08001768                TIM1_TRG_COM_TIM11_IRQHandler
                0x08001768                OTG_HS_IRQHandler
                0x08001768                EXTI1_IRQHandler
                0x08001768                USART2_IRQHandler
                0x08001768                I2C2_ER_IRQHandler
                0x08001768                DMA2_Stream1_IRQHandler
                0x08001768                CAN1_SCE_IRQHandler
                0x08001768                FLASH_IRQHandler
                0x08001768                DMA2_Stream4_IRQHandler
                0x08001768                USART1_IRQHandler
                0x08001768                SPI3_IRQHandler
                0x08001768                DMA1_Stream4_IRQHandler
                0x08001768                I2C1_ER_IRQHandler
                0x08001768                DMA2_Stream6_IRQHandler
                0x08001768                DMA1_Stream3_IRQHandler
 *fill*         0x0800176a        0x2 
 .text.HAL_Init
                0x0800176c       0x34 CMakeFiles/3.USB_VCP.elf.dir/Drivers/STM32F4xx_HAL_Driver/Src/stm32f4xx_hal.c.obj
                0x0800176c                HAL_Init
 .text.HAL_IncTick
                0x080017a0       0x18 CMakeFiles/3.USB_VCP.elf.dir/Drivers/STM32F4xx_HAL_Driver/Src/stm32f4xx_hal.c.obj
                0x080017a0                HAL_IncTick
 .text.HAL_GetTick
                0x080017b8        0xc CMakeFiles/3.USB_VCP.elf.dir/Drivers/STM32F4xx_HAL_Driver/Src/stm32f4xx_hal.c.obj
                0x080017b8                HAL_GetTick
 .text.HAL_Delay
                0x080017c4       0x28 CMakeFiles/3.USB_VCP.elf.dir/Drivers/STM32F4xx_HAL_Driver/Src/stm32f4xx_hal.c.obj
                0x080017c4                HAL_Delay
 .text.__NVIC_EnableIRQ
                0x080017ec       0x1c CMakeFiles/3.USB_VCP.elf.dir/Drivers/STM32F4xx_HAL_Driver/Src/stm32f4xx_hal_cortex.c.obj
 .text.__NVIC_SetPriority
                0x08001808       0x28 CMakeFiles/3.USB_VCP.elf.dir/Drivers/STM32F4xx_HAL_Driver/Src/stm32f4xx_hal_cortex.c.obj
 .text.NVIC_EncodePriority
                0x08001830       0x3e CMakeFiles/3.USB_VCP.elf.dir/Drivers/STM32F4xx_HAL_Driver/Src/stm32f4xx_hal_cortex.c.obj
 *fill*         0x0800186e        0x2 
 .text.HAL_NVIC_SetPriorityGrouping
                0x08001870       0x24 CMakeFiles/3.USB_VCP.elf.dir/Drivers/STM32F4xx_HAL_Driver/Src/stm32f4xx_hal_cortex.c.obj
                0x08001870                HAL_NVIC_SetPriorityGrouping
 .text.HAL_NVIC_SetPriority
                0x08001894       0x20 CMakeFiles/3.USB_VCP.elf.dir/Drivers/STM32F4xx_HAL_Driver/Src/stm32f4xx_hal_cortex.c.obj
                0x08001894                HAL_NVIC_SetPriority
 .text.HAL_NVIC_EnableIRQ
                0x080018b4        0x8 CMakeFiles/3.USB_VCP.elf.dir/Drivers/STM32F4xx_HAL_Driver/Src/stm32f4xx_hal_cortex.c.obj
                0x080018b4                HAL_NVIC_EnableIRQ
 .text.HAL_GPIO_Init
                0x080018bc      0x1ec CMakeFiles/3.USB_VCP.elf.dir/Drivers/STM32F4xx_HAL_Driver/Src/stm32f4xx_hal_gpio.c.obj
                0x080018bc                HAL_GPIO_Init
 .text.PCD_WriteEmptyTxFifo
                0x08001aa8       0xd0 CMakeFiles/3.USB_VCP.elf.dir/Drivers/STM32F4xx_HAL_Driver/Src/stm32f4xx_hal_pcd.c.obj
 .text.HAL_PCD_Init
                0x08001b78      0x102 CMakeFiles/3.USB_VCP.elf.dir/Drivers/STM32F4xx_HAL_Driver/Src/stm32f4xx_hal_pcd.c.obj
                0x08001b78                HAL_PCD_Init
 .text.HAL_PCD_Start
                0x08001c7a       0x44 CMakeFiles/3.USB_VCP.elf.dir/Drivers/STM32F4xx_HAL_Driver/Src/stm32f4xx_hal_pcd.c.obj
                0x08001c7a                HAL_PCD_Start
 *fill*         0x08001cbe        0x2 
 .text.PCD_EP_OutXfrComplete_int
                0x08001cc0      0x104 CMakeFiles/3.USB_VCP.elf.dir/Drivers/STM32F4xx_HAL_Driver/Src/stm32f4xx_hal_pcd.c.obj
 .text.PCD_EP_OutSetupPacket_int
                0x08001dc4       0x50 CMakeFiles/3.USB_VCP.elf.dir/Drivers/STM32F4xx_HAL_Driver/Src/stm32f4xx_hal_pcd.c.obj
 .text.HAL_PCD_SetAddress
                0x08001e14       0x26 CMakeFiles/3.USB_VCP.elf.dir/Drivers/STM32F4xx_HAL_Driver/Src/stm32f4xx_hal_pcd.c.obj
                0x08001e14                HAL_PCD_SetAddress
 .text.HAL_PCD_EP_Open
                0x08001e3a       0x8c CMakeFiles/3.USB_VCP.elf.dir/Drivers/STM32F4xx_HAL_Driver/Src/stm32f4xx_hal_pcd.c.obj
                0x08001e3a                HAL_PCD_EP_Open
 .text.HAL_PCD_EP_Close
                0x08001ec6       0x70 CMakeFiles/3.USB_VCP.elf.dir/Drivers/STM32F4xx_HAL_Driver/Src/stm32f4xx_hal_pcd.c.obj
                0x08001ec6                HAL_PCD_EP_Close
 .text.HAL_PCD_EP_Receive
                0x08001f36       0x4a CMakeFiles/3.USB_VCP.elf.dir/Drivers/STM32F4xx_HAL_Driver/Src/stm32f4xx_hal_pcd.c.obj
                0x08001f36                HAL_PCD_EP_Receive
 .text.HAL_PCD_EP_GetRxCount
                0x08001f80       0x12 CMakeFiles/3.USB_VCP.elf.dir/Drivers/STM32F4xx_HAL_Driver/Src/stm32f4xx_hal_pcd.c.obj
                0x08001f80                HAL_PCD_EP_GetRxCount
 .text.HAL_PCD_EP_Transmit
                0x08001f92       0x4a CMakeFiles/3.USB_VCP.elf.dir/Drivers/STM32F4xx_HAL_Driver/Src/stm32f4xx_hal_pcd.c.obj
                0x08001f92                HAL_PCD_EP_Transmit
 .text.HAL_PCD_EP_SetStall
                0x08001fdc       0x86 CMakeFiles/3.USB_VCP.elf.dir/Drivers/STM32F4xx_HAL_Driver/Src/stm32f4xx_hal_pcd.c.obj
                0x08001fdc                HAL_PCD_EP_SetStall
 .text.HAL_PCD_EP_ClrStall
                0x08002062       0x74 CMakeFiles/3.USB_VCP.elf.dir/Drivers/STM32F4xx_HAL_Driver/Src/stm32f4xx_hal_pcd.c.obj
                0x08002062                HAL_PCD_EP_ClrStall
 .text.HAL_PCD_EP_Abort
                0x080020d6       0x34 CMakeFiles/3.USB_VCP.elf.dir/Drivers/STM32F4xx_HAL_Driver/Src/stm32f4xx_hal_pcd.c.obj
                0x080020d6                HAL_PCD_EP_Abort
 .text.HAL_PCD_IRQHandler
                0x0800210a      0x5bc CMakeFiles/3.USB_VCP.elf.dir/Drivers/STM32F4xx_HAL_Driver/Src/stm32f4xx_hal_pcd.c.obj
                0x0800210a                HAL_PCD_IRQHandler
 .text.HAL_PCDEx_SetTxFiFo
                0x080026c6       0x4c CMakeFiles/3.USB_VCP.elf.dir/Drivers/STM32F4xx_HAL_Driver/Src/stm32f4xx_hal_pcd_ex.c.obj
                0x080026c6                HAL_PCDEx_SetTxFiFo
 .text.HAL_PCDEx_SetRxFiFo
                0x08002712        0x8 CMakeFiles/3.USB_VCP.elf.dir/Drivers/STM32F4xx_HAL_Driver/Src/stm32f4xx_hal_pcd_ex.c.obj
                0x08002712                HAL_PCDEx_SetRxFiFo
 .text.HAL_PCDEx_LPM_Callback
                0x0800271a        0x2 CMakeFiles/3.USB_VCP.elf.dir/Drivers/STM32F4xx_HAL_Driver/Src/stm32f4xx_hal_pcd_ex.c.obj
                0x0800271a                HAL_PCDEx_LPM_Callback
 .text.HAL_RCC_OscConfig
                0x0800271c      0x3f8 CMakeFiles/3.USB_VCP.elf.dir/Drivers/STM32F4xx_HAL_Driver/Src/stm32f4xx_hal_rcc.c.obj
                0x0800271c                HAL_RCC_OscConfig
 .text.HAL_RCC_GetSysClockFreq
                0x08002b14       0xa8 CMakeFiles/3.USB_VCP.elf.dir/Drivers/STM32F4xx_HAL_Driver/Src/stm32f4xx_hal_rcc.c.obj
                0x08002b14                HAL_RCC_GetSysClockFreq
 .text.HAL_RCC_ClockConfig
                0x08002bbc      0x160 CMakeFiles/3.USB_VCP.elf.dir/Drivers/STM32F4xx_HAL_Driver/Src/stm32f4xx_hal_rcc.c.obj
                0x08002bbc                HAL_RCC_ClockConfig
 .text.HAL_RCC_GetHCLKFreq
                0x08002d1c        0xc CMakeFiles/3.USB_VCP.elf.dir/Drivers/STM32F4xx_HAL_Driver/Src/stm32f4xx_hal_rcc.c.obj
                0x08002d1c                HAL_RCC_GetHCLKFreq
 .text.HAL_RCC_GetPCLK1Freq
                0x08002d28       0x20 CMakeFiles/3.USB_VCP.elf.dir/Drivers/STM32F4xx_HAL_Driver/Src/stm32f4xx_hal_rcc.c.obj
                0x08002d28                HAL_RCC_GetPCLK1Freq
 .text.HAL_RCC_GetClockConfig
                0x08002d48       0x3c CMakeFiles/3.USB_VCP.elf.dir/Drivers/STM32F4xx_HAL_Driver/Src/stm32f4xx_hal_rcc.c.obj
                0x08002d48                HAL_RCC_GetClockConfig
 .text.HAL_TIM_Base_MspInit
                0x08002d84        0x2 CMakeFiles/3.USB_VCP.elf.dir/Drivers/STM32F4xx_HAL_Driver/Src/stm32f4xx_hal_tim.c.obj
                0x08002d84                HAL_TIM_Base_MspInit
 *fill*         0x08002d86        0x2 
 .text.HAL_TIM_Base_Start_IT
                0x08002d88       0x88 CMakeFiles/3.USB_VCP.elf.dir/Drivers/STM32F4xx_HAL_Driver/Src/stm32f4xx_hal_tim.c.obj
                0x08002d88                HAL_TIM_Base_Start_IT
 .text.HAL_TIM_OC_DelayElapsedCallback
                0x08002e10        0x2 CMakeFiles/3.USB_VCP.elf.dir/Drivers/STM32F4xx_HAL_Driver/Src/stm32f4xx_hal_tim.c.obj
                0x08002e10                HAL_TIM_OC_DelayElapsedCallback
 .text.HAL_TIM_IC_CaptureCallback
                0x08002e12        0x2 CMakeFiles/3.USB_VCP.elf.dir/Drivers/STM32F4xx_HAL_Driver/Src/stm32f4xx_hal_tim.c.obj
                0x08002e12                HAL_TIM_IC_CaptureCallback
 .text.HAL_TIM_PWM_PulseFinishedCallback
                0x08002e14        0x2 CMakeFiles/3.USB_VCP.elf.dir/Drivers/STM32F4xx_HAL_Driver/Src/stm32f4xx_hal_tim.c.obj
                0x08002e14                HAL_TIM_PWM_PulseFinishedCallback
 .text.HAL_TIM_TriggerCallback
                0x08002e16        0x2 CMakeFiles/3.USB_VCP.elf.dir/Drivers/STM32F4xx_HAL_Driver/Src/stm32f4xx_hal_tim.c.obj
                0x08002e16                HAL_TIM_TriggerCallback
 .text.HAL_TIM_IRQHandler
                0x08002e18      0x15e CMakeFiles/3.USB_VCP.elf.dir/Drivers/STM32F4xx_HAL_Driver/Src/stm32f4xx_hal_tim.c.obj
                0x08002e18                HAL_TIM_IRQHandler
 *fill*         0x08002f76        0x2 
 .text.TIM_Base_SetConfig
                0x08002f78       0xd8 CMakeFiles/3.USB_VCP.elf.dir/Drivers/STM32F4xx_HAL_Driver/Src/stm32f4xx_hal_tim.c.obj
                0x08002f78                TIM_Base_SetConfig
 .text.HAL_TIM_Base_Init
                0x08003050       0x58 CMakeFiles/3.USB_VCP.elf.dir/Drivers/STM32F4xx_HAL_Driver/Src/stm32f4xx_hal_tim.c.obj
                0x08003050                HAL_TIM_Base_Init
 .text.HAL_TIMEx_CommutCallback
                0x080030a8        0x2 CMakeFiles/3.USB_VCP.elf.dir/Drivers/STM32F4xx_HAL_Driver/Src/stm32f4xx_hal_tim_ex.c.obj
                0x080030a8                HAL_TIMEx_CommutCallback
 .text.HAL_TIMEx_BreakCallback
                0x080030aa        0x2 CMakeFiles/3.USB_VCP.elf.dir/Drivers/STM32F4xx_HAL_Driver/Src/stm32f4xx_hal_tim_ex.c.obj
                0x080030aa                HAL_TIMEx_BreakCallback
 .text.USB_CoreReset
                0x080030ac       0x4a CMakeFiles/3.USB_VCP.elf.dir/Drivers/STM32F4xx_HAL_Driver/Src/stm32f4xx_ll_usb.c.obj
 .text.USB_CoreInit
                0x080030f6       0x92 CMakeFiles/3.USB_VCP.elf.dir/Drivers/STM32F4xx_HAL_Driver/Src/stm32f4xx_ll_usb.c.obj
                0x080030f6                USB_CoreInit
 .text.USB_SetTurnaroundTime
                0x08003188       0xe4 CMakeFiles/3.USB_VCP.elf.dir/Drivers/STM32F4xx_HAL_Driver/Src/stm32f4xx_ll_usb.c.obj
                0x08003188                USB_SetTurnaroundTime
 .text.USB_EnableGlobalInt
                0x0800326c        0xc CMakeFiles/3.USB_VCP.elf.dir/Drivers/STM32F4xx_HAL_Driver/Src/stm32f4xx_ll_usb.c.obj
                0x0800326c                USB_EnableGlobalInt
 .text.USB_DisableGlobalInt
                0x08003278        0xc CMakeFiles/3.USB_VCP.elf.dir/Drivers/STM32F4xx_HAL_Driver/Src/stm32f4xx_ll_usb.c.obj
                0x08003278                USB_DisableGlobalInt
 .text.USB_FlushTxFifo
                0x08003284       0x4a CMakeFiles/3.USB_VCP.elf.dir/Drivers/STM32F4xx_HAL_Driver/Src/stm32f4xx_ll_usb.c.obj
                0x08003284                USB_FlushTxFifo
 .text.USB_FlushRxFifo
                0x080032ce       0x46 CMakeFiles/3.USB_VCP.elf.dir/Drivers/STM32F4xx_HAL_Driver/Src/stm32f4xx_ll_usb.c.obj
                0x080032ce                USB_FlushRxFifo
 .text.USB_SetDevSpeed
                0x08003314        0xe CMakeFiles/3.USB_VCP.elf.dir/Drivers/STM32F4xx_HAL_Driver/Src/stm32f4xx_ll_usb.c.obj
                0x08003314                USB_SetDevSpeed
 *fill*         0x08003322        0x2 
 .text.USB_DevInit
                0x08003324      0x194 CMakeFiles/3.USB_VCP.elf.dir/Drivers/STM32F4xx_HAL_Driver/Src/stm32f4xx_ll_usb.c.obj
                0x08003324                USB_DevInit
 .text.USB_GetDevSpeed
                0x080034b8       0x22 CMakeFiles/3.USB_VCP.elf.dir/Drivers/STM32F4xx_HAL_Driver/Src/stm32f4xx_ll_usb.c.obj
                0x080034b8                USB_GetDevSpeed
 .text.USB_ActivateEndpoint
                0x080034da       0x9a CMakeFiles/3.USB_VCP.elf.dir/Drivers/STM32F4xx_HAL_Driver/Src/stm32f4xx_ll_usb.c.obj
                0x080034da                USB_ActivateEndpoint
 .text.USB_DeactivateEndpoint
                0x08003574       0xe0 CMakeFiles/3.USB_VCP.elf.dir/Drivers/STM32F4xx_HAL_Driver/Src/stm32f4xx_ll_usb.c.obj
                0x08003574                USB_DeactivateEndpoint
 .text.USB_EPStopXfer
                0x08003654       0xbe CMakeFiles/3.USB_VCP.elf.dir/Drivers/STM32F4xx_HAL_Driver/Src/stm32f4xx_ll_usb.c.obj
                0x08003654                USB_EPStopXfer
 .text.USB_WritePacket
                0x08003712       0x2e CMakeFiles/3.USB_VCP.elf.dir/Drivers/STM32F4xx_HAL_Driver/Src/stm32f4xx_ll_usb.c.obj
                0x08003712                USB_WritePacket
 .text.USB_EPStartXfer
                0x08003740      0x250 CMakeFiles/3.USB_VCP.elf.dir/Drivers/STM32F4xx_HAL_Driver/Src/stm32f4xx_ll_usb.c.obj
                0x08003740                USB_EPStartXfer
 .text.USB_ReadPacket
                0x08003990       0x46 CMakeFiles/3.USB_VCP.elf.dir/Drivers/STM32F4xx_HAL_Driver/Src/stm32f4xx_ll_usb.c.obj
                0x08003990                USB_ReadPacket
 .text.USB_EPSetStall
                0x080039d6       0x5a CMakeFiles/3.USB_VCP.elf.dir/Drivers/STM32F4xx_HAL_Driver/Src/stm32f4xx_ll_usb.c.obj
                0x080039d6                USB_EPSetStall
 .text.USB_EPClearStall
                0x08003a30       0x5c CMakeFiles/3.USB_VCP.elf.dir/Drivers/STM32F4xx_HAL_Driver/Src/stm32f4xx_ll_usb.c.obj
                0x08003a30                USB_EPClearStall
 .text.USB_SetDevAddress
                0x08003a8c       0x20 CMakeFiles/3.USB_VCP.elf.dir/Drivers/STM32F4xx_HAL_Driver/Src/stm32f4xx_ll_usb.c.obj
                0x08003a8c                USB_SetDevAddress
 .text.USB_DevConnect
                0x08003aac       0x1c CMakeFiles/3.USB_VCP.elf.dir/Drivers/STM32F4xx_HAL_Driver/Src/stm32f4xx_ll_usb.c.obj
                0x08003aac                USB_DevConnect
 .text.USB_DevDisconnect
                0x08003ac8       0x1c CMakeFiles/3.USB_VCP.elf.dir/Drivers/STM32F4xx_HAL_Driver/Src/stm32f4xx_ll_usb.c.obj
                0x08003ac8                USB_DevDisconnect
 .text.USB_ReadInterrupts
                0x08003ae4        0x8 CMakeFiles/3.USB_VCP.elf.dir/Drivers/STM32F4xx_HAL_Driver/Src/stm32f4xx_ll_usb.c.obj
                0x08003ae4                USB_ReadInterrupts
 .text.USB_ReadDevAllOutEpInterrupt
                0x08003aec       0x10 CMakeFiles/3.USB_VCP.elf.dir/Drivers/STM32F4xx_HAL_Driver/Src/stm32f4xx_ll_usb.c.obj
                0x08003aec                USB_ReadDevAllOutEpInterrupt
 .text.USB_ReadDevAllInEpInterrupt
                0x08003afc       0x10 CMakeFiles/3.USB_VCP.elf.dir/Drivers/STM32F4xx_HAL_Driver/Src/stm32f4xx_ll_usb.c.obj
                0x08003afc                USB_ReadDevAllInEpInterrupt
 .text.USB_ReadDevOutEPInterrupt
                0x08003b0c       0x12 CMakeFiles/3.USB_VCP.elf.dir/Drivers/STM32F4xx_HAL_Driver/Src/stm32f4xx_ll_usb.c.obj
                0x08003b0c                USB_ReadDevOutEPInterrupt
 .text.USB_ReadDevInEPInterrupt
                0x08003b1e       0x24 CMakeFiles/3.USB_VCP.elf.dir/Drivers/STM32F4xx_HAL_Driver/Src/stm32f4xx_ll_usb.c.obj
                0x08003b1e                USB_ReadDevInEPInterrupt
 .text.USB_GetMode
                0x08003b42        0x8 CMakeFiles/3.USB_VCP.elf.dir/Drivers/STM32F4xx_HAL_Driver/Src/stm32f4xx_ll_usb.c.obj
                0x08003b42                USB_GetMode
 .text.USB_SetCurrentMode
                0x08003b4a       0x62 CMakeFiles/3.USB_VCP.elf.dir/Drivers/STM32F4xx_HAL_Driver/Src/stm32f4xx_ll_usb.c.obj
                0x08003b4a                USB_SetCurrentMode
 .text.USB_ActivateSetup
                0x08003bac       0x20 CMakeFiles/3.USB_VCP.elf.dir/Drivers/STM32F4xx_HAL_Driver/Src/stm32f4xx_ll_usb.c.obj
                0x08003bac                USB_ActivateSetup
 .text.USB_EP0_OutStart
                0x08003bcc       0x60 CMakeFiles/3.USB_VCP.elf.dir/Drivers/STM32F4xx_HAL_Driver/Src/stm32f4xx_ll_usb.c.obj
                0x08003bcc                USB_EP0_OutStart
 .text.USBD_CDC_EP0_RxReady
                0x08003c2c       0x40 CMakeFiles/3.USB_VCP.elf.dir/Middlewares/ST/STM32_USB_Device_Library/Class/CDC/Src/usbd_cdc.c.obj
 .text.USBD_CDC_GetDeviceQualifierDescriptor
                0x08003c6c        0xc CMakeFiles/3.USB_VCP.elf.dir/Middlewares/ST/STM32_USB_Device_Library/Class/CDC/Src/usbd_cdc.c.obj
                0x08003c6c                USBD_CDC_GetDeviceQualifierDescriptor
 .text.USBD_CDC_GetOtherSpeedCfgDesc
                0x08003c78       0x48 CMakeFiles/3.USB_VCP.elf.dir/Middlewares/ST/STM32_USB_Device_Library/Class/CDC/Src/usbd_cdc.c.obj
 .text.USBD_CDC_GetFSCfgDesc
                0x08003cc0       0x48 CMakeFiles/3.USB_VCP.elf.dir/Middlewares/ST/STM32_USB_Device_Library/Class/CDC/Src/usbd_cdc.c.obj
 .text.USBD_CDC_GetHSCfgDesc
                0x08003d08       0x48 CMakeFiles/3.USB_VCP.elf.dir/Middlewares/ST/STM32_USB_Device_Library/Class/CDC/Src/usbd_cdc.c.obj
 .text.USBD_CDC_DataOut
                0x08003d50       0x38 CMakeFiles/3.USB_VCP.elf.dir/Middlewares/ST/STM32_USB_Device_Library/Class/CDC/Src/usbd_cdc.c.obj
 .text.USBD_CDC_DataIn
                0x08003d88       0x7c CMakeFiles/3.USB_VCP.elf.dir/Middlewares/ST/STM32_USB_Device_Library/Class/CDC/Src/usbd_cdc.c.obj
 .text.USBD_CDC_Setup
                0x08003e04      0x11a CMakeFiles/3.USB_VCP.elf.dir/Middlewares/ST/STM32_USB_Device_Library/Class/CDC/Src/usbd_cdc.c.obj
 .text.USBD_CDC_DeInit
                0x08003f1e       0x64 CMakeFiles/3.USB_VCP.elf.dir/Middlewares/ST/STM32_USB_Device_Library/Class/CDC/Src/usbd_cdc.c.obj
 .text.USBD_CDC_Init
                0x08003f82       0xee CMakeFiles/3.USB_VCP.elf.dir/Middlewares/ST/STM32_USB_Device_Library/Class/CDC/Src/usbd_cdc.c.obj
 .text.USBD_CDC_RegisterInterface
                0x08004070       0x16 CMakeFiles/3.USB_VCP.elf.dir/Middlewares/ST/STM32_USB_Device_Library/Class/CDC/Src/usbd_cdc.c.obj
                0x08004070                USBD_CDC_RegisterInterface
 .text.USBD_CDC_SetTxBuffer
                0x08004086       0x1c CMakeFiles/3.USB_VCP.elf.dir/Middlewares/ST/STM32_USB_Device_Library/Class/CDC/Src/usbd_cdc.c.obj
                0x08004086                USBD_CDC_SetTxBuffer
 .text.USBD_CDC_SetRxBuffer
                0x080040a2       0x18 CMakeFiles/3.USB_VCP.elf.dir/Middlewares/ST/STM32_USB_Device_Library/Class/CDC/Src/usbd_cdc.c.obj
                0x080040a2                USBD_CDC_SetRxBuffer
 .text.USBD_CDC_TransmitPacket
                0x080040ba       0x36 CMakeFiles/3.USB_VCP.elf.dir/Middlewares/ST/STM32_USB_Device_Library/Class/CDC/Src/usbd_cdc.c.obj
                0x080040ba                USBD_CDC_TransmitPacket
 .text.USBD_CDC_ReceivePacket
                0x080040f0       0x38 CMakeFiles/3.USB_VCP.elf.dir/Middlewares/ST/STM32_USB_Device_Library/Class/CDC/Src/usbd_cdc.c.obj
                0x080040f0                USBD_CDC_ReceivePacket
 .text.USBD_Init
                0x08004128       0x2e CMakeFiles/3.USB_VCP.elf.dir/Middlewares/ST/STM32_USB_Device_Library/Core/Src/usbd_core.c.obj
                0x08004128                USBD_Init
 .text.USBD_RegisterClass
                0x08004156       0x34 CMakeFiles/3.USB_VCP.elf.dir/Middlewares/ST/STM32_USB_Device_Library/Core/Src/usbd_core.c.obj
                0x08004156                USBD_RegisterClass
 .text.USBD_Start
                0x0800418a        0x8 CMakeFiles/3.USB_VCP.elf.dir/Middlewares/ST/STM32_USB_Device_Library/Core/Src/usbd_core.c.obj
                0x0800418a                USBD_Start
 .text.USBD_SetClassConfig
                0x08004192       0x12 CMakeFiles/3.USB_VCP.elf.dir/Middlewares/ST/STM32_USB_Device_Library/Core/Src/usbd_core.c.obj
                0x08004192                USBD_SetClassConfig
 .text.USBD_ClrClassConfig
                0x080041a4       0x12 CMakeFiles/3.USB_VCP.elf.dir/Middlewares/ST/STM32_USB_Device_Library/Core/Src/usbd_core.c.obj
                0x080041a4                USBD_ClrClassConfig
 .text.USBD_LL_SetupStage
                0x080041b6       0x58 CMakeFiles/3.USB_VCP.elf.dir/Middlewares/ST/STM32_USB_Device_Library/Core/Src/usbd_core.c.obj
                0x080041b6                USBD_LL_SetupStage
 .text.USBD_LL_Reset
                0x0800420e       0x64 CMakeFiles/3.USB_VCP.elf.dir/Middlewares/ST/STM32_USB_Device_Library/Core/Src/usbd_core.c.obj
                0x0800420e                USBD_LL_Reset
 .text.USBD_LL_SetSpeed
                0x08004272        0x6 CMakeFiles/3.USB_VCP.elf.dir/Middlewares/ST/STM32_USB_Device_Library/Core/Src/usbd_core.c.obj
                0x08004272                USBD_LL_SetSpeed
 .text.USBD_LL_Suspend
                0x08004278       0x1e CMakeFiles/3.USB_VCP.elf.dir/Middlewares/ST/STM32_USB_Device_Library/Core/Src/usbd_core.c.obj
                0x08004278                USBD_LL_Suspend
 .text.USBD_LL_Resume
                0x08004296       0x1a CMakeFiles/3.USB_VCP.elf.dir/Middlewares/ST/STM32_USB_Device_Library/Core/Src/usbd_core.c.obj
                0x08004296                USBD_LL_Resume
 .text.USBD_LL_SOF
                0x080042b0       0x22 CMakeFiles/3.USB_VCP.elf.dir/Middlewares/ST/STM32_USB_Device_Library/Core/Src/usbd_core.c.obj
                0x080042b0                USBD_LL_SOF
 .text.USBD_LL_IsoINIncomplete
                0x080042d2       0x2e CMakeFiles/3.USB_VCP.elf.dir/Middlewares/ST/STM32_USB_Device_Library/Core/Src/usbd_core.c.obj
                0x080042d2                USBD_LL_IsoINIncomplete
 .text.USBD_LL_IsoOUTIncomplete
                0x08004300       0x2e CMakeFiles/3.USB_VCP.elf.dir/Middlewares/ST/STM32_USB_Device_Library/Core/Src/usbd_core.c.obj
                0x08004300                USBD_LL_IsoOUTIncomplete
 .text.USBD_LL_DevConnected
                0x0800432e        0x4 CMakeFiles/3.USB_VCP.elf.dir/Middlewares/ST/STM32_USB_Device_Library/Core/Src/usbd_core.c.obj
                0x0800432e                USBD_LL_DevConnected
 .text.USBD_LL_DevDisconnected
                0x08004332       0x20 CMakeFiles/3.USB_VCP.elf.dir/Middlewares/ST/STM32_USB_Device_Library/Core/Src/usbd_core.c.obj
                0x08004332                USBD_LL_DevDisconnected
 .text.USBD_CoreFindIF
                0x08004352        0x4 CMakeFiles/3.USB_VCP.elf.dir/Middlewares/ST/STM32_USB_Device_Library/Core/Src/usbd_core.c.obj
                0x08004352                USBD_CoreFindIF
 .text.USBD_CoreFindEP
                0x08004356        0x4 CMakeFiles/3.USB_VCP.elf.dir/Middlewares/ST/STM32_USB_Device_Library/Core/Src/usbd_core.c.obj
                0x08004356                USBD_CoreFindEP
 .text.USBD_LL_DataOutStage
                0x0800435a       0xc6 CMakeFiles/3.USB_VCP.elf.dir/Middlewares/ST/STM32_USB_Device_Library/Core/Src/usbd_core.c.obj
                0x0800435a                USBD_LL_DataOutStage
 .text.USBD_LL_DataInStage
                0x08004420       0xd6 CMakeFiles/3.USB_VCP.elf.dir/Middlewares/ST/STM32_USB_Device_Library/Core/Src/usbd_core.c.obj
                0x08004420                USBD_LL_DataInStage
 .text.USBD_GetNextDesc
                0x080044f6        0xe CMakeFiles/3.USB_VCP.elf.dir/Middlewares/ST/STM32_USB_Device_Library/Core/Src/usbd_core.c.obj
                0x080044f6                USBD_GetNextDesc
 .text.USBD_GetEpDesc
                0x08004504       0x3e CMakeFiles/3.USB_VCP.elf.dir/Middlewares/ST/STM32_USB_Device_Library/Core/Src/usbd_core.c.obj
                0x08004504                USBD_GetEpDesc
 .text.USBD_GetLen
                0x08004542       0x14 CMakeFiles/3.USB_VCP.elf.dir/Middlewares/ST/STM32_USB_Device_Library/Core/Src/usbd_ctlreq.c.obj
 .text.USBD_ParseSetupRequest
                0x08004556       0x28 CMakeFiles/3.USB_VCP.elf.dir/Middlewares/ST/STM32_USB_Device_Library/Core/Src/usbd_ctlreq.c.obj
                0x08004556                USBD_ParseSetupRequest
 .text.USBD_CtlError
                0x0800457e       0x14 CMakeFiles/3.USB_VCP.elf.dir/Middlewares/ST/STM32_USB_Device_Library/Core/Src/usbd_ctlreq.c.obj
                0x0800457e                USBD_CtlError
 .text.USBD_GetDescriptor
                0x08004592      0x18a CMakeFiles/3.USB_VCP.elf.dir/Middlewares/ST/STM32_USB_Device_Library/Core/Src/usbd_ctlreq.c.obj
 .text.USBD_SetAddress
                0x0800471c       0x50 CMakeFiles/3.USB_VCP.elf.dir/Middlewares/ST/STM32_USB_Device_Library/Core/Src/usbd_ctlreq.c.obj
 .text.USBD_SetConfig
                0x0800476c       0xcc CMakeFiles/3.USB_VCP.elf.dir/Middlewares/ST/STM32_USB_Device_Library/Core/Src/usbd_ctlreq.c.obj
 .text.USBD_GetConfig
                0x08004838       0x40 CMakeFiles/3.USB_VCP.elf.dir/Middlewares/ST/STM32_USB_Device_Library/Core/Src/usbd_ctlreq.c.obj
 .text.USBD_GetStatus
                0x08004878       0x38 CMakeFiles/3.USB_VCP.elf.dir/Middlewares/ST/STM32_USB_Device_Library/Core/Src/usbd_ctlreq.c.obj
 .text.USBD_SetFeature
                0x080048b0       0x2a CMakeFiles/3.USB_VCP.elf.dir/Middlewares/ST/STM32_USB_Device_Library/Core/Src/usbd_ctlreq.c.obj
 .text.USBD_ClrFeature
                0x080048da       0x26 CMakeFiles/3.USB_VCP.elf.dir/Middlewares/ST/STM32_USB_Device_Library/Core/Src/usbd_ctlreq.c.obj
 .text.USBD_StdDevReq
                0x08004900       0x76 CMakeFiles/3.USB_VCP.elf.dir/Middlewares/ST/STM32_USB_Device_Library/Core/Src/usbd_ctlreq.c.obj
                0x08004900                USBD_StdDevReq
 .text.USBD_StdItfReq
                0x08004976       0x84 CMakeFiles/3.USB_VCP.elf.dir/Middlewares/ST/STM32_USB_Device_Library/Core/Src/usbd_ctlreq.c.obj
                0x08004976                USBD_StdItfReq
 .text.USBD_StdEPReq
                0x080049fa      0x230 CMakeFiles/3.USB_VCP.elf.dir/Middlewares/ST/STM32_USB_Device_Library/Core/Src/usbd_ctlreq.c.obj
                0x080049fa                USBD_StdEPReq
 .text.USBD_GetString
                0x08004c2a       0x46 CMakeFiles/3.USB_VCP.elf.dir/Middlewares/ST/STM32_USB_Device_Library/Core/Src/usbd_ctlreq.c.obj
                0x08004c2a                USBD_GetString
 .text.USBD_CtlSendData
                0x08004c70       0x1a CMakeFiles/3.USB_VCP.elf.dir/Middlewares/ST/STM32_USB_Device_Library/Core/Src/usbd_ioreq.c.obj
                0x08004c70                USBD_CtlSendData
 .text.USBD_CtlContinueSendData
                0x08004c8a       0x10 CMakeFiles/3.USB_VCP.elf.dir/Middlewares/ST/STM32_USB_Device_Library/Core/Src/usbd_ioreq.c.obj
                0x08004c8a                USBD_CtlContinueSendData
 .text.USBD_CtlPrepareRx
                0x08004c9a       0x1e CMakeFiles/3.USB_VCP.elf.dir/Middlewares/ST/STM32_USB_Device_Library/Core/Src/usbd_ioreq.c.obj
                0x08004c9a                USBD_CtlPrepareRx
 .text.USBD_CtlContinueRx
                0x08004cb8       0x10 CMakeFiles/3.USB_VCP.elf.dir/Middlewares/ST/STM32_USB_Device_Library/Core/Src/usbd_ioreq.c.obj
                0x08004cb8                USBD_CtlContinueRx
 .text.USBD_CtlSendStatus
                0x08004cc8       0x16 CMakeFiles/3.USB_VCP.elf.dir/Middlewares/ST/STM32_USB_Device_Library/Core/Src/usbd_ioreq.c.obj
                0x08004cc8                USBD_CtlSendStatus
 .text.USBD_CtlReceiveStatus
                0x08004cde       0x16 CMakeFiles/3.USB_VCP.elf.dir/Middlewares/ST/STM32_USB_Device_Library/Core/Src/usbd_ioreq.c.obj
                0x08004cde                USBD_CtlReceiveStatus
 .text.makeFreeRtosPriority
                0x08004cf4        0xc CMakeFiles/3.USB_VCP.elf.dir/Middlewares/Third_Party/FreeRTOS/Source/CMSIS_RTOS/cmsis_os.c.obj
 .text.osKernelStart
                0x08004d00        0xa CMakeFiles/3.USB_VCP.elf.dir/Middlewares/Third_Party/FreeRTOS/Source/CMSIS_RTOS/cmsis_os.c.obj
                0x08004d00                osKernelStart
 .text.osThreadCreate
                0x08004d0a       0x66 CMakeFiles/3.USB_VCP.elf.dir/Middlewares/Third_Party/FreeRTOS/Source/CMSIS_RTOS/cmsis_os.c.obj
                0x08004d0a                osThreadCreate
 .text.osDelay  0x08004d70        0xe CMakeFiles/3.USB_VCP.elf.dir/Middlewares/Third_Party/FreeRTOS/Source/CMSIS_RTOS/cmsis_os.c.obj
                0x08004d70                osDelay
 .text.vListInitialise
                0x08004d7e       0x16 CMakeFiles/3.USB_VCP.elf.dir/Middlewares/Third_Party/FreeRTOS/Source/list.c.obj
                0x08004d7e                vListInitialise
 .text.vListInitialiseItem
                0x08004d94        0x6 CMakeFiles/3.USB_VCP.elf.dir/Middlewares/Third_Party/FreeRTOS/Source/list.c.obj
                0x08004d94                vListInitialiseItem
 .text.vListInsertEnd
                0x08004d9a       0x16 CMakeFiles/3.USB_VCP.elf.dir/Middlewares/Third_Party/FreeRTOS/Source/list.c.obj
                0x08004d9a                vListInsertEnd
 .text.vListInsert
                0x08004db0       0x32 CMakeFiles/3.USB_VCP.elf.dir/Middlewares/Third_Party/FreeRTOS/Source/list.c.obj
                0x08004db0                vListInsert
 .text.uxListRemove
                0x08004de2       0x26 CMakeFiles/3.USB_VCP.elf.dir/Middlewares/Third_Party/FreeRTOS/Source/list.c.obj
                0x08004de2                uxListRemove
 .text.prvTaskExitError
                0x08004e08       0x40 CMakeFiles/3.USB_VCP.elf.dir/Middlewares/Third_Party/FreeRTOS/Source/portable/GCC/ARM_CM4F/port.c.obj
 .text.prvPortStartFirstTask
                0x08004e48       0x28 CMakeFiles/3.USB_VCP.elf.dir/Middlewares/Third_Party/FreeRTOS/Source/portable/GCC/ARM_CM4F/port.c.obj
 .text.vPortEnableVFP
                0x08004e70       0x14 CMakeFiles/3.USB_VCP.elf.dir/Middlewares/Third_Party/FreeRTOS/Source/portable/GCC/ARM_CM4F/port.c.obj
 .text.pxPortInitialiseStack
                0x08004e84       0x2c CMakeFiles/3.USB_VCP.elf.dir/Middlewares/Third_Party/FreeRTOS/Source/portable/GCC/ARM_CM4F/port.c.obj
                0x08004e84                pxPortInitialiseStack
 .text.SVC_Handler
                0x08004eb0       0x24 CMakeFiles/3.USB_VCP.elf.dir/Middlewares/Third_Party/FreeRTOS/Source/portable/GCC/ARM_CM4F/port.c.obj
                0x08004eb0                SVC_Handler
 .text.vPortEnterCritical
                0x08004ed4       0x44 CMakeFiles/3.USB_VCP.elf.dir/Middlewares/Third_Party/FreeRTOS/Source/portable/GCC/ARM_CM4F/port.c.obj
                0x08004ed4                vPortEnterCritical
 .text.vPortExitCritical
                0x08004f18       0x2c CMakeFiles/3.USB_VCP.elf.dir/Middlewares/Third_Party/FreeRTOS/Source/portable/GCC/ARM_CM4F/port.c.obj
                0x08004f18                vPortExitCritical
 *fill*         0x08004f44        0xc 
 .text.PendSV_Handler
                0x08004f50       0x64 CMakeFiles/3.USB_VCP.elf.dir/Middlewares/Third_Party/FreeRTOS/Source/portable/GCC/ARM_CM4F/port.c.obj
                0x08004f50                PendSV_Handler
 .text.SysTick_Handler
                0x08004fb4       0x2c CMakeFiles/3.USB_VCP.elf.dir/Middlewares/Third_Party/FreeRTOS/Source/portable/GCC/ARM_CM4F/port.c.obj
                0x08004fb4                SysTick_Handler
 .text.vPortSetupTimerInterrupt
                0x08004fe0       0x28 CMakeFiles/3.USB_VCP.elf.dir/Middlewares/Third_Party/FreeRTOS/Source/portable/GCC/ARM_CM4F/port.c.obj
                0x08004fe0                vPortSetupTimerInterrupt
 .text.xPortStartScheduler
                0x08005008      0x118 CMakeFiles/3.USB_VCP.elf.dir/Middlewares/Third_Party/FreeRTOS/Source/portable/GCC/ARM_CM4F/port.c.obj
                0x08005008                xPortStartScheduler
 .text.prvHeapInit
                0x08005120       0x64 CMakeFiles/3.USB_VCP.elf.dir/Middlewares/Third_Party/FreeRTOS/Source/portable/MemMang/heap_4.c.obj
 .text.prvInsertBlockIntoFreeList
                0x08005184       0x64 CMakeFiles/3.USB_VCP.elf.dir/Middlewares/Third_Party/FreeRTOS/Source/portable/MemMang/heap_4.c.obj
 .text.pvPortMalloc
                0x080051e8      0x104 CMakeFiles/3.USB_VCP.elf.dir/Middlewares/Third_Party/FreeRTOS/Source/portable/MemMang/heap_4.c.obj
                0x080051e8                pvPortMalloc
 .text.vPortFree
                0x080052ec       0x7c CMakeFiles/3.USB_VCP.elf.dir/Middlewares/Third_Party/FreeRTOS/Source/portable/MemMang/heap_4.c.obj
                0x080052ec                vPortFree
 .text.prvResetNextTaskUnblockTime
                0x08005368       0x2c CMakeFiles/3.USB_VCP.elf.dir/Middlewares/Third_Party/FreeRTOS/Source/tasks.c.obj
 .text.prvInitialiseNewTask
                0x08005394       0xfc CMakeFiles/3.USB_VCP.elf.dir/Middlewares/Third_Party/FreeRTOS/Source/tasks.c.obj
 .text.prvInitialiseTaskLists
                0x08005490       0x68 CMakeFiles/3.USB_VCP.elf.dir/Middlewares/Third_Party/FreeRTOS/Source/tasks.c.obj
 .text.prvAddNewTaskToReadyList
                0x080054f8       0xa8 CMakeFiles/3.USB_VCP.elf.dir/Middlewares/Third_Party/FreeRTOS/Source/tasks.c.obj
 .text.prvDeleteTCB
                0x080055a0       0x40 CMakeFiles/3.USB_VCP.elf.dir/Middlewares/Third_Party/FreeRTOS/Source/tasks.c.obj
 .text.prvCheckTasksWaitingTermination
                0x080055e0       0x4c CMakeFiles/3.USB_VCP.elf.dir/Middlewares/Third_Party/FreeRTOS/Source/tasks.c.obj
 .text.prvIdleTask
                0x0800562c       0x28 CMakeFiles/3.USB_VCP.elf.dir/Middlewares/Third_Party/FreeRTOS/Source/tasks.c.obj
 .text.prvAddCurrentTaskToDelayedList
                0x08005654       0x98 CMakeFiles/3.USB_VCP.elf.dir/Middlewares/Third_Party/FreeRTOS/Source/tasks.c.obj
 .text.xTaskCreateStatic
                0x080056ec       0x7a CMakeFiles/3.USB_VCP.elf.dir/Middlewares/Third_Party/FreeRTOS/Source/tasks.c.obj
                0x080056ec                xTaskCreateStatic
 .text.xTaskCreate
                0x08005766       0x66 CMakeFiles/3.USB_VCP.elf.dir/Middlewares/Third_Party/FreeRTOS/Source/tasks.c.obj
                0x08005766                xTaskCreate
 .text.vTaskStartScheduler
                0x080057cc       0x84 CMakeFiles/3.USB_VCP.elf.dir/Middlewares/Third_Party/FreeRTOS/Source/tasks.c.obj
                0x080057cc                vTaskStartScheduler
 .text.vTaskSuspendAll
                0x08005850       0x10 CMakeFiles/3.USB_VCP.elf.dir/Middlewares/Third_Party/FreeRTOS/Source/tasks.c.obj
                0x08005850                vTaskSuspendAll
 .text.xTaskIncrementTick
                0x08005860      0x118 CMakeFiles/3.USB_VCP.elf.dir/Middlewares/Third_Party/FreeRTOS/Source/tasks.c.obj
                0x08005860                xTaskIncrementTick
 .text.xTaskResumeAll
                0x08005978       0xf8 CMakeFiles/3.USB_VCP.elf.dir/Middlewares/Third_Party/FreeRTOS/Source/tasks.c.obj
                0x08005978                xTaskResumeAll
 .text.vTaskDelay
                0x08005a70       0x4c CMakeFiles/3.USB_VCP.elf.dir/Middlewares/Third_Party/FreeRTOS/Source/tasks.c.obj
                0x08005a70                vTaskDelay
 .text.vTaskSwitchContext
                0x08005abc       0xa4 CMakeFiles/3.USB_VCP.elf.dir/Middlewares/Third_Party/FreeRTOS/Source/tasks.c.obj
                0x08005abc                vTaskSwitchContext
 .text.MX_USB_DEVICE_Init
                0x08005b60       0x54 CMakeFiles/3.USB_VCP.elf.dir/USB_DEVICE/App/usb_device.c.obj
                0x08005b60                MX_USB_DEVICE_Init
 .text.CDC_DeInit_FS
                0x08005bb4        0x4 CMakeFiles/3.USB_VCP.elf.dir/USB_DEVICE/App/usbd_cdc_if.c.obj
 .text.CDC_Control_FS
                0x08005bb8        0x4 CMakeFiles/3.USB_VCP.elf.dir/USB_DEVICE/App/usbd_cdc_if.c.obj
 .text.CDC_TransmitCplt_FS
                0x08005bbc        0x4 CMakeFiles/3.USB_VCP.elf.dir/USB_DEVICE/App/usbd_cdc_if.c.obj
 .text.CDC_Receive_FS
                0x08005bc0       0x20 CMakeFiles/3.USB_VCP.elf.dir/USB_DEVICE/App/usbd_cdc_if.c.obj
 .text.CDC_Init_FS
                0x08005be0       0x28 CMakeFiles/3.USB_VCP.elf.dir/USB_DEVICE/App/usbd_cdc_if.c.obj
 .text.CDC_Transmit_FS
                0x08005c08       0x40 CMakeFiles/3.USB_VCP.elf.dir/USB_DEVICE/App/usbd_cdc_if.c.obj
                0x08005c08                CDC_Transmit_FS
 .text.USBD_FS_DeviceDescriptor
                0x08005c48        0xc CMakeFiles/3.USB_VCP.elf.dir/USB_DEVICE/App/usbd_desc.c.obj
                0x08005c48                USBD_FS_DeviceDescriptor
 .text.USBD_FS_LangIDStrDescriptor
                0x08005c54        0xc CMakeFiles/3.USB_VCP.elf.dir/USB_DEVICE/App/usbd_desc.c.obj
                0x08005c54                USBD_FS_LangIDStrDescriptor
 .text.IntToUnicode
                0x08005c60       0x46 CMakeFiles/3.USB_VCP.elf.dir/USB_DEVICE/App/usbd_desc.c.obj
 *fill*         0x08005ca6        0x2 
 .text.Get_SerialNum
                0x08005ca8       0x38 CMakeFiles/3.USB_VCP.elf.dir/USB_DEVICE/App/usbd_desc.c.obj
 .text.USBD_FS_SerialStrDescriptor
                0x08005ce0       0x14 CMakeFiles/3.USB_VCP.elf.dir/USB_DEVICE/App/usbd_desc.c.obj
                0x08005ce0                USBD_FS_SerialStrDescriptor
 .text.USBD_FS_ProductStrDescriptor
                0x08005cf4       0x24 CMakeFiles/3.USB_VCP.elf.dir/USB_DEVICE/App/usbd_desc.c.obj
                0x08005cf4                USBD_FS_ProductStrDescriptor
 .text.USBD_FS_ManufacturerStrDescriptor
                0x08005d18       0x1c CMakeFiles/3.USB_VCP.elf.dir/USB_DEVICE/App/usbd_desc.c.obj
                0x08005d18                USBD_FS_ManufacturerStrDescriptor
 .text.USBD_FS_ConfigStrDescriptor
                0x08005d34       0x24 CMakeFiles/3.USB_VCP.elf.dir/USB_DEVICE/App/usbd_desc.c.obj
                0x08005d34                USBD_FS_ConfigStrDescriptor
 .text.USBD_FS_InterfaceStrDescriptor
                0x08005d58       0x24 CMakeFiles/3.USB_VCP.elf.dir/USB_DEVICE/App/usbd_desc.c.obj
                0x08005d58                USBD_FS_InterfaceStrDescriptor
 .text.HAL_PCD_MspInit
                0x08005d7c       0xdc CMakeFiles/3.USB_VCP.elf.dir/USB_DEVICE/Target/usbd_conf.c.obj
                0x08005d7c                HAL_PCD_MspInit
 .text.HAL_PCD_SetupStageCallback
                0x08005e58       0x10 CMakeFiles/3.USB_VCP.elf.dir/USB_DEVICE/Target/usbd_conf.c.obj
                0x08005e58                HAL_PCD_SetupStageCallback
 .text.HAL_PCD_DataOutStageCallback
                0x08005e68       0x18 CMakeFiles/3.USB_VCP.elf.dir/USB_DEVICE/Target/usbd_conf.c.obj
                0x08005e68                HAL_PCD_DataOutStageCallback
 .text.HAL_PCD_DataInStageCallback
                0x08005e80       0x16 CMakeFiles/3.USB_VCP.elf.dir/USB_DEVICE/Target/usbd_conf.c.obj
                0x08005e80                HAL_PCD_DataInStageCallback
 .text.HAL_PCD_SOFCallback
                0x08005e96        0xc CMakeFiles/3.USB_VCP.elf.dir/USB_DEVICE/Target/usbd_conf.c.obj
                0x08005e96                HAL_PCD_SOFCallback
 .text.HAL_PCD_ResetCallback
                0x08005ea2       0x28 CMakeFiles/3.USB_VCP.elf.dir/USB_DEVICE/Target/usbd_conf.c.obj
                0x08005ea2                HAL_PCD_ResetCallback
 *fill*         0x08005eca        0x2 
 .text.HAL_PCD_SuspendCallback
                0x08005ecc       0x30 CMakeFiles/3.USB_VCP.elf.dir/USB_DEVICE/Target/usbd_conf.c.obj
                0x08005ecc                HAL_PCD_SuspendCallback
 .text.HAL_PCD_ResumeCallback
                0x08005efc        0xc CMakeFiles/3.USB_VCP.elf.dir/USB_DEVICE/Target/usbd_conf.c.obj
                0x08005efc                HAL_PCD_ResumeCallback
 .text.HAL_PCD_ISOOUTIncompleteCallback
                0x08005f08        0xc CMakeFiles/3.USB_VCP.elf.dir/USB_DEVICE/Target/usbd_conf.c.obj
                0x08005f08                HAL_PCD_ISOOUTIncompleteCallback
 .text.HAL_PCD_ISOINIncompleteCallback
                0x08005f14        0xc CMakeFiles/3.USB_VCP.elf.dir/USB_DEVICE/Target/usbd_conf.c.obj
                0x08005f14                HAL_PCD_ISOINIncompleteCallback
 .text.HAL_PCD_ConnectCallback
                0x08005f20        0xc CMakeFiles/3.USB_VCP.elf.dir/USB_DEVICE/Target/usbd_conf.c.obj
                0x08005f20                HAL_PCD_ConnectCallback
 .text.HAL_PCD_DisconnectCallback
                0x08005f2c        0xc CMakeFiles/3.USB_VCP.elf.dir/USB_DEVICE/Target/usbd_conf.c.obj
                0x08005f2c                HAL_PCD_DisconnectCallback
 .text.USBD_LL_Init
                0x08005f38       0x68 CMakeFiles/3.USB_VCP.elf.dir/USB_DEVICE/Target/usbd_conf.c.obj
                0x08005f38                USBD_LL_Init
 .text.USBD_LL_IsStallEP
                0x08005fa0       0x2c CMakeFiles/3.USB_VCP.elf.dir/USB_DEVICE/Target/usbd_conf.c.obj
                0x08005fa0                USBD_LL_IsStallEP
 .text.USBD_LL_GetRxDataSize
                0x08005fcc        0xc CMakeFiles/3.USB_VCP.elf.dir/USB_DEVICE/Target/usbd_conf.c.obj
                0x08005fcc                USBD_LL_GetRxDataSize
 .text.USBD_static_malloc
                0x08005fd8        0x8 CMakeFiles/3.USB_VCP.elf.dir/USB_DEVICE/Target/usbd_conf.c.obj
                0x08005fd8                USBD_static_malloc
 .text.USBD_static_free
                0x08005fe0        0x2 CMakeFiles/3.USB_VCP.elf.dir/USB_DEVICE/Target/usbd_conf.c.obj
                0x08005fe0                USBD_static_free
 .text.USBD_Get_USB_Status
                0x08005fe2       0x14 CMakeFiles/3.USB_VCP.elf.dir/USB_DEVICE/Target/usbd_conf.c.obj
                0x08005fe2                USBD_Get_USB_Status
 .text.USBD_LL_Start
                0x08005ff6       0x10 CMakeFiles/3.USB_VCP.elf.dir/USB_DEVICE/Target/usbd_conf.c.obj
                0x08005ff6                USBD_LL_Start
 .text.USBD_LL_OpenEP
                0x08006006       0x16 CMakeFiles/3.USB_VCP.elf.dir/USB_DEVICE/Target/usbd_conf.c.obj
                0x08006006                USBD_LL_OpenEP
 .text.USBD_LL_CloseEP
                0x0800601c       0x10 CMakeFiles/3.USB_VCP.elf.dir/USB_DEVICE/Target/usbd_conf.c.obj
                0x0800601c                USBD_LL_CloseEP
 .text.USBD_LL_StallEP
                0x0800602c       0x10 CMakeFiles/3.USB_VCP.elf.dir/USB_DEVICE/Target/usbd_conf.c.obj
                0x0800602c                USBD_LL_StallEP
 .text.USBD_LL_ClearStallEP
                0x0800603c       0x10 CMakeFiles/3.USB_VCP.elf.dir/USB_DEVICE/Target/usbd_conf.c.obj
                0x0800603c                USBD_LL_ClearStallEP
 .text.USBD_LL_SetUSBAddress
                0x0800604c       0x10 CMakeFiles/3.USB_VCP.elf.dir/USB_DEVICE/Target/usbd_conf.c.obj
                0x0800604c                USBD_LL_SetUSBAddress
 .text.USBD_LL_Transmit
                0x0800605c       0x10 CMakeFiles/3.USB_VCP.elf.dir/USB_DEVICE/Target/usbd_conf.c.obj
                0x0800605c                USBD_LL_Transmit
 .text.USBD_LL_PrepareReceive
                0x0800606c       0x10 CMakeFiles/3.USB_VCP.elf.dir/USB_DEVICE/Target/usbd_conf.c.obj
                0x0800606c                USBD_LL_PrepareReceive
 .text.cpp_main
                0x0800607c        0x0 CMakeFiles/3.USB_VCP.elf.dir/User_CPP/UserTask/Src/CPP_main.cpp.obj
                0x0800607c                cpp_main
 .text._ZN8USB_Data16CPP_USBData_InitEv
                0x0800607c       0x3e CMakeFiles/3.USB_VCP.elf.dir/User_CPP/UserTask/Src/USB_task.cpp.obj
                0x0800607c                USB_Data::CPP_USBData_Init()
 .text._ZN8USB_Data19CPP_USBData_ProcessEv
                0x080060ba       0x5a CMakeFiles/3.USB_VCP.elf.dir/User_CPP/UserTask/Src/USB_task.cpp.obj
                0x080060ba                USB_Data::CPP_USBData_Process()
 .text._ZN8USB_Data19CPP_USBData_GetDataEPhPm
                0x08006114       0x22 CMakeFiles/3.USB_VCP.elf.dir/User_CPP/UserTask/Src/USB_task.cpp.obj
                0x08006114                USB_Data::CPP_USBData_GetData(unsigned char*, unsigned long*)
 .text._ZN8USB_Data19CPP_USBData_SendMsgEcff
                0x08006136       0xd8 CMakeFiles/3.USB_VCP.elf.dir/User_CPP/UserTask/Src/USB_task.cpp.obj
                0x08006136                USB_Data::CPP_USBData_SendMsg(char, float, float)
 *fill*         0x0800620e        0x2 
 .text._Z12CPP_USB_Taskv
                0x08006210       0x34 CMakeFiles/3.USB_VCP.elf.dir/User_CPP/UserTask/Src/USB_task.cpp.obj
                0x08006210                CPP_USB_Task()
 .text.USB_Task
                0x08006244        0x6 CMakeFiles/3.USB_VCP.elf.dir/User_CPP/UserTask/Src/USB_task.cpp.obj
                0x08006244                USB_Task
 *fill*         0x0800624a        0x2 
 .text.USBData_GetData
                0x0800624c       0x14 CMakeFiles/3.USB_VCP.elf.dir/User_CPP/UserTask/Src/USB_task.cpp.obj
                0x0800624c                USBData_GetData
 .text.abort    0x08006260        0xe D:/Program Files/STM32CubeCLT_1.17.0/GNU-tools-for-STM32/bin/../lib/gcc/arm-none-eabi/12.3.1/../../../../arm-none-eabi/lib/thumb/v7e-m+fp/hard\libg.a(libc_a-abort.o)
                0x08006260                abort
 .text.memset   0x0800626e       0x10 D:/Program Files/STM32CubeCLT_1.17.0/GNU-tools-for-STM32/bin/../lib/gcc/arm-none-eabi/12.3.1/../../../../arm-none-eabi/lib/thumb/v7e-m+fp/hard\libg.a(libc_a-memset.o)
                0x0800626e                memset
 .text._raise_r
                0x0800627e       0x52 D:/Program Files/STM32CubeCLT_1.17.0/GNU-tools-for-STM32/bin/../lib/gcc/arm-none-eabi/12.3.1/../../../../arm-none-eabi/lib/thumb/v7e-m+fp/hard\libg.a(libc_a-signal.o)
                0x0800627e                _raise_r
 .text.raise    0x080062d0       0x10 D:/Program Files/STM32CubeCLT_1.17.0/GNU-tools-for-STM32/bin/../lib/gcc/arm-none-eabi/12.3.1/../../../../arm-none-eabi/lib/thumb/v7e-m+fp/hard\libg.a(libc_a-signal.o)
                0x080062d0                raise
 .text._reclaim_reent
                0x080062e0       0x58 D:/Program Files/STM32CubeCLT_1.17.0/GNU-tools-for-STM32/bin/../lib/gcc/arm-none-eabi/12.3.1/../../../../arm-none-eabi/lib/thumb/v7e-m+fp/hard\libg.a(libc_a-reent.o)
                0x080062e0                _reclaim_reent
 .text._kill_r  0x08006338       0x24 D:/Program Files/STM32CubeCLT_1.17.0/GNU-tools-for-STM32/bin/../lib/gcc/arm-none-eabi/12.3.1/../../../../arm-none-eabi/lib/thumb/v7e-m+fp/hard\libg.a(libc_a-signalr.o)
                0x08006338                _kill_r
 .text._getpid_r
                0x0800635c        0x4 D:/Program Files/STM32CubeCLT_1.17.0/GNU-tools-for-STM32/bin/../lib/gcc/arm-none-eabi/12.3.1/../../../../arm-none-eabi/lib/thumb/v7e-m+fp/hard\libg.a(libc_a-signalr.o)
                0x0800635c                _getpid_r
 .text.__errno  0x08006360        0xc D:/Program Files/STM32CubeCLT_1.17.0/GNU-tools-for-STM32/bin/../lib/gcc/arm-none-eabi/12.3.1/../../../../arm-none-eabi/lib/thumb/v7e-m+fp/hard\libg.a(libc_a-errno.o)
                0x08006360                __errno
 .text.__libc_init_array
                0x0800636c       0x48 D:/Program Files/STM32CubeCLT_1.17.0/GNU-tools-for-STM32/bin/../lib/gcc/arm-none-eabi/12.3.1/../../../../arm-none-eabi/lib/thumb/v7e-m+fp/hard\libg.a(libc_a-init.o)
                0x0800636c                __libc_init_array
 .text.__retarget_lock_acquire_recursive
                0x080063b4        0x2 D:/Program Files/STM32CubeCLT_1.17.0/GNU-tools-for-STM32/bin/../lib/gcc/arm-none-eabi/12.3.1/../../../../arm-none-eabi/lib/thumb/v7e-m+fp/hard\libg.a(libc_a-lock.o)
                0x080063b4                __retarget_lock_acquire_recursive
 .text.__retarget_lock_release_recursive
                0x080063b6        0x2 D:/Program Files/STM32CubeCLT_1.17.0/GNU-tools-for-STM32/bin/../lib/gcc/arm-none-eabi/12.3.1/../../../../arm-none-eabi/lib/thumb/v7e-m+fp/hard\libg.a(libc_a-lock.o)
                0x080063b6                __retarget_lock_release_recursive
 .text.memcpy   0x080063b8       0x1c D:/Program Files/STM32CubeCLT_1.17.0/GNU-tools-for-STM32/bin/../lib/gcc/arm-none-eabi/12.3.1/../../../../arm-none-eabi/lib/thumb/v7e-m+fp/hard\libg.a(libc_a-memcpy-stub.o)
                0x080063b8                memcpy
 .text.startup.register_fini
                0x080063d4       0x14 D:/Program Files/STM32CubeCLT_1.17.0/GNU-tools-for-STM32/bin/../lib/gcc/arm-none-eabi/12.3.1/../../../../arm-none-eabi/lib/thumb/v7e-m+fp/hard\libg.a(libc_a-__call_atexit.o)
 .text.atexit   0x080063e8        0xc D:/Program Files/STM32CubeCLT_1.17.0/GNU-tools-for-STM32/bin/../lib/gcc/arm-none-eabi/12.3.1/../../../../arm-none-eabi/lib/thumb/v7e-m+fp/hard\libg.a(libc_a-atexit.o)
                0x080063e8                atexit
 .text._malloc_trim_r
                0x080063f4       0xac D:/Program Files/STM32CubeCLT_1.17.0/GNU-tools-for-STM32/bin/../lib/gcc/arm-none-eabi/12.3.1/../../../../arm-none-eabi/lib/thumb/v7e-m+fp/hard\libg.a(libc_a-freer.o)
                0x080063f4                _malloc_trim_r
 .text._free_r  0x080064a0      0x180 D:/Program Files/STM32CubeCLT_1.17.0/GNU-tools-for-STM32/bin/../lib/gcc/arm-none-eabi/12.3.1/../../../../arm-none-eabi/lib/thumb/v7e-m+fp/hard\libg.a(libc_a-freer.o)
                0x080064a0                _free_r
 .text.__malloc_lock
                0x08006620        0xc D:/Program Files/STM32CubeCLT_1.17.0/GNU-tools-for-STM32/bin/../lib/gcc/arm-none-eabi/12.3.1/../../../../arm-none-eabi/lib/thumb/v7e-m+fp/hard\libg.a(libc_a-mlock.o)
                0x08006620                __malloc_lock
 .text.__malloc_unlock
                0x0800662c        0xc D:/Program Files/STM32CubeCLT_1.17.0/GNU-tools-for-STM32/bin/../lib/gcc/arm-none-eabi/12.3.1/../../../../arm-none-eabi/lib/thumb/v7e-m+fp/hard\libg.a(libc_a-mlock.o)
                0x0800662c                __malloc_unlock
 .text._sbrk_r  0x08006638       0x20 D:/Program Files/STM32CubeCLT_1.17.0/GNU-tools-for-STM32/bin/../lib/gcc/arm-none-eabi/12.3.1/../../../../arm-none-eabi/lib/thumb/v7e-m+fp/hard\libg.a(libc_a-sbrkr.o)
                0x08006638                _sbrk_r
 .text.__libc_fini_array
                0x08006658       0x28 D:/Program Files/STM32CubeCLT_1.17.0/GNU-tools-for-STM32/bin/../lib/gcc/arm-none-eabi/12.3.1/../../../../arm-none-eabi/lib/thumb/v7e-m+fp/hard\libg.a(libc_a-fini.o)
                0x08006658                __libc_fini_array
 .text.sysconf  0x08006680       0x18 D:/Program Files/STM32CubeCLT_1.17.0/GNU-tools-for-STM32/bin/../lib/gcc/arm-none-eabi/12.3.1/../../../../arm-none-eabi/lib/thumb/v7e-m+fp/hard\libg.a(libc_a-sysconf.o)
                0x08006680                sysconf
 .text.__register_exitproc
                0x08006698       0x80 D:/Program Files/STM32CubeCLT_1.17.0/GNU-tools-for-STM32/bin/../lib/gcc/arm-none-eabi/12.3.1/../../../../arm-none-eabi/lib/thumb/v7e-m+fp/hard\libg.a(libc_a-__atexit.o)
                0x08006698                __register_exitproc
 *(.glue_7)
 .glue_7        0x08006718        0x0 linker stubs
 *(.glue_7t)
 .glue_7t       0x08006718        0x0 linker stubs
 *(.eh_frame)
 .eh_frame      0x08006718        0x0 D:/Program Files/STM32CubeCLT_1.17.0/GNU-tools-for-STM32/bin/../lib/gcc/arm-none-eabi/12.3.1/thumb/v7e-m+fp/hard/crtbegin.o
 *(.init)
 .init          0x08006718        0x4 D:/Program Files/STM32CubeCLT_1.17.0/GNU-tools-for-STM32/bin/../lib/gcc/arm-none-eabi/12.3.1/thumb/v7e-m+fp/hard/crti.o
                0x08006718                _init
 .init          0x0800671c        0x8 D:/Program Files/STM32CubeCLT_1.17.0/GNU-tools-for-STM32/bin/../lib/gcc/arm-none-eabi/12.3.1/thumb/v7e-m+fp/hard/crtn.o
 *(.fini)
 .fini          0x08006724        0x4 D:/Program Files/STM32CubeCLT_1.17.0/GNU-tools-for-STM32/bin/../lib/gcc/arm-none-eabi/12.3.1/thumb/v7e-m+fp/hard/crti.o
                0x08006724                _fini
 .fini          0x08006728        0x8 D:/Program Files/STM32CubeCLT_1.17.0/GNU-tools-for-STM32/bin/../lib/gcc/arm-none-eabi/12.3.1/thumb/v7e-m+fp/hard/crtn.o
                0x08006730                        . = ALIGN (0x4)
                0x08006730                        _etext = .

.vfp11_veneer   0x08006730        0x0
 .vfp11_veneer  0x08006730        0x0 linker stubs

.v4_bx          0x08006730        0x0
 .v4_bx         0x08006730        0x0 linker stubs

.iplt           0x08006730        0x0
 .iplt          0x08006730        0x0 D:/Program Files/STM32CubeCLT_1.17.0/GNU-tools-for-STM32/bin/../lib/gcc/arm-none-eabi/12.3.1/thumb/v7e-m+fp/hard/crtbegin.o

.rodata         0x08006730       0xb8
                0x08006730                        . = ALIGN (0x4)
 *(.rodata)
 .rodata        0x08006730       0x38 CMakeFiles/3.USB_VCP.elf.dir/Core/Src/freertos.c.obj
 *(.rodata*)
 .rodata.str1.4
                0x08006768       0x18 CMakeFiles/3.USB_VCP.elf.dir/Core/Src/freertos.c.obj
 .rodata.APBPrescTable
                0x08006780        0x8 CMakeFiles/3.USB_VCP.elf.dir/Core/Src/system_stm32f4xx.c.obj
                0x08006780                APBPrescTable
 .rodata.AHBPrescTable
                0x08006788       0x10 CMakeFiles/3.USB_VCP.elf.dir/Core/Src/system_stm32f4xx.c.obj
                0x08006788                AHBPrescTable
 .rodata.vTaskStartScheduler.str1.4
                0x08006798        0x5 CMakeFiles/3.USB_VCP.elf.dir/Middlewares/Third_Party/FreeRTOS/Source/tasks.c.obj
 *fill*         0x0800679d        0x3 
 .rodata.USBD_FS_ProductStrDescriptor.str1.4
                0x080067a0       0x16 CMakeFiles/3.USB_VCP.elf.dir/USB_DEVICE/App/usbd_desc.c.obj
 *fill*         0x080067b6        0x2 
 .rodata.USBD_FS_ManufacturerStrDescriptor.str1.4
                0x080067b8       0x13 CMakeFiles/3.USB_VCP.elf.dir/USB_DEVICE/App/usbd_desc.c.obj
 *fill*         0x080067cb        0x1 
 .rodata.USBD_FS_ConfigStrDescriptor.str1.4
                0x080067cc        0xb CMakeFiles/3.USB_VCP.elf.dir/USB_DEVICE/App/usbd_desc.c.obj
 *fill*         0x080067d7        0x1 
 .rodata.USBD_FS_InterfaceStrDescriptor.str1.4
                0x080067d8        0xe CMakeFiles/3.USB_VCP.elf.dir/USB_DEVICE/App/usbd_desc.c.obj
                0x080067e8                        . = ALIGN (0x4)
 *fill*         0x080067e6        0x2 

.ARM.extab      0x080067e8       0x24
                0x080067e8                        . = ALIGN (0x4)
 *(.ARM.extab* .gnu.linkonce.armextab.*)
 .ARM.extab.text.USB_Task
                0x080067e8        0xc CMakeFiles/3.USB_VCP.elf.dir/User_CPP/UserTask/Src/USB_task.cpp.obj
 .ARM.extab     0x080067f4       0x18 D:/Program Files/STM32CubeCLT_1.17.0/GNU-tools-for-STM32/bin/../lib/gcc/arm-none-eabi/12.3.1/thumb/v7e-m+fp/hard\libgcc.a(pr-support.o)
                0x0800680c                        . = ALIGN (0x4)

.ARM            0x0800680c       0xd8
                0x0800680c                        . = ALIGN (0x4)
                0x0800680c                        __exidx_start = .
 *(.ARM.exidx*)
 .ARM.exidx     0x0800680c        0x8 D:/Program Files/STM32CubeCLT_1.17.0/GNU-tools-for-STM32/bin/../lib/gcc/arm-none-eabi/12.3.1/thumb/v7e-m+fp/hard\libgcc.a(_udivmoddi4.o)
 .ARM.exidx     0x08006814       0x78 D:/Program Files/STM32CubeCLT_1.17.0/GNU-tools-for-STM32/bin/../lib/gcc/arm-none-eabi/12.3.1/thumb/v7e-m+fp/hard\libgcc.a(unwind-arm.o)
                                 0xd8 (size before relaxing)
 .ARM.exidx     0x0800688c       0x38 D:/Program Files/STM32CubeCLT_1.17.0/GNU-tools-for-STM32/bin/../lib/gcc/arm-none-eabi/12.3.1/thumb/v7e-m+fp/hard\libgcc.a(pr-support.o)
 .ARM.exidx.text.cpp_main
                0x080068c4        0x0 CMakeFiles/3.USB_VCP.elf.dir/User_CPP/UserTask/Src/CPP_main.cpp.obj
                                  0x8 (size before relaxing)
 .ARM.exidx.text._ZN8USB_Data16CPP_USBData_InitEv
                0x080068c4        0x0 CMakeFiles/3.USB_VCP.elf.dir/User_CPP/UserTask/Src/USB_task.cpp.obj
                                  0x8 (size before relaxing)
 .ARM.exidx.text._ZN8USB_Data19CPP_USBData_ProcessEv
                0x080068c4        0x0 CMakeFiles/3.USB_VCP.elf.dir/User_CPP/UserTask/Src/USB_task.cpp.obj
                                  0x8 (size before relaxing)
 .ARM.exidx.text._ZN8USB_Data19CPP_USBData_GetDataEPhPm
                0x080068c4        0x0 CMakeFiles/3.USB_VCP.elf.dir/User_CPP/UserTask/Src/USB_task.cpp.obj
                                  0x8 (size before relaxing)
 .ARM.exidx.text._ZN8USB_Data19CPP_USBData_SendMsgEcff
                0x080068c4        0x8 CMakeFiles/3.USB_VCP.elf.dir/User_CPP/UserTask/Src/USB_task.cpp.obj
 .ARM.exidx.text._Z12CPP_USB_Taskv
                0x080068cc        0x8 CMakeFiles/3.USB_VCP.elf.dir/User_CPP/UserTask/Src/USB_task.cpp.obj
 .ARM.exidx.text.USB_Task
                0x080068d4        0x8 CMakeFiles/3.USB_VCP.elf.dir/User_CPP/UserTask/Src/USB_task.cpp.obj
 .ARM.exidx.text.USBData_GetData
                0x080068dc        0x8 CMakeFiles/3.USB_VCP.elf.dir/User_CPP/UserTask/Src/USB_task.cpp.obj
                0x080068e4                        __exidx_end = .
                0x080068e4                        . = ALIGN (0x4)

.preinit_array  0x080068e4        0x0
                0x080068e4                        . = ALIGN (0x4)
                0x080068e4                        PROVIDE (__preinit_array_start = .)
 *(.preinit_array*)
                0x080068e4                        PROVIDE (__preinit_array_end = .)
                0x080068e4                        . = ALIGN (0x4)

.init_array     0x080068e4        0x8
                0x080068e4                        . = ALIGN (0x4)
                0x080068e4                        PROVIDE (__init_array_start = .)
 *(SORT_BY_NAME(.init_array.*))
 .init_array.00000
                0x080068e4        0x4 D:/Program Files/STM32CubeCLT_1.17.0/GNU-tools-for-STM32/bin/../lib/gcc/arm-none-eabi/12.3.1/../../../../arm-none-eabi/lib/thumb/v7e-m+fp/hard\libg.a(libc_a-__call_atexit.o)
 *(.init_array*)
 .init_array    0x080068e8        0x4 D:/Program Files/STM32CubeCLT_1.17.0/GNU-tools-for-STM32/bin/../lib/gcc/arm-none-eabi/12.3.1/thumb/v7e-m+fp/hard/crtbegin.o
                0x080068ec                        PROVIDE (__init_array_end = .)
                0x080068ec                        . = ALIGN (0x4)

.fini_array     0x080068ec        0x4
                0x080068ec                        . = ALIGN (0x4)
                0x080068ec                        PROVIDE (__fini_array_start = .)
 *(SORT_BY_NAME(.fini_array.*))
 *(.fini_array*)
 .fini_array    0x080068ec        0x4 D:/Program Files/STM32CubeCLT_1.17.0/GNU-tools-for-STM32/bin/../lib/gcc/arm-none-eabi/12.3.1/thumb/v7e-m+fp/hard/crtbegin.o
                0x080068f0                        PROVIDE (__fini_array_end = .)
                0x080068f0                        . = ALIGN (0x4)
                0x080068f0                        _sidata = LOADADDR (.data)

.rel.dyn        0x080068f0        0x0
 .rel.iplt      0x080068f0        0x0 D:/Program Files/STM32CubeCLT_1.17.0/GNU-tools-for-STM32/bin/../lib/gcc/arm-none-eabi/12.3.1/thumb/v7e-m+fp/hard/crtbegin.o

.data           0x20000000      0x634 load address 0x080068f0
                0x20000000                        . = ALIGN (0x4)
                0x20000000                        _sdata = .
 *(.data)
 *(.data*)
 .data.SystemCoreClock
                0x20000000        0x4 CMakeFiles/3.USB_VCP.elf.dir/Core/Src/system_stm32f4xx.c.obj
                0x20000000                SystemCoreClock
 .data.uwTickFreq
                0x20000004        0x1 CMakeFiles/3.USB_VCP.elf.dir/Drivers/STM32F4xx_HAL_Driver/Src/stm32f4xx_hal.c.obj
                0x20000004                uwTickFreq
 *fill*         0x20000005        0x3 
 .data.uwTickPrio
                0x20000008        0x4 CMakeFiles/3.USB_VCP.elf.dir/Drivers/STM32F4xx_HAL_Driver/Src/stm32f4xx_hal.c.obj
                0x20000008                uwTickPrio
 .data.USBD_CDC_CfgDesc
                0x2000000c       0x43 CMakeFiles/3.USB_VCP.elf.dir/Middlewares/ST/STM32_USB_Device_Library/Class/CDC/Src/usbd_cdc.c.obj
 *fill*         0x2000004f        0x1 
 .data.USBD_CDC
                0x20000050       0x38 CMakeFiles/3.USB_VCP.elf.dir/Middlewares/ST/STM32_USB_Device_Library/Class/CDC/Src/usbd_cdc.c.obj
                0x20000050                USBD_CDC
 .data.USBD_CDC_DeviceQualifierDesc
                0x20000088        0xa CMakeFiles/3.USB_VCP.elf.dir/Middlewares/ST/STM32_USB_Device_Library/Class/CDC/Src/usbd_cdc.c.obj
 *fill*         0x20000092        0x2 
 .data.uxCriticalNesting
                0x20000094        0x4 CMakeFiles/3.USB_VCP.elf.dir/Middlewares/Third_Party/FreeRTOS/Source/portable/GCC/ARM_CM4F/port.c.obj
 .data.USBD_Interface_fops_FS
                0x20000098       0x14 CMakeFiles/3.USB_VCP.elf.dir/USB_DEVICE/App/usbd_cdc_if.c.obj
                0x20000098                USBD_Interface_fops_FS
 .data.USBD_StringSerial
                0x200000ac       0x1a CMakeFiles/3.USB_VCP.elf.dir/USB_DEVICE/App/usbd_desc.c.obj
                0x200000ac                USBD_StringSerial
 *fill*         0x200000c6        0x2 
 .data.USBD_LangIDDesc
                0x200000c8        0x4 CMakeFiles/3.USB_VCP.elf.dir/USB_DEVICE/App/usbd_desc.c.obj
                0x200000c8                USBD_LangIDDesc
 .data.USBD_FS_DeviceDesc
                0x200000cc       0x12 CMakeFiles/3.USB_VCP.elf.dir/USB_DEVICE/App/usbd_desc.c.obj
                0x200000cc                USBD_FS_DeviceDesc
 *fill*         0x200000de        0x2 
 .data.FS_Desc  0x200000e0       0x1c CMakeFiles/3.USB_VCP.elf.dir/USB_DEVICE/App/usbd_desc.c.obj
                0x200000e0                FS_Desc
 .data._impure_ptr
                0x200000fc        0x4 D:/Program Files/STM32CubeCLT_1.17.0/GNU-tools-for-STM32/bin/../lib/gcc/arm-none-eabi/12.3.1/../../../../arm-none-eabi/lib/thumb/v7e-m+fp/hard\libg.a(libc_a-impure.o)
                0x200000fc                _impure_ptr
 .data._impure_data
                0x20000100      0x120 D:/Program Files/STM32CubeCLT_1.17.0/GNU-tools-for-STM32/bin/../lib/gcc/arm-none-eabi/12.3.1/../../../../arm-none-eabi/lib/thumb/v7e-m+fp/hard\libg.a(libc_a-impure.o)
                0x20000100                _impure_data
 .data.__atexit_recursive_mutex
                0x20000220        0x4 D:/Program Files/STM32CubeCLT_1.17.0/GNU-tools-for-STM32/bin/../lib/gcc/arm-none-eabi/12.3.1/../../../../arm-none-eabi/lib/thumb/v7e-m+fp/hard\libg.a(libc_a-__call_atexit.o)
                0x20000220                __atexit_recursive_mutex
 .data.__malloc_sbrk_base
                0x20000224        0x4 D:/Program Files/STM32CubeCLT_1.17.0/GNU-tools-for-STM32/bin/../lib/gcc/arm-none-eabi/12.3.1/../../../../arm-none-eabi/lib/thumb/v7e-m+fp/hard\libg.a(libc_a-mallocr.o)
                0x20000224                __malloc_sbrk_base
 .data.__malloc_trim_threshold
                0x20000228        0x4 D:/Program Files/STM32CubeCLT_1.17.0/GNU-tools-for-STM32/bin/../lib/gcc/arm-none-eabi/12.3.1/../../../../arm-none-eabi/lib/thumb/v7e-m+fp/hard\libg.a(libc_a-mallocr.o)
                0x20000228                __malloc_trim_threshold
 .data.__malloc_av_
                0x2000022c      0x408 D:/Program Files/STM32CubeCLT_1.17.0/GNU-tools-for-STM32/bin/../lib/gcc/arm-none-eabi/12.3.1/../../../../arm-none-eabi/lib/thumb/v7e-m+fp/hard\libg.a(libc_a-mallocr.o)
                0x2000022c                __malloc_av_
 *(.RamFunc)
 *(.RamFunc*)
                0x20000634                        . = ALIGN (0x4)
                0x20000634                        _edata = .
                0x08006f24                        _siccmram = LOADADDR (.ccmram)

.igot.plt       0x20000634        0x0 load address 0x08006f24
 .igot.plt      0x20000634        0x0 D:/Program Files/STM32CubeCLT_1.17.0/GNU-tools-for-STM32/bin/../lib/gcc/arm-none-eabi/12.3.1/thumb/v7e-m+fp/hard/crtbegin.o

.ccmram         0x10000000        0x0 load address 0x08006f24
                0x10000000                        . = ALIGN (0x4)
                0x10000000                        _sccmram = .
 *(.ccmram)
 *(.ccmram*)
                0x10000000                        . = ALIGN (0x4)
                0x10000000                        _eccmram = .
                0x10000000                        . = ALIGN (0x4)

.bss            0x20000638     0x60cc
                0x20000638                        _sbss = .
                0x20000638                        __bss_start__ = _sbss
 *(.bss)
 .bss           0x20000638       0x1c D:/Program Files/STM32CubeCLT_1.17.0/GNU-tools-for-STM32/bin/../lib/gcc/arm-none-eabi/12.3.1/thumb/v7e-m+fp/hard/crtbegin.o
 *(.bss*)
 .bss.xIdleStack
                0x20000654      0x200 CMakeFiles/3.USB_VCP.elf.dir/Core/Src/freertos.c.obj
 *fill*         0x20000854        0x4 
 .bss.xIdleTaskTCBBuffer
                0x20000858      0x178 CMakeFiles/3.USB_VCP.elf.dir/Core/Src/freertos.c.obj
 .bss.USB_taskHandle
                0x200009d0        0x4 CMakeFiles/3.USB_VCP.elf.dir/Core/Src/freertos.c.obj
                0x200009d0                USB_taskHandle
 .bss.defaultTaskHandle
                0x200009d4        0x4 CMakeFiles/3.USB_VCP.elf.dir/Core/Src/freertos.c.obj
                0x200009d4                defaultTaskHandle
 .bss.htim14    0x200009d8       0x48 CMakeFiles/3.USB_VCP.elf.dir/Core/Src/stm32f4xx_hal_timebase_tim.c.obj
                0x200009d8                htim14
 .bss.__sbrk_heap_end
                0x20000a20        0x4 CMakeFiles/3.USB_VCP.elf.dir/Core/Src/sysmem.c.obj
 .bss.uwTick    0x20000a24        0x4 CMakeFiles/3.USB_VCP.elf.dir/Drivers/STM32F4xx_HAL_Driver/Src/stm32f4xx_hal.c.obj
                0x20000a24                uwTick
 .bss.cfgidx.0  0x20000a28        0x1 CMakeFiles/3.USB_VCP.elf.dir/Middlewares/ST/STM32_USB_Device_Library/Core/Src/usbd_ctlreq.c.obj
 *fill*         0x20000a29        0x3 
 .bss.ulMaxPRIGROUPValue
                0x20000a2c        0x4 CMakeFiles/3.USB_VCP.elf.dir/Middlewares/Third_Party/FreeRTOS/Source/portable/GCC/ARM_CM4F/port.c.obj
 .bss.ucMaxSysCallPriority
                0x20000a30        0x1 CMakeFiles/3.USB_VCP.elf.dir/Middlewares/Third_Party/FreeRTOS/Source/portable/GCC/ARM_CM4F/port.c.obj
 *fill*         0x20000a31        0x3 
 .bss.xBlockAllocatedBit
                0x20000a34        0x4 CMakeFiles/3.USB_VCP.elf.dir/Middlewares/Third_Party/FreeRTOS/Source/portable/MemMang/heap_4.c.obj
 .bss.xNumberOfSuccessfulFrees
                0x20000a38        0x4 CMakeFiles/3.USB_VCP.elf.dir/Middlewares/Third_Party/FreeRTOS/Source/portable/MemMang/heap_4.c.obj
 .bss.xNumberOfSuccessfulAllocations
                0x20000a3c        0x4 CMakeFiles/3.USB_VCP.elf.dir/Middlewares/Third_Party/FreeRTOS/Source/portable/MemMang/heap_4.c.obj
 .bss.xMinimumEverFreeBytesRemaining
                0x20000a40        0x4 CMakeFiles/3.USB_VCP.elf.dir/Middlewares/Third_Party/FreeRTOS/Source/portable/MemMang/heap_4.c.obj
 .bss.xFreeBytesRemaining
                0x20000a44        0x4 CMakeFiles/3.USB_VCP.elf.dir/Middlewares/Third_Party/FreeRTOS/Source/portable/MemMang/heap_4.c.obj
 .bss.pxEnd     0x20000a48        0x4 CMakeFiles/3.USB_VCP.elf.dir/Middlewares/Third_Party/FreeRTOS/Source/portable/MemMang/heap_4.c.obj
 .bss.xStart    0x20000a4c        0x8 CMakeFiles/3.USB_VCP.elf.dir/Middlewares/Third_Party/FreeRTOS/Source/portable/MemMang/heap_4.c.obj
 .bss.ucHeap    0x20000a54     0x3c00 CMakeFiles/3.USB_VCP.elf.dir/Middlewares/Third_Party/FreeRTOS/Source/portable/MemMang/heap_4.c.obj
 .bss.uxSchedulerSuspended
                0x20004654        0x4 CMakeFiles/3.USB_VCP.elf.dir/Middlewares/Third_Party/FreeRTOS/Source/tasks.c.obj
 .bss.xIdleTaskHandle
                0x20004658        0x4 CMakeFiles/3.USB_VCP.elf.dir/Middlewares/Third_Party/FreeRTOS/Source/tasks.c.obj
 .bss.xNextTaskUnblockTime
                0x2000465c        0x4 CMakeFiles/3.USB_VCP.elf.dir/Middlewares/Third_Party/FreeRTOS/Source/tasks.c.obj
 .bss.uxTaskNumber
                0x20004660        0x4 CMakeFiles/3.USB_VCP.elf.dir/Middlewares/Third_Party/FreeRTOS/Source/tasks.c.obj
 .bss.xNumOfOverflows
                0x20004664        0x4 CMakeFiles/3.USB_VCP.elf.dir/Middlewares/Third_Party/FreeRTOS/Source/tasks.c.obj
 .bss.xYieldPending
                0x20004668        0x4 CMakeFiles/3.USB_VCP.elf.dir/Middlewares/Third_Party/FreeRTOS/Source/tasks.c.obj
 .bss.xPendedTicks
                0x2000466c        0x4 CMakeFiles/3.USB_VCP.elf.dir/Middlewares/Third_Party/FreeRTOS/Source/tasks.c.obj
 .bss.xSchedulerRunning
                0x20004670        0x4 CMakeFiles/3.USB_VCP.elf.dir/Middlewares/Third_Party/FreeRTOS/Source/tasks.c.obj
 .bss.uxTopReadyPriority
                0x20004674        0x4 CMakeFiles/3.USB_VCP.elf.dir/Middlewares/Third_Party/FreeRTOS/Source/tasks.c.obj
 .bss.xTickCount
                0x20004678        0x4 CMakeFiles/3.USB_VCP.elf.dir/Middlewares/Third_Party/FreeRTOS/Source/tasks.c.obj
 .bss.uxCurrentNumberOfTasks
                0x2000467c        0x4 CMakeFiles/3.USB_VCP.elf.dir/Middlewares/Third_Party/FreeRTOS/Source/tasks.c.obj
 .bss.xSuspendedTaskList
                0x20004680       0x14 CMakeFiles/3.USB_VCP.elf.dir/Middlewares/Third_Party/FreeRTOS/Source/tasks.c.obj
 .bss.uxDeletedTasksWaitingCleanUp
                0x20004694        0x4 CMakeFiles/3.USB_VCP.elf.dir/Middlewares/Third_Party/FreeRTOS/Source/tasks.c.obj
 .bss.xTasksWaitingTermination
                0x20004698       0x14 CMakeFiles/3.USB_VCP.elf.dir/Middlewares/Third_Party/FreeRTOS/Source/tasks.c.obj
 .bss.xPendingReadyList
                0x200046ac       0x14 CMakeFiles/3.USB_VCP.elf.dir/Middlewares/Third_Party/FreeRTOS/Source/tasks.c.obj
 .bss.pxOverflowDelayedTaskList
                0x200046c0        0x4 CMakeFiles/3.USB_VCP.elf.dir/Middlewares/Third_Party/FreeRTOS/Source/tasks.c.obj
 .bss.pxDelayedTaskList
                0x200046c4        0x4 CMakeFiles/3.USB_VCP.elf.dir/Middlewares/Third_Party/FreeRTOS/Source/tasks.c.obj
 .bss.xDelayedTaskList2
                0x200046c8       0x14 CMakeFiles/3.USB_VCP.elf.dir/Middlewares/Third_Party/FreeRTOS/Source/tasks.c.obj
 .bss.xDelayedTaskList1
                0x200046dc       0x14 CMakeFiles/3.USB_VCP.elf.dir/Middlewares/Third_Party/FreeRTOS/Source/tasks.c.obj
 .bss.pxReadyTasksLists
                0x200046f0       0x8c CMakeFiles/3.USB_VCP.elf.dir/Middlewares/Third_Party/FreeRTOS/Source/tasks.c.obj
 .bss.pxCurrentTCB
                0x2000477c        0x4 CMakeFiles/3.USB_VCP.elf.dir/Middlewares/Third_Party/FreeRTOS/Source/tasks.c.obj
                0x2000477c                pxCurrentTCB
 .bss.hUsbDeviceFS
                0x20004780      0x2dc CMakeFiles/3.USB_VCP.elf.dir/USB_DEVICE/App/usb_device.c.obj
                0x20004780                hUsbDeviceFS
 .bss.UserTxBufferFS
                0x20004a5c      0x800 CMakeFiles/3.USB_VCP.elf.dir/USB_DEVICE/App/usbd_cdc_if.c.obj
                0x20004a5c                UserTxBufferFS
 .bss.UserRxBufferFS
                0x2000525c      0x800 CMakeFiles/3.USB_VCP.elf.dir/USB_DEVICE/App/usbd_cdc_if.c.obj
                0x2000525c                UserRxBufferFS
 .bss.USBD_StrDesc
                0x20005a5c      0x200 CMakeFiles/3.USB_VCP.elf.dir/USB_DEVICE/App/usbd_desc.c.obj
                0x20005a5c                USBD_StrDesc
 .bss.mem.0     0x20005c5c      0x220 CMakeFiles/3.USB_VCP.elf.dir/USB_DEVICE/Target/usbd_conf.c.obj
 .bss.hpcd_USB_OTG_FS
                0x20005e7c      0x4e4 CMakeFiles/3.USB_VCP.elf.dir/USB_DEVICE/Target/usbd_conf.c.obj
                0x20005e7c                hpcd_USB_OTG_FS
 .bss.USB_Data1
                0x20006360       0xa4 CMakeFiles/3.USB_VCP.elf.dir/User_CPP/UserTask/Src/USB_task.cpp.obj
                0x20006360                USB_Data1
 .bss.__sf      0x20006404      0x138 D:/Program Files/STM32CubeCLT_1.17.0/GNU-tools-for-STM32/bin/../lib/gcc/arm-none-eabi/12.3.1/../../../../arm-none-eabi/lib/thumb/v7e-m+fp/hard\libg.a(libc_a-findfp.o)
                0x20006404                __sf
 .bss.errno     0x2000653c        0x4 D:/Program Files/STM32CubeCLT_1.17.0/GNU-tools-for-STM32/bin/../lib/gcc/arm-none-eabi/12.3.1/../../../../arm-none-eabi/lib/thumb/v7e-m+fp/hard\libg.a(libc_a-reent.o)
                0x2000653c                errno
 .bss.__lock___malloc_recursive_mutex
                0x20006540        0x1 D:/Program Files/STM32CubeCLT_1.17.0/GNU-tools-for-STM32/bin/../lib/gcc/arm-none-eabi/12.3.1/../../../../arm-none-eabi/lib/thumb/v7e-m+fp/hard\libg.a(libc_a-lock.o)
                0x20006540                __lock___malloc_recursive_mutex
 .bss.__lock___atexit_recursive_mutex
                0x20006541        0x1 D:/Program Files/STM32CubeCLT_1.17.0/GNU-tools-for-STM32/bin/../lib/gcc/arm-none-eabi/12.3.1/../../../../arm-none-eabi/lib/thumb/v7e-m+fp/hard\libg.a(libc_a-lock.o)
                0x20006541                __lock___atexit_recursive_mutex
 *fill*         0x20006542        0x2 
 .bss.__atexit  0x20006544        0x4 D:/Program Files/STM32CubeCLT_1.17.0/GNU-tools-for-STM32/bin/../lib/gcc/arm-none-eabi/12.3.1/../../../../arm-none-eabi/lib/thumb/v7e-m+fp/hard\libg.a(libc_a-__call_atexit.o)
                0x20006544                __atexit
 .bss.__malloc_current_mallinfo
                0x20006548       0x28 D:/Program Files/STM32CubeCLT_1.17.0/GNU-tools-for-STM32/bin/../lib/gcc/arm-none-eabi/12.3.1/../../../../arm-none-eabi/lib/thumb/v7e-m+fp/hard\libg.a(libc_a-mallocr.o)
                0x20006548                __malloc_current_mallinfo
 .bss.__malloc_top_pad
                0x20006570        0x4 D:/Program Files/STM32CubeCLT_1.17.0/GNU-tools-for-STM32/bin/../lib/gcc/arm-none-eabi/12.3.1/../../../../arm-none-eabi/lib/thumb/v7e-m+fp/hard\libg.a(libc_a-mallocr.o)
                0x20006570                __malloc_top_pad
 .bss.__atexit0
                0x20006574      0x190 D:/Program Files/STM32CubeCLT_1.17.0/GNU-tools-for-STM32/bin/../lib/gcc/arm-none-eabi/12.3.1/../../../../arm-none-eabi/lib/thumb/v7e-m+fp/hard\libg.a(libc_a-__atexit.o)
                0x20006574                __atexit0
 *(COMMON)
                0x20006704                        . = ALIGN (0x4)
                0x20006704                        _ebss = .
                0x20006704                        __bss_end__ = _ebss

._user_heap_stack
                0x20006704     0x2404
                0x20006708                        . = ALIGN (0x8)
 *fill*         0x20006704        0x4 
                [!provide]                        PROVIDE (end = .)
                0x20006708                        PROVIDE (_end = .)
                0x20006b08                        . = (. + _Min_Heap_Size)
 *fill*         0x20006708      0x400 
                0x20008b08                        . = (. + _Min_Stack_Size)
 *fill*         0x20006b08     0x2000 
                0x20008b08                        . = ALIGN (0x8)

/DISCARD/
 libc.a(*)
 libm.a(*)
 libgcc.a(*)

.ARM.attributes
                0x00000000       0x30
 *(.ARM.attributes)
 .ARM.attributes
                0x00000000       0x22 D:/Program Files/STM32CubeCLT_1.17.0/GNU-tools-for-STM32/bin/../lib/gcc/arm-none-eabi/12.3.1/thumb/v7e-m+fp/hard/crti.o
 .ARM.attributes
                0x00000022       0x34 D:/Program Files/STM32CubeCLT_1.17.0/GNU-tools-for-STM32/bin/../lib/gcc/arm-none-eabi/12.3.1/thumb/v7e-m+fp/hard/crtbegin.o
 .ARM.attributes
                0x00000056       0x34 CMakeFiles/3.USB_VCP.elf.dir/Core/Src/freertos.c.obj
 .ARM.attributes
                0x0000008a       0x34 CMakeFiles/3.USB_VCP.elf.dir/Core/Src/gpio.c.obj
 .ARM.attributes
                0x000000be       0x34 CMakeFiles/3.USB_VCP.elf.dir/Core/Src/main.c.obj
 .ARM.attributes
                0x000000f2       0x34 CMakeFiles/3.USB_VCP.elf.dir/Core/Src/stm32f4xx_hal_msp.c.obj
 .ARM.attributes
                0x00000126       0x34 CMakeFiles/3.USB_VCP.elf.dir/Core/Src/stm32f4xx_hal_timebase_tim.c.obj
 .ARM.attributes
                0x0000015a       0x34 CMakeFiles/3.USB_VCP.elf.dir/Core/Src/stm32f4xx_it.c.obj
 .ARM.attributes