Archive member included to satisfy reference by file (symbol)

D:/Program Files/STM32CubeCLT_1.17.0/GNU-tools-for-STM32/bin/../lib/gcc/arm-none-eabi/12.3.1/thumb/v7e-m+fp/hard\libgcc.a(_aeabi_uldivmod.o)
                              CMakeFiles/3.USB_VCP.elf.dir/Drivers/STM32F4xx_HAL_Driver/Src/stm32f4xx_hal_rcc.c.obj (__aeabi_uldivmod)
D:/Program Files/STM32CubeCLT_1.17.0/GNU-tools-for-STM32/bin/../lib/gcc/arm-none-eabi/12.3.1/thumb/v7e-m+fp/hard\libgcc.a(_udivmoddi4.o)
                              D:/Program Files/STM32CubeCLT_1.17.0/GNU-tools-for-STM32/bin/../lib/gcc/arm-none-eabi/12.3.1/thumb/v7e-m+fp/hard\libgcc.a(_aeabi_uldivmod.o) (__udivmoddi4)
D:/Program Files/STM32CubeCLT_1.17.0/GNU-tools-for-STM32/bin/../lib/gcc/arm-none-eabi/12.3.1/thumb/v7e-m+fp/hard\libgcc.a(unwind-arm.o)
                              CMakeFiles/3.USB_VCP.elf.dir/User_CPP/UserTask/Src/USB_task.cpp.obj (__aeabi_unwind_cpp_pr0)
D:/Program Files/STM32CubeCLT_1.17.0/GNU-tools-for-STM32/bin/../lib/gcc/arm-none-eabi/12.3.1/thumb/v7e-m+fp/hard\libgcc.a(libunwind.o)
                              D:/Program Files/STM32CubeCLT_1.17.0/GNU-tools-for-STM32/bin/../lib/gcc/arm-none-eabi/12.3.1/thumb/v7e-m+fp/hard\libgcc.a(unwind-arm.o) (restore_core_regs)
D:/Program Files/STM32CubeCLT_1.17.0/GNU-tools-for-STM32/bin/../lib/gcc/arm-none-eabi/12.3.1/thumb/v7e-m+fp/hard\libgcc.a(pr-support.o)
                              D:/Program Files/STM32CubeCLT_1.17.0/GNU-tools-for-STM32/bin/../lib/gcc/arm-none-eabi/12.3.1/thumb/v7e-m+fp/hard\libgcc.a(unwind-arm.o) (__gnu_unwind_execute)
D:/Program Files/STM32CubeCLT_1.17.0/GNU-tools-for-STM32/bin/../lib/gcc/arm-none-eabi/12.3.1/thumb/v7e-m+fp/hard\libgcc.a(_dvmd_tls.o)
                              D:/Program Files/STM32CubeCLT_1.17.0/GNU-tools-for-STM32/bin/../lib/gcc/arm-none-eabi/12.3.1/thumb/v7e-m+fp/hard\libgcc.a(_aeabi_uldivmod.o) (__aeabi_ldiv0)
D:/Program Files/STM32CubeCLT_1.17.0/GNU-tools-for-STM32/bin/../lib/gcc/arm-none-eabi/12.3.1/../../../../arm-none-eabi/lib/thumb/v7e-m+fp/hard\libg.a(libc_a-abort.o)
                              D:/Program Files/STM32CubeCLT_1.17.0/GNU-tools-for-STM32/bin/../lib/gcc/arm-none-eabi/12.3.1/thumb/v7e-m+fp/hard\libgcc.a(unwind-arm.o) (abort)
D:/Program Files/STM32CubeCLT_1.17.0/GNU-tools-for-STM32/bin/../lib/gcc/arm-none-eabi/12.3.1/../../../../arm-none-eabi/lib/thumb/v7e-m+fp/hard\libg.a(libc_a-exit.o)
                              D:/Program Files/STM32CubeCLT_1.17.0/GNU-tools-for-STM32/bin/../lib/gcc/arm-none-eabi/12.3.1/../../../../arm-none-eabi/lib/thumb/v7e-m+fp/hard/crt0.o (exit)
D:/Program Files/STM32CubeCLT_1.17.0/GNU-tools-for-STM32/bin/../lib/gcc/arm-none-eabi/12.3.1/../../../../arm-none-eabi/lib/thumb/v7e-m+fp/hard\libg.a(libc_a-findfp.o)
                              CMakeFiles/3.USB_VCP.elf.dir/Middlewares/Third_Party/FreeRTOS/Source/tasks.c.obj (__sf)
D:/Program Files/STM32CubeCLT_1.17.0/GNU-tools-for-STM32/bin/../lib/gcc/arm-none-eabi/12.3.1/../../../../arm-none-eabi/lib/thumb/v7e-m+fp/hard\libg.a(libc_a-fwalk.o)
                              D:/Program Files/STM32CubeCLT_1.17.0/GNU-tools-for-STM32/bin/../lib/gcc/arm-none-eabi/12.3.1/../../../../arm-none-eabi/lib/thumb/v7e-m+fp/hard\libg.a(libc_a-findfp.o) (_fwalk_sglue)
D:/Program Files/STM32CubeCLT_1.17.0/GNU-tools-for-STM32/bin/../lib/gcc/arm-none-eabi/12.3.1/../../../../arm-none-eabi/lib/thumb/v7e-m+fp/hard\libg.a(libc_a-sprintf.o)
                              CMakeFiles/3.USB_VCP.elf.dir/User_CPP/UserTask/Src/USB_task.cpp.obj (sprintf)
D:/Program Files/STM32CubeCLT_1.17.0/GNU-tools-for-STM32/bin/../lib/gcc/arm-none-eabi/12.3.1/../../../../arm-none-eabi/lib/thumb/v7e-m+fp/hard\libg.a(libc_a-stdio.o)
                              D:/Program Files/STM32CubeCLT_1.17.0/GNU-tools-for-STM32/bin/../lib/gcc/arm-none-eabi/12.3.1/../../../../arm-none-eabi/lib/thumb/v7e-m+fp/hard\libg.a(libc_a-findfp.o) (__sread)
D:/Program Files/STM32CubeCLT_1.17.0/GNU-tools-for-STM32/bin/../lib/gcc/arm-none-eabi/12.3.1/../../../../arm-none-eabi/lib/thumb/v7e-m+fp/hard\libg.a(libc_a-memset.o)
                              D:/Program Files/STM32CubeCLT_1.17.0/GNU-tools-for-STM32/bin/../lib/gcc/arm-none-eabi/12.3.1/../../../../arm-none-eabi/lib/thumb/v7e-m+fp/hard/crt0.o (memset)
D:/Program Files/STM32CubeCLT_1.17.0/GNU-tools-for-STM32/bin/../lib/gcc/arm-none-eabi/12.3.1/../../../../arm-none-eabi/lib/thumb/v7e-m+fp/hard\libg.a(libc_a-signal.o)
                              D:/Program Files/STM32CubeCLT_1.17.0/GNU-tools-for-STM32/bin/../lib/gcc/arm-none-eabi/12.3.1/../../../../arm-none-eabi/lib/thumb/v7e-m+fp/hard\libg.a(libc_a-abort.o) (raise)
D:/Program Files/STM32CubeCLT_1.17.0/GNU-tools-for-STM32/bin/../lib/gcc/arm-none-eabi/12.3.1/../../../../arm-none-eabi/lib/thumb/v7e-m+fp/hard\libg.a(libc_a-closer.o)
                              D:/Program Files/STM32CubeCLT_1.17.0/GNU-tools-for-STM32/bin/../lib/gcc/arm-none-eabi/12.3.1/../../../../arm-none-eabi/lib/thumb/v7e-m+fp/hard\libg.a(libc_a-stdio.o) (_close_r)
[...]
Memory Configuration

Name             Origin             Length             Attributes
CCMRAM           0x10000000         0x00010000         xrw
RAM              0x20000000         0x00020000         xrw
FLASH            0x08000000         0x00100000         xr
*default*        0x00000000         0xffffffff

Linker script and memory map

LOAD D:/Program Files/STM32CubeCLT_1.17.0/GNU-tools-for-STM32/bin/../lib/gcc/arm-none-eabi/12.3.1/thumb/v7e-m+fp/hard/crti.o
LOAD D:/Program Files/STM32CubeCLT_1.17.0/GNU-tools-for-STM32/bin/../lib/gcc/arm-none-eabi/12.3.1/thumb/v7e-m+fp/hard/crtbegin.o
LOAD D:/Program Files/STM32CubeCLT_1.17.0/GNU-tools-for-STM32/bin/../lib/gcc/arm-none-eabi/12.3.1/../../../../arm-none-eabi/lib/thumb/v7e-m+fp/hard/crt0.o
LOAD CMakeFiles/3.USB_VCP.elf.dir/Core/Src/freertos.c.obj
LOAD CMakeFiles/3.USB_VCP.elf.dir/Core/Src/gpio.c.obj
LOAD CMakeFiles/3.USB_VCP.elf.dir/Core/Src/main.c.obj
LOAD CMakeFiles/3.USB_VCP.elf.dir/Core/Src/stm32f4xx_hal_msp.c.obj
LOAD CMakeFiles/3.USB_VCP.elf.dir/Core/Src/stm32f4xx_hal_timebase_tim.c.obj
LOAD CMakeFiles/3.USB_VCP.elf.dir/Core/Src/stm32f4xx_it.c.obj
LOAD CMakeFiles/3.USB_VCP.elf.dir/Core/Src/syscalls.c.obj
LOAD CMakeFiles/3.USB_VCP.elf.dir/Core/Src/sysmem.c.obj
LOAD CMakeFiles/3.USB_VCP.elf.dir/Core/Src/system_stm32f4xx.c.obj
LOAD CMakeFiles/3.USB_VCP.elf.dir/Core/Startup/startup_stm32f407ighx.s.obj
LOAD CMakeFiles/3.USB_VCP.elf.dir/Drivers/STM32F4xx_HAL_Driver/Src/stm32f4xx_hal.c.obj
LOAD CMakeFiles/3.USB_VCP.elf.dir/Drivers/STM32F4xx_HAL_Driver/Src/stm32f4xx_hal_cortex.c.obj
LOAD CMakeFiles/3.USB_VCP.elf.dir/Drivers/STM32F4xx_HAL_Driver/Src/stm32f4xx_hal_dma.c.obj
LOAD CMakeFiles/3.USB_VCP.elf.dir/Drivers/STM32F4xx_HAL_Driver/Src/stm32f4xx_hal_dma_ex.c.obj
LOAD CMakeFiles/3.USB_VCP.elf.dir/Drivers/STM32F4xx_HAL_Driver/Src/stm32f4xx_hal_exti.c.obj
LOAD CMakeFiles/3.USB_VCP.elf.dir/Drivers/STM32F4xx_HAL_Driver/Src/stm32f4xx_hal_flash.c.obj
LOAD CMakeFiles/3.USB_VCP.elf.dir/Drivers/STM32F4xx_HAL_Driver/Src/stm32f4xx_hal_flash_ex.c.obj
LOAD CMakeFiles/3.USB_VCP.elf.dir/Drivers/STM32F4xx_HAL_Driver/Src/stm32f4xx_hal_flash_ramfunc.c.obj
LOAD CMakeFiles/3.USB_VCP.elf.dir/Drivers/STM32F4xx_HAL_Driver/Src/stm32f4xx_hal_gpio.c.obj
LOAD CMakeFiles/3.USB_VCP.elf.dir/Drivers/STM32F4xx_HAL_Driver/Src/stm32f4xx_hal_pcd.c.obj
LOAD CMakeFiles/3.USB_VCP.elf.dir/Drivers/STM32F4xx_HAL_Driver/Src/stm32f4xx_hal_pcd_ex.c.obj
LOAD CMakeFiles/3.USB_VCP.elf.dir/Drivers/STM32F4xx_HAL_Driver/Src/stm32f4xx_hal_pwr.c.obj
LOAD CMakeFiles/3.USB_VCP.elf.dir/Drivers/STM32F4xx_HAL_Driver/Src/stm32f4xx_hal_pwr_ex.c.obj
LOAD CMakeFiles/3.USB_VCP.elf.dir/Drivers/STM32F4xx_HAL_Driver/Src/stm32f4xx_hal_rcc.c.obj
LOAD CMakeFiles/3.USB_VCP.elf.dir/Drivers/STM32F4xx_HAL_Driver/Src/stm32f4xx_hal_rcc_ex.c.obj
LOAD CMakeFiles/3.USB_VCP.elf.dir/Drivers/STM32F4xx_HAL_Driver/Src/stm32f4xx_hal_tim.c.obj
LOAD CMakeFiles/3.USB_VCP.elf.dir/Drivers/STM32F4xx_HAL_Driver/Src/stm32f4xx_hal_tim_ex.c.obj
LOAD CMakeFiles/3.USB_VCP.elf.dir/Drivers/STM32F4xx_HAL_Driver/Src/stm32f4xx_ll_usb.c.obj
LOAD CMakeFiles/3.USB_VCP.elf.dir/Middlewares/ST/STM32_USB_Device_Library/Class/CDC/Src/usbd_cdc.c.obj
LOAD CMakeFiles/3.USB_VCP.elf.dir/Middlewares/ST/STM32_USB_Device_Library/Core/Src/usbd_core.c.obj
LOAD CMakeFiles/3.USB_VCP.elf.dir/Middlewares/ST/STM32_USB_Device_Library/Core/Src/usbd_ctlreq.c.obj
LOAD CMakeFiles/3.USB_VCP.elf.dir/Middlewares/ST/STM32_USB_Device_Library/Core/Src/usbd_ioreq.c.obj
LOAD CMakeFiles/3.USB_VCP.elf.dir/Middlewares/Third_Party/FreeRTOS/Source/CMSIS_RTOS/cmsis_os.c.obj
LOAD CMakeFiles/3.USB_VCP.elf.dir/Middlewares/Third_Party/FreeRTOS/Source/croutine.c.obj
LOAD CMakeFiles/3.USB_VCP.elf.dir/Middlewares/Third_Party/FreeRTOS/Source/event_groups.c.obj
LOAD CMakeFiles/3.USB_VCP.elf.dir/Middlewares/Third_Party/FreeRTOS/Source/list.c.obj
LOAD CMakeFiles/3.USB_VCP.elf.dir/Middlewares/Third_Party/FreeRTOS/Source/portable/GCC/ARM_CM4F/port.c.obj
LOAD CMakeFiles/3.USB_VCP.elf.dir/Middlewares/Third_Party/FreeRTOS/Source/portable/MemMang/heap_4.c.obj
LOAD CMakeFiles/3.USB_VCP.elf.dir/Middlewares/Third_Party/FreeRTOS/Source/queue.c.obj
LOAD CMakeFiles/3.USB_VCP.elf.dir/Middlewares/Third_Party/FreeRTOS/Source/stream_buffer.c.obj
LOAD CMakeFiles/3.USB_VCP.elf.dir/Middlewares/Third_Party/FreeRTOS/Source/tasks.c.obj
LOAD CMakeFiles/3.USB_VCP.elf.dir/Middlewares/Third_Party/FreeRTOS/Source/timers.c.obj
LOAD CMakeFiles/3.USB_VCP.elf.dir/USB_DEVICE/App/usb_device.c.obj
LOAD CMakeFiles/3.USB_VCP.elf.dir/USB_DEVICE/App/usbd_cdc_if.c.obj
LOAD CMakeFiles/3.USB_VCP.elf.dir/USB_DEVICE/App/usbd_desc.c.obj
LOAD CMakeFiles/3.USB_VCP.elf.dir/USB_DEVICE/Target/usbd_conf.c.obj
LOAD CMakeFiles/3.USB_VCP.elf.dir/User_CPP/UserTask/Src/CPP_main.cpp.obj
LOAD CMakeFiles/3.USB_VCP.elf.dir/User_CPP/UserTask/Src/USB_task.cpp.obj
LOAD D:/Program Files/STM32CubeCLT_1.17.0/GNU-tools-for-STM32/bin/../lib/gcc/arm-none-eabi/12.3.1/../../../../arm-none-eabi/lib/thumb/v7e-m+fp/hard\libstdc++.a
LOAD D:/Program Files/STM32CubeCLT_1.17.0/GNU-tools-for-STM32/bin/../lib/gcc/arm-none-eabi/12.3.1/../../../../arm-none-eabi/lib/thumb/v7e-m+fp/hard\libm.a
START GROUP
LOAD D:/Program Files/STM32CubeCLT_1.17.0/GNU-tools-for-STM32/bin/../lib/gcc/arm-none-eabi/12.3.1/thumb/v7e-m+fp/hard\libgcc.a
LOAD D:/Program Files/STM32CubeCLT_1.17.0/GNU-tools-for-STM32/bin/../lib/gcc/arm-none-eabi/12.3.1/../../../../arm-none-eabi/lib/thumb/v7e-m+fp/hard\libg.a
LOAD D:/Program Files/STM32CubeCLT_1.17.0/GNU-tools-for-STM32/bin/../lib/gcc/arm-none-eabi/12.3.1/../../../../arm-none-eabi/lib/thumb/v7e-m+fp/hard\libc.a
END GROUP
LOAD D:/Program Files/STM32CubeCLT_1.17.0/GNU-tools-for-STM32/bin/../lib/gcc/arm-none-eabi/12.3.1/thumb/v7e-m+fp/hard/crtend.o
LOAD D:/Program Files/STM32CubeCLT_1.17.0/GNU-tools-for-STM32/bin/../lib/gcc/arm-none-eabi/12.3.1/thumb/v7e-m+fp/hard/crtn.o
                0x20020000                        _estack = (ORIGIN (RAM) + LENGTH (RAM))
                0x00000400                        _Min_Heap_Size = 0x400
                0x00002000                        _Min_Stack_Size = 0x2000

.isr_vector     0x08000000      0x188
                0x08000000                        . = ALIGN (0x4)
 *(.isr_vector)
 .isr_vector    0x08000000      0x188 CMakeFiles/3.USB_VCP.elf.dir/Core/Startup/startup_stm32f407ighx.s.obj
                0x08000000                g_pfnVectors
                0x08000188                        . = ALIGN (0x4)

.text           0x08000190     0xb4e8
                0x08000190                        . = ALIGN (0x4)
 *(.text)
 .text          0x08000190       0x40 D:/Program Files/STM32CubeCLT_1.17.0/GNU-tools-for-STM32/bin/../lib/gcc/arm-none-eabi/12.3.1/thumb/v7e-m+fp/hard/crtbegin.o
 .text          0x080001d0       0x30 D:/Program Files/STM32CubeCLT_1.17.0/GNU-tools-for-STM32/bin/../lib/gcc/arm-none-eabi/12.3.1/thumb/v7e-m+fp/hard\libgcc.a(_aeabi_uldivmod.o)
                0x080001d0                __aeabi_uldivmod
 .text          0x08000200      0x2bc D:/Program Files/STM32CubeCLT_1.17.0/GNU-tools-for-STM32/bin/../lib/gcc/arm-none-eabi/12.3.1/thumb/v7e-m+fp/hard\libgcc.a(_udivmoddi4.o)
                0x08000200                __udivmoddi4
 .text          0x080004bc      0x9f4 D:/Program Files/STM32CubeCLT_1.17.0/GNU-tools-for-STM32/bin/../lib/gcc/arm-none-eabi/12.3.1/thumb/v7e-m+fp/hard\libgcc.a(unwind-arm.o)
                0x0800076c                _Unwind_GetCFA
                0x08000770                __gnu_Unwind_RaiseException
                0x080007d8                __gnu_Unwind_ForcedUnwind
                0x080007e8                __gnu_Unwind_Resume
                0x0800082c                __gnu_Unwind_Resume_or_Rethrow
                0x0800083c                _Unwind_Complete
                0x08000840                _Unwind_DeleteException
                0x0800084c                _Unwind_VRS_Get
                0x08000898                _Unwind_VRS_Set
                0x080008e0                __gnu_Unwind_Backtrace
                0x08000bfc                __aeabi_unwind_cpp_pr0
                0x08000c00                __aeabi_unwind_cpp_pr1
                0x08000c04                __aeabi_unwind_cpp_pr2
                0x08000c08                _Unwind_VRS_Pop
 .text          0x08000eb0      0x1ac D:/Program Files/STM32CubeCLT_1.17.0/GNU-tools-for-STM32/bin/../lib/gcc/arm-none-eabi/12.3.1/thumb/v7e-m+fp/hard\libgcc.a(libunwind.o)
                0x08000eb0                __restore_core_regs
                0x08000eb0                restore_core_regs
                0x08000ec8                __gnu_Unwind_Restore_VFP
                0x08000ed0                __gnu_Unwind_Save_VFP
                0x08000ed8                __gnu_Unwind_Restore_VFP_D
                0x08000ee0                __gnu_Unwind_Save_VFP_D
                0x08000ee8                __gnu_Unwind_Restore_VFP_D_16_to_31
                0x08000ef0                __gnu_Unwind_Save_VFP_D_16_to_31
                0x08000ef8                __gnu_Unwind_Restore_WMMXD
                0x08000f3c                __gnu_Unwind_Save_WMMXD
                0x08000f80                __gnu_Unwind_Restore_WMMXC
                0x08000f94                __gnu_Unwind_Save_WMMXC
                0x08000fa8                ___Unwind_RaiseException
                0x08000fa8                _Unwind_RaiseException
                0x08000fcc                _Unwind_Resume
                0x08000fcc                ___Unwind_Resume
                0x08000ff0                _Unwind_Resume_or_Rethrow
                0x08000ff0                ___Unwind_Resume_or_Rethrow
                0x08001014                _Unwind_ForcedUnwind
                0x08001014                ___Unwind_ForcedUnwind
                0x08001038                ___Unwind_Backtrace
                0x08001038                _Unwind_Backtrace
 .text          0x0800105c      0x378 D:/Program Files/STM32CubeCLT_1.17.0/GNU-tools-for-STM32/bin/../lib/gcc/arm-none-eabi/12.3.1/thumb/v7e-m+fp/hard\libgcc.a(pr-support.o)
                0x080010b4                __gnu_unwind_execute
                0x08001388                __gnu_unwind_frame
                0x080013b4                _Unwind_GetRegionStart
                0x080013c0                _Unwind_GetLanguageSpecificData
 .text          0x080013d4        0x4 D:/Program Files/STM32CubeCLT_1.17.0/GNU-tools-for-STM32/bin/../lib/gcc/arm-none-eabi/12.3.1/thumb/v7e-m+fp/hard\libgcc.a(_dvmd_tls.o)
                0x080013d4                __aeabi_idiv0
                0x080013d4                __aeabi_ldiv0
 .text          0x080013d8       0x10 D:/Program Files/STM32CubeCLT_1.17.0/GNU-tools-for-STM32/bin/../lib/gcc/arm-none-eabi/12.3.1/../../../../arm-none-eabi/lib/thumb/v7e-m+fp/hard\libg.a(libc_a-strlen.o)
                0x080013d8                strlen
 *fill*         0x080013e8        0x8 
 .text          0x080013f0       0xa0 D:/Program Files/STM32CubeCLT_1.17.0/GNU-tools-for-STM32/bin/../lib/gcc/arm-none-eabi/12.3.1/../../../../arm-none-eabi/lib/thumb/v7e-m+fp/hard\libg.a(libc_a-memchr.o)
                0x080013f0                memchr
 .text          0x08001490      0x378 D:/Program Files/STM32CubeCLT_1.17.0/GNU-tools-for-STM32/bin/../lib/gcc/arm-none-eabi/12.3.1/thumb/v7e-m+fp/hard\libgcc.a(_arm_addsubdf3.o)
                0x08001490                __aeabi_drsub
                0x08001498                __aeabi_dsub
                0x08001498                __subdf3
                0x0800149c                __aeabi_dadd
                0x0800149c                __adddf3
                0x08001714                __floatunsidf
                0x08001714                __aeabi_ui2d
                0x08001734                __floatsidf
                0x08001734                __aeabi_i2d
                0x08001758                __aeabi_f2d
                0x08001758                __extendsfdf2
                0x0800179c                __floatundidf
                0x0800179c                __aeabi_ul2d
                0x080017ac                __floatdidf
                0x080017ac                __aeabi_l2d
 .text          0x08001808      0x424 D:/Program Files/STM32CubeCLT_1.17.0/GNU-tools-for-STM32/bin/../lib/gcc/arm-none-eabi/12.3.1/thumb/v7e-m+fp/hard\libgcc.a(_arm_muldivdf3.o)
                0x08001808                __aeabi_dmul
                0x08001808                __muldf3
                0x08001a5c                __divdf3
                0x08001a5c                __aeabi_ddiv
 .text          0x08001c2c      0x110 D:/Program Files/STM32CubeCLT_1.17.0/GNU-tools-for-STM32/bin/../lib/gcc/arm-none-eabi/12.3.1/thumb/v7e-m+fp/hard\libgcc.a(_arm_cmpdf2.o)
                0x08001c2c                __gtdf2
                0x08001c2c                __gedf2
                0x08001c34                __ltdf2
                0x08001c34                __ledf2
                0x08001c3c                __nedf2
                0x08001c3c                __eqdf2
                0x08001c3c                __cmpdf2
                0x08001cb8                __aeabi_cdrcmple
                0x08001cc8                __aeabi_cdcmpeq
                0x08001cc8                __aeabi_cdcmple
                0x08001cd8                __aeabi_dcmpeq
                0x08001cec                __aeabi_dcmplt
                0x08001d00                __aeabi_dcmple
                0x08001d14                __aeabi_dcmpge
                0x08001d28                __aeabi_dcmpgt
 .text          0x08001d3c       0x2c D:/Program Files/STM32CubeCLT_1.17.0/GNU-tools-for-STM32/bin/../lib/gcc/arm-none-eabi/12.3.1/thumb/v7e-m+fp/hard\libgcc.a(_arm_unorddf2.o)
                0x08001d3c                __unorddf2
                0x08001d3c                __aeabi_dcmpun
 .text          0x08001d68       0x50 D:/Program Files/STM32CubeCLT_1.17.0/GNU-tools-for-STM32/bin/../lib/gcc/arm-none-eabi/12.3.1/thumb/v7e-m+fp/hard\libgcc.a(_arm_fixdfsi.o)
                0x08001d68                __aeabi_d2iz
                0x08001d68                __fixdfsi
 *(.text*)
 .text.StartDefaultTask
                0x08001db8        0xe CMakeFiles/3.USB_VCP.elf.dir/Core/Src/freertos.c.obj
                0x08001db8                StartDefaultTask
 *fill*         0x08001dc6        0x2 
 .text.vApplicationGetIdleTaskMemory
                0x08001dc8       0x18 CMakeFiles/3.USB_VCP.elf.dir/Core/Src/freertos.c.obj
                0x08001dc8                vApplicationGetIdleTaskMemory
 .text.MX_FREERTOS_Init
                0x08001de0       0x5c CMakeFiles/3.USB_VCP.elf.dir/Core/Src/freertos.c.obj
                0x08001de0                MX_FREERTOS_Init
 .text.MX_GPIO_Init
                0x08001e3c       0x4c CMakeFiles/3.USB_VCP.elf.dir/Core/Src/gpio.c.obj
                0x08001e3c                MX_GPIO_Init
 .text.HAL_TIM_PeriodElapsedCallback
                0x08001e88       0x18 CMakeFiles/3.USB_VCP.elf.dir/Core/Src/main.c.obj
                0x08001e88                HAL_TIM_PeriodElapsedCallback
 .text.Error_Handler
                0x08001ea0        0x4 CMakeFiles/3.USB_VCP.elf.dir/Core/Src/main.c.obj
                0x08001ea0                Error_Handler
 .text.SystemClock_Config
                0x08001ea4       0xa8 CMakeFiles/3.USB_VCP.elf.dir/Core/Src/main.c.obj
                0x08001ea4                SystemClock_Config
 .text.main     0x08001f4c       0x1c CMakeFiles/3.USB_VCP.elf.dir/Core/Src/main.c.obj
                0x08001f4c                main
 .text.HAL_MspInit
                0x08001f68       0x44 CMakeFiles/3.USB_VCP.elf.dir/Core/Src/stm32f4xx_hal_msp.c.obj
                0x08001f68                HAL_MspInit
 .text.HAL_InitTick
                0x08001fac       0xa4 CMakeFiles/3.USB_VCP.elf.dir/Core/Src/stm32f4xx_hal_timebase_tim.c.obj
                0x08001fac                HAL_InitTick
 .text.NMI_Handler
                0x08002050        0x2 CMakeFiles/3.USB_VCP.elf.dir/Core/Src/stm32f4xx_it.c.obj
                0x08002050                NMI_Handler
 .text.HardFault_Handler
                0x08002052        0x2 CMakeFiles/3.USB_VCP.elf.dir/Core/Src/stm32f4xx_it.c.obj
                0x08002052                HardFault_Handler
 .text.MemManage_Handler
                0x08002054        0x2 CMakeFiles/3.USB_VCP.elf.dir/Core/Src/stm32f4xx_it.c.obj
                0x08002054                MemManage_Handler
 .text.BusFault_Handler
                0x08002056        0x2 CMakeFiles/3.USB_VCP.elf.dir/Core/Src/stm32f4xx_it.c.obj
                0x08002056                BusFault_Handler
 .text.UsageFault_Handler
                0x08002058        0x2 CMakeFiles/3.USB_VCP.elf.dir/Core/Src/stm32f4xx_it.c.obj
                0x08002058                UsageFault_Handler
 .text.DebugMon_Handler
                0x0800205a        0x2 CMakeFiles/3.USB_VCP.elf.dir/Core/Src/stm32f4xx_it.c.obj
                0x0800205a                DebugMon_Handler
 .text.TIM8_TRG_COM_TIM14_IRQHandler
                0x0800205c       0x10 CMakeFiles/3.USB_VCP.elf.dir/Core/Src/stm32f4xx_it.c.obj
                0x0800205c                TIM8_TRG_COM_TIM14_IRQHandler
 .text.OTG_FS_IRQHandler
                0x0800206c       0x10 CMakeFiles/3.USB_VCP.elf.dir/Core/Src/stm32f4xx_it.c.obj
                0x0800206c                OTG_FS_IRQHandler
 .text._getpid  0x0800207c        0x4 CMakeFiles/3.USB_VCP.elf.dir/Core/Src/syscalls.c.obj
                0x0800207c                _getpid
 .text._kill    0x08002080       0x10 CMakeFiles/3.USB_VCP.elf.dir/Core/Src/syscalls.c.obj
                0x08002080                _kill
 .text._exit    0x08002090        0xc CMakeFiles/3.USB_VCP.elf.dir/Core/Src/syscalls.c.obj
                0x08002090                _exit
 .text._read    0x0800209c       0x20 CMakeFiles/3.USB_VCP.elf.dir/Core/Src/syscalls.c.obj
                0x0800209c                _read
 .text._write   0x080020bc       0x1c CMakeFiles/3.USB_VCP.elf.dir/Core/Src/syscalls.c.obj
                0x080020bc                _write
 .text._close   0x080020d8        0x6 CMakeFiles/3.USB_VCP.elf.dir/Core/Src/syscalls.c.obj
                0x080020d8                _close
 .text._fstat   0x080020de        0xa CMakeFiles/3.USB_VCP.elf.dir/Core/Src/syscalls.c.obj
                0x080020de                _fstat
 .text._isatty  0x080020e8        0x4 CMakeFiles/3.USB_VCP.elf.dir/Core/Src/syscalls.c.obj
                0x080020e8                _isatty
 .text._lseek   0x080020ec        0x4 CMakeFiles/3.USB_VCP.elf.dir/Core/Src/syscalls.c.obj
                0x080020ec                _lseek
 .text._sbrk    0x080020f0       0x48 CMakeFiles/3.USB_VCP.elf.dir/Core/Src/sysmem.c.obj
                0x080020f0                _sbrk
 .text.SystemInit
                0x08002138       0x14 CMakeFiles/3.USB_VCP.elf.dir/Core/Src/system_stm32f4xx.c.obj
                0x08002138                SystemInit
 .text.Reset_Handler
                0x0800214c       0x50 CMakeFiles/3.USB_VCP.elf.dir/Core/Startup/startup_stm32f407ighx.s.obj
                0x0800214c                Reset_Handler
 .text.Default_Handler
                0x0800219c        0x2 CMakeFiles/3.USB_VCP.elf.dir/Core/Startup/startup_stm32f407ighx.s.obj
                0x0800219c                RTC_Alarm_IRQHandler
                0x0800219c                HASH_RNG_IRQHandler
                0x0800219c                EXTI2_IRQHandler
                0x0800219c                TIM8_CC_IRQHandler
                0x0800219c                TIM1_CC_IRQHandler
                0x0800219c                DMA2_Stream5_IRQHandler
                0x0800219c                DMA1_Stream5_IRQHandler
                0x0800219c                PVD_IRQHandler
                0x0800219c                SDIO_IRQHandler
                0x0800219c                TAMP_STAMP_IRQHandler
                0x0800219c                CAN2_RX1_IRQHandler
                0x0800219c                EXTI3_IRQHandler
                0x0800219c                TIM1_UP_TIM10_IRQHandler
                0x0800219c                TIM8_UP_TIM13_IRQHandler
                0x0800219c                I2C3_ER_IRQHandler
                0x0800219c                EXTI0_IRQHandler
                0x0800219c                I2C2_EV_IRQHandler
                0x0800219c                DMA1_Stream2_IRQHandler
                0x0800219c                CAN1_RX0_IRQHandler
                0x0800219c                FPU_IRQHandler
                0x0800219c                OTG_HS_WKUP_IRQHandler
                0x0800219c                CAN2_SCE_IRQHandler
                0x0800219c                DMA2_Stream2_IRQHandler
                0x0800219c                SPI1_IRQHandler
                0x0800219c                TIM6_DAC_IRQHandler
                0x0800219c                TIM1_BRK_TIM9_IRQHandler
                0x0800219c                DCMI_IRQHandler
                0x0800219c                CAN2_RX0_IRQHandler
                0x0800219c                DMA2_Stream3_IRQHandler
                0x0800219c                USART6_IRQHandler
                0x0800219c                USART3_IRQHandler
                0x0800219c                CAN1_RX1_IRQHandler
                0x0800219c                UART5_IRQHandler
                0x0800219c                DMA2_Stream0_IRQHandler
                0x0800219c                TIM4_IRQHandler
                0x0800219c                I2C1_EV_IRQHandler
                0x0800219c                DMA1_Stream6_IRQHandler
                0x0800219c                DMA1_Stream1_IRQHandler
                0x0800219c                UART4_IRQHandler
                0x0800219c                TIM3_IRQHandler
                0x0800219c                RCC_IRQHandler
                0x0800219c                TIM8_BRK_TIM12_IRQHandler
                0x0800219c                Default_Handler
                0x0800219c                EXTI15_10_IRQHandler
                0x0800219c                ADC_IRQHandler
                0x0800219c                DMA1_Stream7_IRQHandler
                0x0800219c                TIM7_IRQHandler
                0x0800219c                CAN2_TX_IRQHandler
                0x0800219c                TIM5_IRQHandler
                0x0800219c                DMA2_Stream7_IRQHandler
                0x0800219c                I2C3_EV_IRQHandler
                0x0800219c                EXTI9_5_IRQHandler
                0x0800219c                RTC_WKUP_IRQHandler
                0x0800219c                ETH_WKUP_IRQHandler
                0x0800219c                SPI2_IRQHandler
                0x0800219c                OTG_HS_EP1_IN_IRQHandler
                0x0800219c                DMA1_Stream0_IRQHandler
                0x0800219c                CAN1_TX_IRQHandler
                0x0800219c                EXTI4_IRQHandler
                0x0800219c                FSMC_IRQHandler
                0x0800219c                ETH_IRQHandler
                0x0800219c                OTG_HS_EP1_OUT_IRQHandler
                0x0800219c                WWDG_IRQHandler
                0x0800219c                TIM2_IRQHandler
                0x0800219c                OTG_FS_WKUP_IRQHandler
                0x0800219c                TIM1_TRG_COM_TIM11_IRQHandler
                0x0800219c                OTG_HS_IRQHandler
                0x0800219c                EXTI1_IRQHandler
                0x0800219c                USART2_IRQHandler
                0x0800219c                I2C2_ER_IRQHandler
                0x0800219c                DMA2_Stream1_IRQHandler
                0x0800219c                CAN1_SCE_IRQHandler
                0x0800219c                FLASH_IRQHandler
                0x0800219c                DMA2_Stream4_IRQHandler
                0x0800219c                USART1_IRQHandler
                0x0800219c                SPI3_IRQHandler
                0x0800219c                DMA1_Stream4_IRQHandler
                0x0800219c                I2C1_ER_IRQHandler
                0x0800219c                DMA2_Stream6_IRQHandler
                0x0800219c                DMA1_Stream3_IRQHandler
 *fill*         0x0800219e        0x2 
 .text.HAL_Init
                0x080021a0       0x34 CMakeFiles/3.USB_VCP.elf.dir/Drivers/STM32F4xx_HAL_Driver/Src/stm32f4xx_hal.c.obj
                0x080021a0                HAL_Init
 .text.HAL_IncTick
                0x080021d4       0x18 CMakeFiles/3.USB_VCP.elf.dir/Drivers/STM32F4xx_HAL_Driver/Src/stm32f4xx_hal.c.obj
                0x080021d4                HAL_IncTick
 .text.HAL_GetTick
                0x080021ec        0xc CMakeFiles/3.USB_VCP.elf.dir/Drivers/STM32F4xx_HAL_Driver/Src/stm32f4xx_hal.c.obj
                0x080021ec                HAL_GetTick
 .text.HAL_Delay
                0x080021f8       0x28 CMakeFiles/3.USB_VCP.elf.dir/Drivers/STM32F4xx_HAL_Driver/Src/stm32f4xx_hal.c.obj
                0x080021f8                HAL_Delay
 .text.__NVIC_EnableIRQ
                0x08002220       0x1c CMakeFiles/3.USB_VCP.elf.dir/Drivers/STM32F4xx_HAL_Driver/Src/stm32f4xx_hal_cortex.c.obj
 .text.__NVIC_SetPriority
                0x0800223c       0x28 CMakeFiles/3.USB_VCP.elf.dir/Drivers/STM32F4xx_HAL_Driver/Src/stm32f4xx_hal_cortex.c.obj
 .text.NVIC_EncodePriority
                0x08002264       0x3e CMakeFiles/3.USB_VCP.elf.dir/Drivers/STM32F4xx_HAL_Driver/Src/stm32f4xx_hal_cortex.c.obj
 *fill*         0x080022a2        0x2 
 .text.HAL_NVIC_SetPriorityGrouping
                0x080022a4       0x24 CMakeFiles/3.USB_VCP.elf.dir/Drivers/STM32F4xx_HAL_Driver/Src/stm32f4xx_hal_cortex.c.obj
                0x080022a4                HAL_NVIC_SetPriorityGrouping
 .text.HAL_NVIC_SetPriority
                0x080022c8       0x20 CMakeFiles/3.USB_VCP.elf.dir/Drivers/STM32F4xx_HAL_Driver/Src/stm32f4xx_hal_cortex.c.obj
                0x080022c8                HAL_NVIC_SetPriority
 .text.HAL_NVIC_EnableIRQ
                0x080022e8        0x8 CMakeFiles/3.USB_VCP.elf.dir/Drivers/STM32F4xx_HAL_Driver/Src/stm32f4xx_hal_cortex.c.obj
                0x080022e8                HAL_NVIC_EnableIRQ
 .text.HAL_GPIO_Init
                0x080022f0      0x1ec CMakeFiles/3.USB_VCP.elf.dir/Drivers/STM32F4xx_HAL_Driver/Src/stm32f4xx_hal_gpio.c.obj
                0x080022f0                HAL_GPIO_Init
 .text.PCD_WriteEmptyTxFifo
                0x080024dc       0xd0 CMakeFiles/3.USB_VCP.elf.dir/Drivers/STM32F4xx_HAL_Driver/Src/stm32f4xx_hal_pcd.c.obj
 .text.HAL_PCD_Init
                0x080025ac      0x102 CMakeFiles/3.USB_VCP.elf.dir/Drivers/STM32F4xx_HAL_Driver/Src/stm32f4xx_hal_pcd.c.obj
                0x080025ac                HAL_PCD_Init
 .text.HAL_PCD_Start
                0x080026ae       0x44 CMakeFiles/3.USB_VCP.elf.dir/Drivers/STM32F4xx_HAL_Driver/Src/stm32f4xx_hal_pcd.c.obj
                0x080026ae                HAL_PCD_Start
 *fill*         0x080026f2        0x2 
 .text.PCD_EP_OutXfrComplete_int
                0x080026f4      0x104 CMakeFiles/3.USB_VCP.elf.dir/Drivers/STM32F4xx_HAL_Driver/Src/stm32f4xx_hal_pcd.c.obj
 .text.PCD_EP_OutSetupPacket_int
                0x080027f8       0x50 CMakeFiles/3.USB_VCP.elf.dir/Drivers/STM32F4xx_HAL_Driver/Src/stm32f4xx_hal_pcd.c.obj
 .text.HAL_PCD_SetAddress
                0x08002848       0x26 CMakeFiles/3.USB_VCP.elf.dir/Drivers/STM32F4xx_HAL_Driver/Src/stm32f4xx_hal_pcd.c.obj
                0x08002848                HAL_PCD_SetAddress
 .text.HAL_PCD_EP_Open
                0x0800286e       0x8c CMakeFiles/3.USB_VCP.elf.dir/Drivers/STM32F4xx_HAL_Driver/Src/stm32f4xx_hal_pcd.c.obj
                0x0800286e                HAL_PCD_EP_Open
 .text.HAL_PCD_EP_Close
                0x080028fa       0x70 CMakeFiles/3.USB_VCP.elf.dir/Drivers/STM32F4xx_HAL_Driver/Src/stm32f4xx_hal_pcd.c.obj
                0x080028fa                HAL_PCD_EP_Close
 .text.HAL_PCD_EP_Receive
                0x0800296a       0x4a CMakeFiles/3.USB_VCP.elf.dir/Drivers/STM32F4xx_HAL_Driver/Src/stm32f4xx_hal_pcd.c.obj
                0x0800296a                HAL_PCD_EP_Receive
 .text.HAL_PCD_EP_GetRxCount
                0x080029b4       0x12 CMakeFiles/3.USB_VCP.elf.dir/Drivers/STM32F4xx_HAL_Driver/Src/stm32f4xx_hal_pcd.c.obj
                0x080029b4                HAL_PCD_EP_GetRxCount
 .text.HAL_PCD_EP_Transmit
                0x080029c6       0x4a CMakeFiles/3.USB_VCP.elf.dir/Drivers/STM32F4xx_HAL_Driver/Src/stm32f4xx_hal_pcd.c.obj
                0x080029c6                HAL_PCD_EP_Transmit
 .text.HAL_PCD_EP_SetStall
                0x08002a10       0x86 CMakeFiles/3.USB_VCP.elf.dir/Drivers/STM32F4xx_HAL_Driver/Src/stm32f4xx_hal_pcd.c.obj
                0x08002a10                HAL_PCD_EP_SetStall
 .text.HAL_PCD_EP_ClrStall
                0x08002a96       0x74 CMakeFiles/3.USB_VCP.elf.dir/Drivers/STM32F4xx_HAL_Driver/Src/stm32f4xx_hal_pcd.c.obj
                0x08002a96                HAL_PCD_EP_ClrStall
 .text.HAL_PCD_EP_Abort
                0x08002b0a       0x34 CMakeFiles/3.USB_VCP.elf.dir/Drivers/STM32F4xx_HAL_Driver/Src/stm32f4xx_hal_pcd.c.obj
                0x08002b0a                HAL_PCD_EP_Abort
 .text.HAL_PCD_IRQHandler
                0x08002b3e      0x5bc CMakeFiles/3.USB_VCP.elf.dir/Drivers/STM32F4xx_HAL_Driver/Src/stm32f4xx_hal_pcd.c.obj
                0x08002b3e                HAL_PCD_IRQHandler
 .text.HAL_PCDEx_SetTxFiFo
                0x080030fa       0x4c CMakeFiles/3.USB_VCP.elf.dir/Drivers/STM32F4xx_HAL_Driver/Src/stm32f4xx_hal_pcd_ex.c.obj
                0x080030fa                HAL_PCDEx_SetTxFiFo
 .text.HAL_PCDEx_SetRxFiFo
                0x08003146        0x8 CMakeFiles/3.USB_VCP.elf.dir/Drivers/STM32F4xx_HAL_Driver/Src/stm32f4xx_hal_pcd_ex.c.obj
                0x08003146                HAL_PCDEx_SetRxFiFo
 .text.HAL_PCDEx_LPM_Callback
                0x0800314e        0x2 CMakeFiles/3.USB_VCP.elf.dir/Drivers/STM32F4xx_HAL_Driver/Src/stm32f4xx_hal_pcd_ex.c.obj
                0x0800314e                HAL_PCDEx_LPM_Callback
 .text.HAL_RCC_OscConfig
                0x08003150      0x3f8 CMakeFiles/3.USB_VCP.elf.dir/Drivers/STM32F4xx_HAL_Driver/Src/stm32f4xx_hal_rcc.c.obj
                0x08003150                HAL_RCC_OscConfig
 .text.HAL_RCC_GetSysClockFreq
                0x08003548       0xa8 CMakeFiles/3.USB_VCP.elf.dir/Drivers/STM32F4xx_HAL_Driver/Src/stm32f4xx_hal_rcc.c.obj
                0x08003548                HAL_RCC_GetSysClockFreq
 .text.HAL_RCC_ClockConfig
                0x080035f0      0x160 CMakeFiles/3.USB_VCP.elf.dir/Drivers/STM32F4xx_HAL_Driver/Src/stm32f4xx_hal_rcc.c.obj
                0x080035f0                HAL_RCC_ClockConfig
 .text.HAL_RCC_GetHCLKFreq
                0x08003750        0xc CMakeFiles/3.USB_VCP.elf.dir/Drivers/STM32F4xx_HAL_Driver/Src/stm32f4xx_hal_rcc.c.obj
                0x08003750                HAL_RCC_GetHCLKFreq
 .text.HAL_RCC_GetPCLK1Freq
                0x0800375c       0x20 CMakeFiles/3.USB_VCP.elf.dir/Drivers/STM32F4xx_HAL_Driver/Src/stm32f4xx_hal_rcc.c.obj
                0x0800375c                HAL_RCC_GetPCLK1Freq
 .text.HAL_RCC_GetClockConfig
                0x0800377c       0x3c CMakeFiles/3.USB_VCP.elf.dir/Drivers/STM32F4xx_HAL_Driver/Src/stm32f4xx_hal_rcc.c.obj
                0x0800377c                HAL_RCC_GetClockConfig
 .text.HAL_TIM_Base_MspInit
                0x080037b8        0x2 CMakeFiles/3.USB_VCP.elf.dir/Drivers/STM32F4xx_HAL_Driver/Src/stm32f4xx_hal_tim.c.obj
                0x080037b8                HAL_TIM_Base_MspInit
 *fill*         0x080037ba        0x2 
 .text.HAL_TIM_Base_Start_IT
                0x080037bc       0x88 CMakeFiles/3.USB_VCP.elf.dir/Drivers/STM32F4xx_HAL_Driver/Src/stm32f4xx_hal_tim.c.obj
                0x080037bc                HAL_TIM_Base_Start_IT
 .text.HAL_TIM_OC_DelayElapsedCallback
                0x08003844        0x2 CMakeFiles/3.USB_VCP.elf.dir/Drivers/STM32F4xx_HAL_Driver/Src/stm32f4xx_hal_tim.c.obj
                0x08003844                HAL_TIM_OC_DelayElapsedCallback
 .text.HAL_TIM_IC_CaptureCallback
                0x08003846        0x2 CMakeFiles/3.USB_VCP.elf.dir/Drivers/STM32F4xx_HAL_Driver/Src/stm32f4xx_hal_tim.c.obj
                0x08003846                HAL_TIM_IC_CaptureCallback
 .text.HAL_TIM_PWM_PulseFinishedCallback
                0x08003848        0x2 CMakeFiles/3.USB_VCP.elf.dir/Drivers/STM32F4xx_HAL_Driver/Src/stm32f4xx_hal_tim.c.obj
                0x08003848                HAL_TIM_PWM_PulseFinishedCallback
 .text.HAL_TIM_TriggerCallback
                0x0800384a        0x2 CMakeFiles/3.USB_VCP.elf.dir/Drivers/STM32F4xx_HAL_Driver/Src/stm32f4xx_hal_tim.c.obj
                0x0800384a                HAL_TIM_TriggerCallback
 .text.HAL_TIM_IRQHandler
                0x0800384c      0x15e CMakeFiles/3.USB_VCP.elf.dir/Drivers/STM32F4xx_HAL_Driver/Src/stm32f4xx_hal_tim.c.obj
                0x0800384c                HAL_TIM_IRQHandler
 *fill*         0x080039aa        0x2 
 .text.TIM_Base_SetConfig
                0x080039ac       0xd8 CMakeFiles/3.USB_VCP.elf.dir/Drivers/STM32F4xx_HAL_Driver/Src/stm32f4xx_hal_tim.c.obj
                0x080039ac                TIM_Base_SetConfig
 .text.HAL_TIM_Base_Init
                0x08003a84       0x58 CMakeFiles/3.USB_VCP.elf.dir/Drivers/STM32F4xx_HAL_Driver/Src/stm32f4xx_hal_tim.c.obj
                0x08003a84                HAL_TIM_Base_Init
 .text.HAL_TIMEx_CommutCallback
                0x08003adc        0x2 CMakeFiles/3.USB_VCP.elf.dir/Drivers/STM32F4xx_HAL_Driver/Src/stm32f4xx_hal_tim_ex.c.obj
                0x08003adc                HAL_TIMEx_CommutCallback
 .text.HAL_TIMEx_BreakCallback
                0x08003ade        0x2 CMakeFiles/3.USB_VCP.elf.dir/Drivers/STM32F4xx_HAL_Driver/Src/stm32f4xx_hal_tim_ex.c.obj
                0x08003ade                HAL_TIMEx_BreakCallback
 .text.USB_CoreReset
                0x08003ae0       0x4a CMakeFiles/3.USB_VCP.elf.dir/Drivers/STM32F4xx_HAL_Driver/Src/stm32f4xx_ll_usb.c.obj
 .text.USB_CoreInit
                0x08003b2a       0x92 CMakeFiles/3.USB_VCP.elf.dir/Drivers/STM32F4xx_HAL_Driver/Src/stm32f4xx_ll_usb.c.obj
                0x08003b2a                USB_CoreInit
 .text.USB_SetTurnaroundTime
                0x08003bbc       0xe4 CMakeFiles/3.USB_VCP.elf.dir/Drivers/STM32F4xx_HAL_Driver/Src/stm32f4xx_ll_usb.c.obj
                0x08003bbc                USB_SetTurnaroundTime
 .text.USB_EnableGlobalInt
                0x08003ca0        0xc CMakeFiles/3.USB_VCP.elf.dir/Drivers/STM32F4xx_HAL_Driver/Src/stm32f4xx_ll_usb.c.obj
                0x08003ca0                USB_EnableGlobalInt
 .text.USB_DisableGlobalInt
                0x08003cac        0xc CMakeFiles/3.USB_VCP.elf.dir/Drivers/STM32F4xx_HAL_Driver/Src/stm32f4xx_ll_usb.c.obj
                0x08003cac                USB_DisableGlobalInt
 .text.USB_FlushTxFifo
                0x08003cb8       0x4a CMakeFiles/3.USB_VCP.elf.dir/Drivers/STM32F4xx_HAL_Driver/Src/stm32f4xx_ll_usb.c.obj
                0x08003cb8                USB_FlushTxFifo
 .text.USB_FlushRxFifo
                0x08003d02       0x46 CMakeFiles/3.USB_VCP.elf.dir/Drivers/STM32F4xx_HAL_Driver/Src/stm32f4xx_ll_usb.c.obj
                0x08003d02                USB_FlushRxFifo
 .text.USB_SetDevSpeed
                0x08003d48        0xe CMakeFiles/3.USB_VCP.elf.dir/Drivers/STM32F4xx_HAL_Driver/Src/stm32f4xx_ll_usb.c.obj
                0x08003d48                USB_SetDevSpeed
 *fill*         0x08003d56        0x2 
 .text.USB_DevInit
                0x08003d58      0x194 CMakeFiles/3.USB_VCP.elf.dir/Drivers/STM32F4xx_HAL_Driver/Src/stm32f4xx_ll_usb.c.obj
                0x08003d58                USB_DevInit
 .text.USB_GetDevSpeed
                0x08003eec       0x22 CMakeFiles/3.USB_VCP.elf.dir/Drivers/STM32F4xx_HAL_Driver/Src/stm32f4xx_ll_usb.c.obj
                0x08003eec                USB_GetDevSpeed
 .text.USB_ActivateEndpoint
                0x08003f0e       0x9a CMakeFiles/3.USB_VCP.elf.dir/Drivers/STM32F4xx_HAL_Driver/Src/stm32f4xx_ll_usb.c.obj
                0x08003f0e                USB_ActivateEndpoint
 .text.USB_DeactivateEndpoint
                0x08003fa8       0xe0 CMakeFiles/3.USB_VCP.elf.dir/Drivers/STM32F4xx_HAL_Driver/Src/stm32f4xx_ll_usb.c.obj
                0x08003fa8                USB_DeactivateEndpoint
 .text.USB_EPStopXfer
                0x08004088       0xbe CMakeFiles/3.USB_VCP.elf.dir/Drivers/STM32F4xx_HAL_Driver/Src/stm32f4xx_ll_usb.c.obj
                0x08004088                USB_EPStopXfer
 .text.USB_WritePacket
                0x08004146       0x2e CMakeFiles/3.USB_VCP.elf.dir/Drivers/STM32F4xx_HAL_Driver/Src/stm32f4xx_ll_usb.c.obj
                0x08004146                USB_WritePacket
 .text.USB_EPStartXfer
                0x08004174      0x250 CMakeFiles/3.USB_VCP.elf.dir/Drivers/STM32F4xx_HAL_Driver/Src/stm32f4xx_ll_usb.c.obj
                0x08004174                USB_EPStartXfer
 .text.USB_ReadPacket
                0x080043c4       0x46 CMakeFiles/3.USB_VCP.elf.dir/Drivers/STM32F4xx_HAL_Driver/Src/stm32f4xx_ll_usb.c.obj
                0x080043c4                USB_ReadPacket
 .text.USB_EPSetStall
                0x0800440a       0x5a CMakeFiles/3.USB_VCP.elf.dir/Drivers/STM32F4xx_HAL_Driver/Src/stm32f4xx_ll_usb.c.obj
                0x0800440a                USB_EPSetStall
 .text.USB_EPClearStall
                0x08004464       0x5c CMakeFiles/3.USB_VCP.elf.dir/Drivers/STM32F4xx_HAL_Driver/Src/stm32f4xx_ll_usb.c.obj
                0x08004464                USB_EPClearStall
 .text.USB_SetDevAddress
                0x080044c0       0x20 CMakeFiles/3.USB_VCP.elf.dir/Drivers/STM32F4xx_HAL_Driver/Src/stm32f4xx_ll_usb.c.obj
                0x080044c0                USB_SetDevAddress
 .text.USB_DevConnect
                0x080044e0       0x1c CMakeFiles/3.USB_VCP.elf.dir/Drivers/STM32F4xx_HAL_Driver/Src/stm32f4xx_ll_usb.c.obj
                0x080044e0                USB_DevConnect
 .text.USB_DevDisconnect
                0x080044fc       0x1c CMakeFiles/3.USB_VCP.elf.dir/Drivers/STM32F4xx_HAL_Driver/Src/stm32f4xx_ll_usb.c.obj
                0x080044fc                USB_DevDisconnect
 .text.USB_ReadInterrupts
                0x08004518        0x8 CMakeFiles/3.USB_VCP.elf.dir/Drivers/STM32F4xx_HAL_Driver/Src/stm32f4xx_ll_usb.c.obj
                0x08004518                USB_ReadInterrupts
 .text.USB_ReadDevAllOutEpInterrupt
                0x08004520       0x10 CMakeFiles/3.USB_VCP.elf.dir/Drivers/STM32F4xx_HAL_Driver/Src/stm32f4xx_ll_usb.c.obj
                0x08004520                USB_ReadDevAllOutEpInterrupt
 .text.USB_ReadDevAllInEpInterrupt
                0x08004530       0x10 CMakeFiles/3.USB_VCP.elf.dir/Drivers/STM32F4xx_HAL_Driver/Src/stm32f4xx_ll_usb.c.obj
                0x08004530                USB_ReadDevAllInEpInterrupt
 .text.USB_ReadDevOutEPInterrupt
                0x08004540       0x12 CMakeFiles/3.USB_VCP.elf.dir/Drivers/STM32F4xx_HAL_Driver/Src/stm32f4xx_ll_usb.c.obj
                0x08004540                USB_ReadDevOutEPInterrupt
 .text.USB_ReadDevInEPInterrupt
                0x08004552       0x24 CMakeFiles/3.USB_VCP.elf.dir/Drivers/STM32F4xx_HAL_Driver/Src/stm32f4xx_ll_usb.c.obj
                0x08004552                USB_ReadDevInEPInterrupt
 .text.USB_GetMode
                0x08004576        0x8 CMakeFiles/3.USB_VCP.elf.dir/Drivers/STM32F4xx_HAL_Driver/Src/stm32f4xx_ll_usb.c.obj
                0x08004576                USB_GetMode
 .text.USB_SetCurrentMode
                0x0800457e       0x62 CMakeFiles/3.USB_VCP.elf.dir/Drivers/STM32F4xx_HAL_Driver/Src/stm32f4xx_ll_usb.c.obj
                0x0800457e                USB_SetCurrentMode
 .text.USB_ActivateSetup
                0x080045e0       0x20 CMakeFiles/3.USB_VCP.elf.dir/Drivers/STM32F4xx_HAL_Driver/Src/stm32f4xx_ll_usb.c.obj
                0x080045e0                USB_ActivateSetup
 .text.USB_EP0_OutStart
                0x08004600       0x60 CMakeFiles/3.USB_VCP.elf.dir/Drivers/STM32F4xx_HAL_Driver/Src/stm32f4xx_ll_usb.c.obj
                0x08004600                USB_EP0_OutStart
 .text.USBD_CDC_EP0_RxReady
                0x08004660       0x40 CMakeFiles/3.USB_VCP.elf.dir/Middlewares/ST/STM32_USB_Device_Library/Class/CDC/Src/usbd_cdc.c.obj
 .text.USBD_CDC_GetDeviceQualifierDescriptor
                0x080046a0        0xc CMakeFiles/3.USB_VCP.elf.dir/Middlewares/ST/STM32_USB_Device_Library/Class/CDC/Src/usbd_cdc.c.obj
                0x080046a0                USBD_CDC_GetDeviceQualifierDescriptor
 .text.USBD_CDC_GetOtherSpeedCfgDesc
                0x080046ac       0x48 CMakeFiles/3.USB_VCP.elf.dir/Middlewares/ST/STM32_USB_Device_Library/Class/CDC/Src/usbd_cdc.c.obj
 .text.USBD_CDC_GetFSCfgDesc
                0x080046f4       0x48 CMakeFiles/3.USB_VCP.elf.dir/Middlewares/ST/STM32_USB_Device_Library/Class/CDC/Src/usbd_cdc.c.obj
 .text.USBD_CDC_GetHSCfgDesc
                0x0800473c       0x48 CMakeFiles/3.USB_VCP.elf.dir/Middlewares/ST/STM32_USB_Device_Library/Class/CDC/Src/usbd_cdc.c.obj
 .text.USBD_CDC_DataOut
                0x08004784       0x38 CMakeFiles/3.USB_VCP.elf.dir/Middlewares/ST/STM32_USB_Device_Library/Class/CDC/Src/usbd_cdc.c.obj
 .text.USBD_CDC_DataIn
                0x080047bc       0x7c CMakeFiles/3.USB_VCP.elf.dir/Middlewares/ST/STM32_USB_Device_Library/Class/CDC/Src/usbd_cdc.c.obj
 .text.USBD_CDC_Setup
                0x08004838      0x11a CMakeFiles/3.USB_VCP.elf.dir/Middlewares/ST/STM32_USB_Device_Library/Class/CDC/Src/usbd_cdc.c.obj
 .text.USBD_CDC_DeInit
                0x08004952       0x64 CMakeFiles/3.USB_VCP.elf.dir/Middlewares/ST/STM32_USB_Device_Library/Class/CDC/Src/usbd_cdc.c.obj
 .text.USBD_CDC_Init
                0x080049b6       0xee CMakeFiles/3.USB_VCP.elf.dir/Middlewares/ST/STM32_USB_Device_Library/Class/CDC/Src/usbd_cdc.c.obj
 .text.USBD_CDC_RegisterInterface
                0x08004aa4       0x16 CMakeFiles/3.USB_VCP.elf.dir/Middlewares/ST/STM32_USB_Device_Library/Class/CDC/Src/usbd_cdc.c.obj
                0x08004aa4                USBD_CDC_RegisterInterface
 .text.USBD_CDC_SetTxBuffer
                0x08004aba       0x1c CMakeFiles/3.USB_VCP.elf.dir/Middlewares/ST/STM32_USB_Device_Library/Class/CDC/Src/usbd_cdc.c.obj
                0x08004aba                USBD_CDC_SetTxBuffer
 .text.USBD_CDC_SetRxBuffer
                0x08004ad6       0x18 CMakeFiles/3.USB_VCP.elf.dir/Middlewares/ST/STM32_USB_Device_Library/Class/CDC/Src/usbd_cdc.c.obj
                0x08004ad6                USBD_CDC_SetRxBuffer
 .text.USBD_CDC_TransmitPacket
                0x08004aee       0x36 CMakeFiles/3.USB_VCP.elf.dir/Middlewares/ST/STM32_USB_Device_Library/Class/CDC/Src/usbd_cdc.c.obj
                0x08004aee                USBD_CDC_TransmitPacket
 .text.USBD_CDC_ReceivePacket
                0x08004b24       0x38 CMakeFiles/3.USB_VCP.elf.dir/Middlewares/ST/STM32_USB_Device_Library/Class/CDC/Src/usbd_cdc.c.obj
                0x08004b24                USBD_CDC_ReceivePacket
 .text.USBD_Init
                0x08004b5c       0x2e CMakeFiles/3.USB_VCP.elf.dir/Middlewares/ST/STM32_USB_Device_Library/Core/Src/usbd_core.c.obj
                0x08004b5c                USBD_Init
 .text.USBD_RegisterClass
                0x08004b8a       0x34 CMakeFiles/3.USB_VCP.elf.dir/Middlewares/ST/STM32_USB_Device_Library/Core/Src/usbd_core.c.obj
                0x08004b8a                USBD_RegisterClass
 .text.USBD_Start
                0x08004bbe        0x8 CMakeFiles/3.USB_VCP.elf.dir/Middlewares/ST/STM32_USB_Device_Library/Core/Src/usbd_core.c.obj
                0x08004bbe                USBD_Start
 .text.USBD_SetClassConfig
                0x08004bc6       0x12 CMakeFiles/3.USB_VCP.elf.dir/Middlewares/ST/STM32_USB_Device_Library/Core/Src/usbd_core.c.obj
                0x08004bc6                USBD_SetClassConfig
 .text.USBD_ClrClassConfig
                0x08004bd8       0x12 CMakeFiles/3.USB_VCP.elf.dir/Middlewares/ST/STM32_USB_Device_Library/Core/Src/usbd_core.c.obj
                0x08004bd8                USBD_ClrClassConfig
 .text.USBD_LL_SetupStage
                0x08004bea       0x58 CMakeFiles/3.USB_VCP.elf.dir/Middlewares/ST/STM32_USB_Device_Library/Core/Src/usbd_core.c.obj
                0x08004bea                USBD_LL_SetupStage
 .text.USBD_LL_Reset
                0x08004c42       0x64 CMakeFiles/3.USB_VCP.elf.dir/Middlewares/ST/STM32_USB_Device_Library/Core/Src/usbd_core.c.obj
                0x08004c42                USBD_LL_Reset
 .text.USBD_LL_SetSpeed
                0x08004ca6        0x6 CMakeFiles/3.USB_VCP.elf.dir/Middlewares/ST/STM32_USB_Device_Library/Core/Src/usbd_core.c.obj
                0x08004ca6                USBD_LL_SetSpeed
 .text.USBD_LL_Suspend
                0x08004cac       0x1e CMakeFiles/3.USB_VCP.elf.dir/Middlewares/ST/STM32_USB_Device_Library/Core/Src/usbd_core.c.obj
                0x08004cac                USBD_LL_Suspend
 .text.USBD_LL_Resume
                0x08004cca       0x1a CMakeFiles/3.USB_VCP.elf.dir/Middlewares/ST/STM32_USB_Device_Library/Core/Src/usbd_core.c.obj
                0x08004cca                USBD_LL_Resume
 .text.USBD_LL_SOF
                0x08004ce4       0x22 CMakeFiles/3.USB_VCP.elf.dir/Middlewares/ST/STM32_USB_Device_Library/Core/Src/usbd_core.c.obj
                0x08004ce4                USBD_LL_SOF
 .text.USBD_LL_IsoINIncomplete
                0x08004d06       0x2e CMakeFiles/3.USB_VCP.elf.dir/Middlewares/ST/STM32_USB_Device_Library/Core/Src/usbd_core.c.obj
                0x08004d06                USBD_LL_IsoINIncomplete
 .text.USBD_LL_IsoOUTIncomplete
                0x08004d34       0x2e CMakeFiles/3.USB_VCP.elf.dir/Middlewares/ST/STM32_USB_Device_Library/Core/Src/usbd_core.c.obj
                0x08004d34                USBD_LL_IsoOUTIncomplete
 .text.USBD_LL_DevConnected
                0x08004d62        0x4 CMakeFiles/3.USB_VCP.elf.dir/Middlewares/ST/STM32_USB_Device_Library/Core/Src/usbd_core.c.obj
                0x08004d62                USBD_LL_DevConnected
 .text.USBD_LL_DevDisconnected
                0x08004d66       0x20 CMakeFiles/3.USB_VCP.elf.dir/Middlewares/ST/STM32_USB_Device_Library/Core/Src/usbd_core.c.obj
                0x08004d66                USBD_LL_DevDisconnected
 .text.USBD_CoreFindIF
                0x08004d86        0x4 CMakeFiles/3.USB_VCP.elf.dir/Middlewares/ST/STM32_USB_Device_Library/Core/Src/usbd_core.c.obj
                0x08004d86                USBD_CoreFindIF
 .text.USBD_CoreFindEP
                0x08004d8a        0x4 CMakeFiles/3.USB_VCP.elf.dir/Middlewares/ST/STM32_USB_Device_Library/Core/Src/usbd_core.c.obj
                0x08004d8a                USBD_CoreFindEP
 .text.USBD_LL_DataOutStage
                0x08004d8e       0xc6 CMakeFiles/3.USB_VCP.elf.dir/Middlewares/ST/STM32_USB_Device_Library/Core/Src/usbd_core.c.obj
                0x08004d8e                USBD_LL_DataOutStage
 .text.USBD_LL_DataInStage
                0x08004e54       0xd6 CMakeFiles/3.USB_VCP.elf.dir/Middlewares/ST/STM32_USB_Device_Library/Core/Src/usbd_core.c.obj
                0x08004e54                USBD_LL_DataInStage
 .text.USBD_GetNextDesc
                0x08004f2a        0xe CMakeFiles/3.USB_VCP.elf.dir/Middlewares/ST/STM32_USB_Device_Library/Core/Src/usbd_core.c.obj
                0x08004f2a                USBD_GetNextDesc
 .text.USBD_GetEpDesc
                0x08004f38       0x3e CMakeFiles/3.USB_VCP.elf.dir/Middlewares/ST/STM32_USB_Device_Library/Core/Src/usbd_core.c.obj
                0x08004f38                USBD_GetEpDesc
 .text.USBD_GetLen
                0x08004f76       0x14 CMakeFiles/3.USB_VCP.elf.dir/Middlewares/ST/STM32_USB_Device_Library/Core/Src/usbd_ctlreq.c.obj
 .text.USBD_ParseSetupRequest
                0x08004f8a       0x28 CMakeFiles/3.USB_VCP.elf.dir/Middlewares/ST/STM32_USB_Device_Library/Core/Src/usbd_ctlreq.c.obj
                0x08004f8a                USBD_ParseSetupRequest
 .text.USBD_CtlError
                0x08004fb2       0x14 CMakeFiles/3.USB_VCP.elf.dir/Middlewares/ST/STM32_USB_Device_Library/Core/Src/usbd_ctlreq.c.obj
                0x08004fb2                USBD_CtlError
 .text.USBD_GetDescriptor
                0x08004fc6      0x18a CMakeFiles/3.USB_VCP.elf.dir/Middlewares/ST/STM32_USB_Device_Library/Core/Src/usbd_ctlreq.c.obj
 .text.USBD_SetAddress
                0x08005150       0x50 CMakeFiles/3.USB_VCP.elf.dir/Middlewares/ST/STM32_USB_Device_Library/Core/Src/usbd_ctlreq.c.obj
 .text.USBD_SetConfig
                0x080051a0       0xcc CMakeFiles/3.USB_VCP.elf.dir/Middlewares/ST/STM32_USB_Device_Library/Core/Src/usbd_ctlreq.c.obj
 .text.USBD_GetConfig
                0x0800526c       0x40 CMakeFiles/3.USB_VCP.elf.dir/Middlewares/ST/STM32_USB_Device_Library/Core/Src/usbd_ctlreq.c.obj
 .text.USBD_GetStatus
                0x080052ac       0x38 CMakeFiles/3.USB_VCP.elf.dir/Middlewares/ST/STM32_USB_Device_Library/Core/Src/usbd_ctlreq.c.obj
 .text.USBD_SetFeature
                0x080052e4       0x2a CMakeFiles/3.USB_VCP.elf.dir/Middlewares/ST/STM32_USB_Device_Library/Core/Src/usbd_ctlreq.c.obj
 .text.USBD_ClrFeature
                0x0800530e       0x26 CMakeFiles/3.USB_VCP.elf.dir/Middlewares/ST/STM32_USB_Device_Library/Core/Src/usbd_ctlreq.c.obj
 .text.USBD_StdDevReq
                0x08005334       0x76 CMakeFiles/3.USB_VCP.elf.dir/Middlewares/ST/STM32_USB_Device_Library/Core/Src/usbd_ctlreq.c.obj
                0x08005334                USBD_StdDevReq
 .text.USBD_StdItfReq
                0x080053aa       0x84 CMakeFiles/3.USB_VCP.elf.dir/Middlewares/ST/STM32_USB_Device_Library/Core/Src/usbd_ctlreq.c.obj
                0x080053aa                USBD_StdItfReq
 .text.USBD_StdEPReq
                0x0800542e      0x230 CMakeFiles/3.USB_VCP.elf.dir/Middlewares/ST/STM32_USB_Device_Library/Core/Src/usbd_ctlreq.c.obj
                0x0800542e                USBD_StdEPReq
 .text.USBD_GetString
                0x0800565e       0x46 CMakeFiles/3.USB_VCP.elf.dir/Middlewares/ST/STM32_USB_Device_Library/Core/Src/usbd_ctlreq.c.obj
                0x0800565e                USBD_GetString
 .text.USBD_CtlSendData
                0x080056a4       0x1a CMakeFiles/3.USB_VCP.elf.dir/Middlewares/ST/STM32_USB_Device_Library/Core/Src/usbd_ioreq.c.obj
                0x080056a4                USBD_CtlSendData
 .text.USBD_CtlContinueSendData
                0x080056be       0x10 CMakeFiles/3.USB_VCP.elf.dir/Middlewares/ST/STM32_USB_Device_Library/Core/Src/usbd_ioreq.c.obj
                0x080056be                USBD_CtlContinueSendData
 .text.USBD_CtlPrepareRx
                0x080056ce       0x1e CMakeFiles/3.USB_VCP.elf.dir/Middlewares/ST/STM32_USB_Device_Library/Core/Src/usbd_ioreq.c.obj
                0x080056ce                USBD_CtlPrepareRx
 .text.USBD_CtlContinueRx
                0x080056ec       0x10 CMakeFiles/3.USB_VCP.elf.dir/Middlewares/ST/STM32_USB_Device_Library/Core/Src/usbd_ioreq.c.obj
                0x080056ec                USBD_CtlContinueRx
 .text.USBD_CtlSendStatus
                0x080056fc       0x16 CMakeFiles/3.USB_VCP.elf.dir/Middlewares/ST/STM32_USB_Device_Library/Core/Src/usbd_ioreq.c.obj
                0x080056fc                USBD_CtlSendStatus
 .text.USBD_CtlReceiveStatus
                0x08005712       0x16 CMakeFiles/3.USB_VCP.elf.dir/Middlewares/ST/STM32_USB_Device_Library/Core/Src/usbd_ioreq.c.obj
                0x08005712                USBD_CtlReceiveStatus
 .text.makeFreeRtosPriority
                0x08005728        0xc CMakeFiles/3.USB_VCP.elf.dir/Middlewares/Third_Party/FreeRTOS/Source/CMSIS_RTOS/cmsis_os.c.obj
 .text.osKernelStart
                0x08005734        0xa CMakeFiles/3.USB_VCP.elf.dir/Middlewares/Third_Party/FreeRTOS/Source/CMSIS_RTOS/cmsis_os.c.obj
                0x08005734                osKernelStart
 .text.osThreadCreate
                0x0800573e       0x66 CMakeFiles/3.USB_VCP.elf.dir/Middlewares/Third_Party/FreeRTOS/Source/CMSIS_RTOS/cmsis_os.c.obj
                0x0800573e                osThreadCreate
 .text.osDelay  0x080057a4        0xe CMakeFiles/3.USB_VCP.elf.dir/Middlewares/Third_Party/FreeRTOS/Source/CMSIS_RTOS/cmsis_os.c.obj
                0x080057a4                osDelay
 .text.vListInitialise
                0x080057b2       0x16 CMakeFiles/3.USB_VCP.elf.dir/Middlewares/Third_Party/FreeRTOS/Source/list.c.obj
                0x080057b2                vListInitialise
 .text.vListInitialiseItem
                0x080057c8        0x6 CMakeFiles/3.USB_VCP.elf.dir/Middlewares/Third_Party/FreeRTOS/Source/list.c.obj
                0x080057c8                vListInitialiseItem
 .text.vListInsertEnd
                0x080057ce       0x16 CMakeFiles/3.USB_VCP.elf.dir/Middlewares/Third_Party/FreeRTOS/Source/list.c.obj
                0x080057ce                vListInsertEnd
 .text.vListInsert
                0x080057e4       0x32 CMakeFiles/3.USB_VCP.elf.dir/Middlewares/Third_Party/FreeRTOS/Source/list.c.obj
                0x080057e4                vListInsert
 .text.uxListRemove
                0x08005816       0x26 CMakeFiles/3.USB_VCP.elf.dir/Middlewares/Third_Party/FreeRTOS/Source/list.c.obj
                0x08005816                uxListRemove
 .text.prvTaskExitError
                0x0800583c       0x40 CMakeFiles/3.USB_VCP.elf.dir/Middlewares/Third_Party/FreeRTOS/Source/portable/GCC/ARM_CM4F/port.c.obj
 .text.prvPortStartFirstTask
                0x0800587c       0x28 CMakeFiles/3.USB_VCP.elf.dir/Middlewares/Third_Party/FreeRTOS/Source/portable/GCC/ARM_CM4F/port.c.obj
 .text.vPortEnableVFP
                0x080058a4       0x14 CMakeFiles/3.USB_VCP.elf.dir/Middlewares/Third_Party/FreeRTOS/Source/portable/GCC/ARM_CM4F/port.c.obj
 .text.pxPortInitialiseStack
                0x080058b8       0x2c CMakeFiles/3.USB_VCP.elf.dir/Middlewares/Third_Party/FreeRTOS/Source/portable/GCC/ARM_CM4F/port.c.obj
                0x080058b8                pxPortInitialiseStack
 *fill*         0x080058e4        0xc 
 .text.SVC_Handler
                0x080058f0       0x24 CMakeFiles/3.USB_VCP.elf.dir/Middlewares/Third_Party/FreeRTOS/Source/portable/GCC/ARM_CM4F/port.c.obj
                0x080058f0                SVC_Handler
 .text.vPortEnterCritical
                0x08005914       0x44 CMakeFiles/3.USB_VCP.elf.dir/Middlewares/Third_Party/FreeRTOS/Source/portable/GCC/ARM_CM4F/port.c.obj
                0x08005914                vPortEnterCritical
 .text.vPortExitCritical
                0x08005958       0x2c CMakeFiles/3.USB_VCP.elf.dir/Middlewares/Third_Party/FreeRTOS/Source/portable/GCC/ARM_CM4F/port.c.obj
                0x08005958                vPortExitCritical
 *fill*         0x08005984        0xc 
 .text.PendSV_Handler
                0x08005990       0x64 CMakeFiles/3.USB_VCP.elf.dir/Middlewares/Third_Party/FreeRTOS/Source/portable/GCC/ARM_CM4F/port.c.obj
                0x08005990                PendSV_Handler
 .text.SysTick_Handler
                0x080059f4       0x2c CMakeFiles/3.USB_VCP.elf.dir/Middlewares/Third_Party/FreeRTOS/Source/portable/GCC/ARM_CM4F/port.c.obj
                0x080059f4                SysTick_Handler
 .text.vPortSetupTimerInterrupt
                0x08005a20       0x28 CMakeFiles/3.USB_VCP.elf.dir/Middlewares/Third_Party/FreeRTOS/Source/portable/GCC/ARM_CM4F/port.c.obj
                0x08005a20                vPortSetupTimerInterrupt
 .text.xPortStartScheduler
                0x08005a48      0x118 CMakeFiles/3.USB_VCP.elf.dir/Middlewares/Third_Party/FreeRTOS/Source/portable/GCC/ARM_CM4F/port.c.obj
                0x08005a48                xPortStartScheduler
 .text.prvHeapInit
                0x08005b60       0x64 CMakeFiles/3.USB_VCP.elf.dir/Middlewares/Third_Party/FreeRTOS/Source/portable/MemMang/heap_4.c.obj
 .text.prvInsertBlockIntoFreeList
                0x08005bc4       0x64 CMakeFiles/3.USB_VCP.elf.dir/Middlewares/Third_Party/FreeRTOS/Source/portable/MemMang/heap_4.c.obj
 .text.pvPortMalloc
                0x08005c28      0x104 CMakeFiles/3.USB_VCP.elf.dir/Middlewares/Third_Party/FreeRTOS/Source/portable/MemMang/heap_4.c.obj
                0x08005c28                pvPortMalloc
 .text.vPortFree
                0x08005d2c       0x7c CMakeFiles/3.USB_VCP.elf.dir/Middlewares/Third_Party/FreeRTOS/Source/portable/MemMang/heap_4.c.obj
                0x08005d2c                vPortFree
 .text.prvResetNextTaskUnblockTime
                0x08005da8       0x2c CMakeFiles/3.USB_VCP.elf.dir/Middlewares/Third_Party/FreeRTOS/Source/tasks.c.obj
 .text.prvInitialiseNewTask
                0x08005dd4       0xfc CMakeFiles/3.USB_VCP.elf.dir/Middlewares/Third_Party/FreeRTOS/Source/tasks.c.obj
 .text.prvInitialiseTaskLists
                0x08005ed0       0x68 CMakeFiles/3.USB_VCP.elf.dir/Middlewares/Third_Party/FreeRTOS/Source/tasks.c.obj
 .text.prvAddNewTaskToReadyList
                0x08005f38       0xa8 CMakeFiles/3.USB_VCP.elf.dir/Middlewares/Third_Party/FreeRTOS/Source/tasks.c.obj
 .text.prvDeleteTCB
                0x08005fe0       0x40 CMakeFiles/3.USB_VCP.elf.dir/Middlewares/Third_Party/FreeRTOS/Source/tasks.c.obj
 .text.prvCheckTasksWaitingTermination
                0x08006020       0x4c CMakeFiles/3.USB_VCP.elf.dir/Middlewares/Third_Party/FreeRTOS/Source/tasks.c.obj
 .text.prvIdleTask
                0x0800606c       0x28 CMakeFiles/3.USB_VCP.elf.dir/Middlewares/Third_Party/FreeRTOS/Source/tasks.c.obj
 .text.prvAddCurrentTaskToDelayedList
                0x08006094       0x98 CMakeFiles/3.USB_VCP.elf.dir/Middlewares/Third_Party/FreeRTOS/Source/tasks.c.obj
 .text.xTaskCreateStatic
                0x0800612c       0x7a CMakeFiles/3.USB_VCP.elf.dir/Middlewares/Third_Party/FreeRTOS/Source/tasks.c.obj
                0x0800612c                xTaskCreateStatic
 .text.xTaskCreate
                0x080061a6       0x66 CMakeFiles/3.USB_VCP.elf.dir/Middlewares/Third_Party/FreeRTOS/Source/tasks.c.obj
                0x080061a6                xTaskCreate
 .text.vTaskStartScheduler
                0x0800620c       0x84 CMakeFiles/3.USB_VCP.elf.dir/Middlewares/Third_Party/FreeRTOS/Source/tasks.c.obj
                0x0800620c                vTaskStartScheduler
 .text.vTaskSuspendAll
                0x08006290       0x10 CMakeFiles/3.USB_VCP.elf.dir/Middlewares/Third_Party/FreeRTOS/Source/tasks.c.obj
                0x08006290                vTaskSuspendAll
 .text.xTaskIncrementTick
                0x080062a0      0x118 CMakeFiles/3.USB_VCP.elf.dir/Middlewares/Third_Party/FreeRTOS/Source/tasks.c.obj
                0x080062a0                xTaskIncrementTick
 .text.xTaskResumeAll
                0x080063b8       0xf8 CMakeFiles/3.USB_VCP.elf.dir/Middlewares/Third_Party/FreeRTOS/Source/tasks.c.obj
                0x080063b8                xTaskResumeAll
 .text.vTaskDelay
                0x080064b0       0x4c CMakeFiles/3.USB_VCP.elf.dir/Middlewares/Third_Party/FreeRTOS/Source/tasks.c.obj
                0x080064b0                vTaskDelay
 .text.vTaskSwitchContext
                0x080064fc       0xa4 CMakeFiles/3.USB_VCP.elf.dir/Middlewares/Third_Party/FreeRTOS/Source/tasks.c.obj
                0x080064fc                vTaskSwitchContext
 .text.MX_USB_DEVICE_Init
                0x080065a0       0x54 CMakeFiles/3.USB_VCP.elf.dir/USB_DEVICE/App/usb_device.c.obj
                0x080065a0                MX_USB_DEVICE_Init
 .text.CDC_DeInit_FS
                0x080065f4        0x4 CMakeFiles/3.USB_VCP.elf.dir/USB_DEVICE/App/usbd_cdc_if.c.obj
 .text.CDC_Control_FS
                0x080065f8        0x4 CMakeFiles/3.USB_VCP.elf.dir/USB_DEVICE/App/usbd_cdc_if.c.obj
 .text.CDC_TransmitCplt_FS
                0x080065fc        0x4 CMakeFiles/3.USB_VCP.elf.dir/USB_DEVICE/App/usbd_cdc_if.c.obj
 .text.CDC_Receive_FS
                0x08006600       0x20 CMakeFiles/3.USB_VCP.elf.dir/USB_DEVICE/App/usbd_cdc_if.c.obj
 .text.CDC_Init_FS
                0x08006620       0x28 CMakeFiles/3.USB_VCP.elf.dir/USB_DEVICE/App/usbd_cdc_if.c.obj
 .text.CDC_Transmit_FS
                0x08006648       0x40 CMakeFiles/3.USB_VCP.elf.dir/USB_DEVICE/App/usbd_cdc_if.c.obj
                0x08006648                CDC_Transmit_FS
 .text.USBD_FS_DeviceDescriptor
                0x08006688        0xc CMakeFiles/3.USB_VCP.elf.dir/USB_DEVICE/App/usbd_desc.c.obj
                0x08006688                USBD_FS_DeviceDescriptor
 .text.USBD_FS_LangIDStrDescriptor
                0x08006694        0xc CMakeFiles/3.USB_VCP.elf.dir/USB_DEVICE/App/usbd_desc.c.obj
                0x08006694                USBD_FS_LangIDStrDescriptor
 .text.IntToUnicode
                0x080066a0       0x46 CMakeFiles/3.USB_VCP.elf.dir/USB_DEVICE/App/usbd_desc.c.obj
 *fill*         0x080066e6        0x2 
 .text.Get_SerialNum
                0x080066e8       0x38 CMakeFiles/3.USB_VCP.elf.dir/USB_DEVICE/App/usbd_desc.c.obj
 .text.USBD_FS_SerialStrDescriptor
                0x08006720       0x14 CMakeFiles/3.USB_VCP.elf.dir/USB_DEVICE/App/usbd_desc.c.obj
                0x08006720                USBD_FS_SerialStrDescriptor
 .text.USBD_FS_ProductStrDescriptor
                0x08006734       0x24 CMakeFiles/3.USB_VCP.elf.dir/USB_DEVICE/App/usbd_desc.c.obj
                0x08006734                USBD_FS_ProductStrDescriptor
 .text.USBD_FS_ManufacturerStrDescriptor
                0x08006758       0x1c CMakeFiles/3.USB_VCP.elf.dir/USB_DEVICE/App/usbd_desc.c.obj
                0x08006758                USBD_FS_ManufacturerStrDescriptor
 .text.USBD_FS_ConfigStrDescriptor
                0x08006774       0x24 CMakeFiles/3.USB_VCP.elf.dir/USB_DEVICE/App/usbd_desc.c.obj
                0x08006774                USBD_FS_ConfigStrDescriptor
 .text.USBD_FS_InterfaceStrDescriptor
                0x08006798       0x24 CMakeFiles/3.USB_VCP.elf.dir/USB_DEVICE/App/usbd_desc.c.obj
                0x08006798                USBD_FS_InterfaceStrDescriptor
 .text.HAL_PCD_MspInit
                0x080067bc       0xdc CMakeFiles/3.USB_VCP.elf.dir/USB_DEVICE/Target/usbd_conf.c.obj
                0x080067bc                HAL_PCD_MspInit
 .text.HAL_PCD_SetupStageCallback
                0x08006898       0x10 CMakeFiles/3.USB_VCP.elf.dir/USB_DEVICE/Target/usbd_conf.c.obj
                0x08006898                HAL_PCD_SetupStageCallback
 .text.HAL_PCD_DataOutStageCallback
                0x080068a8       0x18 CMakeFiles/3.USB_VCP.elf.dir/USB_DEVICE/Target/usbd_conf.c.obj
                0x080068a8                HAL_PCD_DataOutStageCallback
 .text.HAL_PCD_DataInStageCallback
                0x080068c0       0x16 CMakeFiles/3.USB_VCP.elf.dir/USB_DEVICE/Target/usbd_conf.c.obj
                0x080068c0                HAL_PCD_DataInStageCallback
 .text.HAL_PCD_SOFCallback
                0x080068d6        0xc CMakeFiles/3.USB_VCP.elf.dir/USB_DEVICE/Target/usbd_conf.c.obj
                0x080068d6                HAL_PCD_SOFCallback
 .text.HAL_PCD_ResetCallback
                0x080068e2       0x28 CMakeFiles/3.USB_VCP.elf.dir/USB_DEVICE/Target/usbd_conf.c.obj
                0x080068e2                HAL_PCD_ResetCallback
 *fill*         0x0800690a        0x2 
 .text.HAL_PCD_SuspendCallback
                0x0800690c       0x30 CMakeFiles/3.USB_VCP.elf.dir/USB_DEVICE/Target/usbd_conf.c.obj
                0x0800690c                HAL_PCD_SuspendCallback
 .text.HAL_PCD_ResumeCallback
                0x0800693c        0xc CMakeFiles/3.USB_VCP.elf.dir/USB_DEVICE/Target/usbd_conf.c.obj
                0x0800693c                HAL_PCD_ResumeCallback
 .text.HAL_PCD_ISOOUTIncompleteCallback
                0x08006948        0xc CMakeFiles/3.USB_VCP.elf.dir/USB_DEVICE/Target/usbd_conf.c.obj
                0x08006948                HAL_PCD_ISOOUTIncompleteCallback
 .text.HAL_PCD_ISOINIncompleteCallback
                0x08006954        0xc CMakeFiles/3.USB_VCP.elf.dir/USB_DEVICE/Target/usbd_conf.c.obj
                0x08006954                HAL_PCD_ISOINIncompleteCallback
 .text.HAL_PCD_ConnectCallback
                0x08006960        0xc CMakeFiles/3.USB_VCP.elf.dir/USB_DEVICE/Target/usbd_conf.c.obj
                0x08006960                HAL_PCD_ConnectCallback
 .text.HAL_PCD_DisconnectCallback
                0x0800696c        0xc CMakeFiles/3.USB_VCP.elf.dir/USB_DEVICE/Target/usbd_conf.c.obj
                0x0800696c                HAL_PCD_DisconnectCallback
 .text.USBD_LL_Init
                0x08006978       0x68 CMakeFiles/3.USB_VCP.elf.dir/USB_DEVICE/Target/usbd_conf.c.obj
                0x08006978                USBD_LL_Init
 .text.USBD_LL_IsStallEP
                0x080069e0       0x2c CMakeFiles/3.USB_VCP.elf.dir/USB_DEVICE/Target/usbd_conf.c.obj
                0x080069e0                USBD_LL_IsStallEP
 .text.USBD_LL_GetRxDataSize
                0x08006a0c        0xc CMakeFiles/3.USB_VCP.elf.dir/USB_DEVICE/Target/usbd_conf.c.obj
                0x08006a0c                USBD_LL_GetRxDataSize
 .text.USBD_static_malloc
                0x08006a18        0x8 CMakeFiles/3.USB_VCP.elf.dir/USB_DEVICE/Target/usbd_conf.c.obj
                0x08006a18                USBD_static_malloc
 .text.USBD_static_free
                0x08006a20        0x2 CMakeFiles/3.USB_VCP.elf.dir/USB_DEVICE/Target/usbd_conf.c.obj
                0x08006a20                USBD_static_free
 .text.USBD_Get_USB_Status
                0x08006a22       0x14 CMakeFiles/3.USB_VCP.elf.dir/USB_DEVICE/Target/usbd_conf.c.obj
                0x08006a22                USBD_Get_USB_Status
 .text.USBD_LL_Start
                0x08006a36       0x10 CMakeFiles/3.USB_VCP.elf.dir/USB_DEVICE/Target/usbd_conf.c.obj
                0x08006a36                USBD_LL_Start
 .text.USBD_LL_OpenEP
                0x08006a46       0x16 CMakeFiles/3.USB_VCP.elf.dir/USB_DEVICE/Target/usbd_conf.c.obj
                0x08006a46                USBD_LL_OpenEP
 .text.USBD_LL_CloseEP
                0x08006a5c       0x10 CMakeFiles/3.USB_VCP.elf.dir/USB_DEVICE/Target/usbd_conf.c.obj
                0x08006a5c                USBD_LL_CloseEP
 .text.USBD_LL_StallEP
                0x08006a6c       0x10 CMakeFiles/3.USB_VCP.elf.dir/USB_DEVICE/Target/usbd_conf.c.obj
                0x08006a6c                USBD_LL_StallEP
 .text.USBD_LL_ClearStallEP
                0x08006a7c       0x10 CMakeFiles/3.USB_VCP.elf.dir/USB_DEVICE/Target/usbd_conf.c.obj
                0x08006a7c                USBD_LL_ClearStallEP
 .text.USBD_LL_SetUSBAddress
                0x08006a8c       0x10 CMakeFiles/3.USB_VCP.elf.dir/USB_DEVICE/Target/usbd_conf.c.obj
                0x08006a8c                USBD_LL_SetUSBAddress
 .text.USBD_LL_Transmit
                0x08006a9c       0x10 CMakeFiles/3.USB_VCP.elf.dir/USB_DEVICE/Target/usbd_conf.c.obj
                0x08006a9c                USBD_LL_Transmit
 .text.USBD_LL_PrepareReceive
                0x08006aac       0x10 CMakeFiles/3.USB_VCP.elf.dir/USB_DEVICE/Target/usbd_conf.c.obj
                0x08006aac                USBD_LL_PrepareReceive
 .text.cpp_main
                0x08006abc        0x0 CMakeFiles/3.USB_VCP.elf.dir/User_CPP/UserTask/Src/CPP_main.cpp.obj
                0x08006abc                cpp_main
 .text._ZN8USB_Data19CPP_USBData_ProcessEv
                0x08006abc       0x50 CMakeFiles/3.USB_VCP.elf.dir/User_CPP/UserTask/Src/USB_task.cpp.obj
                0x08006abc                USB_Data::CPP_USBData_Process()
 .text._ZN8USB_Data19CPP_USBData_GetDataEPhPm
                0x08006b0c       0x22 CMakeFiles/3.USB_VCP.elf.dir/User_CPP/UserTask/Src/USB_task.cpp.obj
                0x08006b0c                USB_Data::CPP_USBData_GetData(unsigned char*, unsigned long*)
 .text._ZN8USB_Data20CPP_USBData_SendDataEPhPm
                0x08006b2e       0x42 CMakeFiles/3.USB_VCP.elf.dir/User_CPP/UserTask/Src/USB_task.cpp.obj
                0x08006b2e                USB_Data::CPP_USBData_SendData(unsigned char*, unsigned long*)
 .text._Z12CPP_USB_Taskv
                0x08006b70       0x2c CMakeFiles/3.USB_VCP.elf.dir/User_CPP/UserTask/Src/USB_task.cpp.obj
                0x08006b70                CPP_USB_Task()
 .text.USB_Task
                0x08006b9c        0x6 CMakeFiles/3.USB_VCP.elf.dir/User_CPP/UserTask/Src/USB_task.cpp.obj
                0x08006b9c                USB_Task
 *fill*         0x08006ba2        0x2 
 .text.USBData_GetData
                0x08006ba4       0x14 CMakeFiles/3.USB_VCP.elf.dir/User_CPP/UserTask/Src/USB_task.cpp.obj
                0x08006ba4                USBData_GetData
 .text.abort    0x08006bb8        0xe D:/Program Files/STM32CubeCLT_1.17.0/GNU-tools-for-STM32/bin/../lib/gcc/arm-none-eabi/12.3.1/../../../../arm-none-eabi/lib/thumb/v7e-m+fp/hard\libg.a(libc_a-abort.o)
                0x08006bb8                abort
 *fill*         0x08006bc6        0x2 
 .text.std      0x08006bc8       0x6c D:/Program Files/STM32CubeCLT_1.17.0/GNU-tools-for-STM32/bin/../lib/gcc/arm-none-eabi/12.3.1/../../../../arm-none-eabi/lib/thumb/v7e-m+fp/hard\libg.a(libc_a-findfp.o)
 .text.stdio_exit_handler
                0x08006c34       0x18 D:/Program Files/STM32CubeCLT_1.17.0/GNU-tools-for-STM32/bin/../lib/gcc/arm-none-eabi/12.3.1/../../../../arm-none-eabi/lib/thumb/v7e-m+fp/hard\libg.a(libc_a-findfp.o)
 .text.cleanup_stdio
                0x08006c4c       0x40 D:/Program Files/STM32CubeCLT_1.17.0/GNU-tools-for-STM32/bin/../lib/gcc/arm-none-eabi/12.3.1/../../../../arm-none-eabi/lib/thumb/v7e-m+fp/hard\libg.a(libc_a-findfp.o)
 .text.global_stdio_init.part.0
                0x08006c8c       0x3c D:/Program Files/STM32CubeCLT_1.17.0/GNU-tools-for-STM32/bin/../lib/gcc/arm-none-eabi/12.3.1/../../../../arm-none-eabi/lib/thumb/v7e-m+fp/hard\libg.a(libc_a-findfp.o)
 .text.__sfp_lock_acquire
                0x08006cc8        0xc D:/Program Files/STM32CubeCLT_1.17.0/GNU-tools-for-STM32/bin/../lib/gcc/arm-none-eabi/12.3.1/../../../../arm-none-eabi/lib/thumb/v7e-m+fp/hard\libg.a(libc_a-findfp.o)
                0x08006cc8                __sfp_lock_acquire
 .text.__sfp_lock_release
                0x08006cd4        0xc D:/Program Files/STM32CubeCLT_1.17.0/GNU-tools-for-STM32/bin/../lib/gcc/arm-none-eabi/12.3.1/../../../../arm-none-eabi/lib/thumb/v7e-m+fp/hard\libg.a(libc_a-findfp.o)
                0x08006cd4                __sfp_lock_release
 .text.__sinit  0x08006ce0       0x30 D:/Program Files/STM32CubeCLT_1.17.0/GNU-tools-for-STM32/bin/../lib/gcc/arm-none-eabi/12.3.1/../../../../arm-none-eabi/lib/thumb/v7e-m+fp/hard\libg.a(libc_a-findfp.o)
                0x08006ce0                __sinit
 .text._fwalk_sglue
                0x08006d10       0x3c D:/Program Files/STM32CubeCLT_1.17.0/GNU-tools-for-STM32/bin/../lib/gcc/arm-none-eabi/12.3.1/../../../../arm-none-eabi/lib/thumb/v7e-m+fp/hard\libg.a(libc_a-fwalk.o)
                0x08006d10                _fwalk_sglue
 .text.sprintf  0x08006d4c       0x40 D:/Program Files/STM32CubeCLT_1.17.0/GNU-tools-for-STM32/bin/../lib/gcc/arm-none-eabi/12.3.1/../../../../arm-none-eabi/lib/thumb/v7e-m+fp/hard\libg.a(libc_a-sprintf.o)
                0x08006d4c                sprintf
 .text.__sread  0x08006d8c       0x22 D:/Program Files/STM32CubeCLT_1.17.0/GNU-tools-for-STM32/bin/../lib/gcc/arm-none-eabi/12.3.1/../../../../arm-none-eabi/lib/thumb/v7e-m+fp/hard\libg.a(libc_a-stdio.o)
                0x08006d8c                __sread
 .text.__swrite
                0x08006dae       0x38 D:/Program Files/STM32CubeCLT_1.17.0/GNU-tools-for-STM32/bin/../lib/gcc/arm-none-eabi/12.3.1/../../../../arm-none-eabi/lib/thumb/v7e-m+fp/hard\libg.a(libc_a-stdio.o)
                0x08006dae                __swrite
 .text.__sseek  0x08006de6       0x24 D:/Program Files/STM32CubeCLT_1.17.0/GNU-tools-for-STM32/bin/../lib/gcc/arm-none-eabi/12.3.1/../../../../arm-none-eabi/lib/thumb/v7e-m+fp/hard\libg.a(libc_a-stdio.o)
                0x08006de6                __sseek
 .text.__sclose
                0x08006e0a        0x8 D:/Program Files/STM32CubeCLT_1.17.0/GNU-tools-for-STM32/bin/../lib/gcc/arm-none-eabi/12.3.1/../../../../arm-none-eabi/lib/thumb/v7e-m+fp/hard\libg.a(libc_a-stdio.o)
                0x08006e0a                __sclose
 .text.memset   0x08006e12       0x10 D:/Program Files/STM32CubeCLT_1.17.0/GNU-tools-for-STM32/bin/../lib/gcc/arm-none-eabi/12.3.1/../../../../arm-none-eabi/lib/thumb/v7e-m+fp/hard\libg.a(libc_a-memset.o)
                0x08006e12                memset
 .text._raise_r
                0x08006e22       0x52 D:/Program Files/STM32CubeCLT_1.17.0/GNU-tools-for-STM32/bin/../lib/gcc/arm-none-eabi/12.3.1/../../../../arm-none-eabi/lib/thumb/v7e-m+fp/hard\libg.a(libc_a-signal.o)
                0x08006e22                _raise_r
 .text.raise    0x08006e74       0x10 D:/Program Files/STM32CubeCLT_1.17.0/GNU-tools-for-STM32/bin/../lib/gcc/arm-none-eabi/12.3.1/../../../../arm-none-eabi/lib/thumb/v7e-m+fp/hard\libg.a(libc_a-signal.o)
                0x08006e74                raise
 .text._close_r
                0x08006e84       0x20 D:/Program Files/STM32CubeCLT_1.17.0/GNU-tools-for-STM32/bin/../lib/gcc/arm-none-eabi/12.3.1/../../../../arm-none-eabi/lib/thumb/v7e-m+fp/hard\libg.a(libc_a-closer.o)
                0x08006e84                _close_r
 .text._reclaim_reent
                0x08006ea4       0x58 D:/Program Files/STM32CubeCLT_1.17.0/GNU-tools-for-STM32/bin/../lib/gcc/arm-none-eabi/12.3.1/../../../../arm-none-eabi/lib/thumb/v7e-m+fp/hard\libg.a(libc_a-reent.o)
                0x08006ea4                _reclaim_reent
 .text._lseek_r
                0x08006efc       0x24 D:/Program Files/STM32CubeCLT_1.17.0/GNU-tools-for-STM32/bin/../lib/gcc/arm-none-eabi/12.3.1/../../../../arm-none-eabi/lib/thumb/v7e-m+fp/hard\libg.a(libc_a-lseekr.o)
                0x08006efc                _lseek_r
 .text._read_r  0x08006f20       0x24 D:/Program Files/STM32CubeCLT_1.17.0/GNU-tools-for-STM32/bin/../lib/gcc/arm-none-eabi/12.3.1/../../../../arm-none-eabi/lib/thumb/v7e-m+fp/hard\libg.a(libc_a-readr.o)
                0x08006f20                _read_r
 .text._kill_r  0x08006f44       0x24 D:/Program Files/STM32CubeCLT_1.17.0/GNU-tools-for-STM32/bin/../lib/gcc/arm-none-eabi/12.3.1/../../../../arm-none-eabi/lib/thumb/v7e-m+fp/hard\libg.a(libc_a-signalr.o)
                0x08006f44                _kill_r
 .text._getpid_r
                0x08006f68        0x4 D:/Program Files/STM32CubeCLT_1.17.0/GNU-tools-for-STM32/bin/../lib/gcc/arm-none-eabi/12.3.1/../../../../arm-none-eabi/lib/thumb/v7e-m+fp/hard\libg.a(libc_a-signalr.o)
                0x08006f68                _getpid_r
 .text._write_r
                0x08006f6c       0x24 D:/Program Files/STM32CubeCLT_1.17.0/GNU-tools-for-STM32/bin/../lib/gcc/arm-none-eabi/12.3.1/../../../../arm-none-eabi/lib/thumb/v7e-m+fp/hard\libg.a(libc_a-writer.o)
                0x08006f6c                _write_r
 .text.__errno  0x08006f90        0xc D:/Program Files/STM32CubeCLT_1.17.0/GNU-tools-for-STM32/bin/../lib/gcc/arm-none-eabi/12.3.1/../../../../arm-none-eabi/lib/thumb/v7e-m+fp/hard\libg.a(libc_a-errno.o)
                0x08006f90                __errno
 .text.__libc_init_array
                0x08006f9c       0x48 D:/Program Files/STM32CubeCLT_1.17.0/GNU-tools-for-STM32/bin/../lib/gcc/arm-none-eabi/12.3.1/../../../../arm-none-eabi/lib/thumb/v7e-m+fp/hard\libg.a(libc_a-init.o)
                0x08006f9c                __libc_init_array
 .text.__retarget_lock_init_recursive
                0x08006fe4        0x2 D:/Program Files/STM32CubeCLT_1.17.0/GNU-tools-for-STM32/bin/../lib/gcc/arm-none-eabi/12.3.1/../../../../arm-none-eabi/lib/thumb/v7e-m+fp/hard\libg.a(libc_a-lock.o)
                0x08006fe4                __retarget_lock_init_recursive
 .text.__retarget_lock_close_recursive
                0x08006fe6        0x2 D:/Program Files/STM32CubeCLT_1.17.0/GNU-tools-for-STM32/bin/../lib/gcc/arm-none-eabi/12.3.1/../../../../arm-none-eabi/lib/thumb/v7e-m+fp/hard\libg.a(libc_a-lock.o)
                0x08006fe6                __retarget_lock_close_recursive
 .text.__retarget_lock_acquire_recursive
                0x08006fe8        0x2 D:/Program Files/STM32CubeCLT_1.17.0/GNU-tools-for-STM32/bin/../lib/gcc/arm-none-eabi/12.3.1/../../../../arm-none-eabi/lib/thumb/v7e-m+fp/hard\libg.a(libc_a-lock.o)
                0x08006fe8                __retarget_lock_acquire_recursive
 .text.__retarget_lock_release_recursive
                0x08006fea        0x2 D:/Program Files/STM32CubeCLT_1.17.0/GNU-tools-for-STM32/bin/../lib/gcc/arm-none-eabi/12.3.1/../../../../arm-none-eabi/lib/thumb/v7e-m+fp/hard\libg.a(libc_a-lock.o)
                0x08006fea                __retarget_lock_release_recursive
 .text.memcpy   0x08006fec       0x1c D:/Program Files/STM32CubeCLT_1.17.0/GNU-tools-for-STM32/bin/../lib/gcc/arm-none-eabi/12.3.1/../../../../arm-none-eabi/lib/thumb/v7e-m+fp/hard\libg.a(libc_a-memcpy-stub.o)
                0x08006fec                memcpy
 .text.startup.register_fini
                0x08007008       0x14 D:/Program Files/STM32CubeCLT_1.17.0/GNU-tools-for-STM32/bin/../lib/gcc/arm-none-eabi/12.3.1/../../../../arm-none-eabi/lib/thumb/v7e-m+fp/hard\libg.a(libc_a-__call_atexit.o)
 .text.atexit   0x0800701c        0xc D:/Program Files/STM32CubeCLT_1.17.0/GNU-tools-for-STM32/bin/../lib/gcc/arm-none-eabi/12.3.1/../../../../arm-none-eabi/lib/thumb/v7e-m+fp/hard\libg.a(libc_a-atexit.o)
                0x0800701c                atexit
 .text._malloc_trim_r
                0x08007028       0xac D:/Program Files/STM32CubeCLT_1.17.0/GNU-tools-for-STM32/bin/../lib/gcc/arm-none-eabi/12.3.1/../../../../arm-none-eabi/lib/thumb/v7e-m+fp/hard\libg.a(libc_a-freer.o)
                0x08007028                _malloc_trim_r
 .text._free_r  0x080070d4      0x180 D:/Program Files/STM32CubeCLT_1.17.0/GNU-tools-for-STM32/bin/../lib/gcc/arm-none-eabi/12.3.1/../../../../arm-none-eabi/lib/thumb/v7e-m+fp/hard\libg.a(libc_a-freer.o)
                0x080070d4                _free_r
 .text._malloc_r
                0x08007254      0x474 D:/Program Files/STM32CubeCLT_1.17.0/GNU-tools-for-STM32/bin/../lib/gcc/arm-none-eabi/12.3.1/../../../../arm-none-eabi/lib/thumb/v7e-m+fp/hard\libg.a(libc_a-mallocr.o)
                0x08007254                _malloc_r
 .text.__malloc_lock
                0x080076c8        0xc D:/Program Files/STM32CubeCLT_1.17.0/GNU-tools-for-STM32/bin/../lib/gcc/arm-none-eabi/12.3.1/../../../../arm-none-eabi/lib/thumb/v7e-m+fp/hard\libg.a(libc_a-mlock.o)
                0x080076c8                __malloc_lock
 .text.__malloc_unlock
                0x080076d4        0xc D:/Program Files/STM32CubeCLT_1.17.0/GNU-tools-for-STM32/bin/../lib/gcc/arm-none-eabi/12.3.1/../../../../arm-none-eabi/lib/thumb/v7e-m+fp/hard\libg.a(libc_a-mlock.o)
                0x080076d4                __malloc_unlock
 .text._svfprintf_r
                0x080076e0     0x13bc D:/Program Files/STM32CubeCLT_1.17.0/GNU-tools-for-STM32/bin/../lib/gcc/arm-none-eabi/12.3.1/../../../../arm-none-eabi/lib/thumb/v7e-m+fp/hard\libg.a(libc_a-svfprintf.o)
                0x080076e0                _svfprintf_r
 .text._fclose_r
                0x08008a9c       0xaa D:/Program Files/STM32CubeCLT_1.17.0/GNU-tools-for-STM32/bin/../lib/gcc/arm-none-eabi/12.3.1/../../../../arm-none-eabi/lib/thumb/v7e-m+fp/hard\libg.a(libc_a-fclose.o)
                0x08008a9c                _fclose_r
 *fill*         0x08008b46        0x2 
 .text.__sflush_r
                0x08008b48      0x110 D:/Program Files/STM32CubeCLT_1.17.0/GNU-tools-for-STM32/bin/../lib/gcc/arm-none-eabi/12.3.1/../../../../arm-none-eabi/lib/thumb/v7e-m+fp/hard\libg.a(libc_a-fflush.o)
                0x08008b48                __sflush_r
 .text._fflush_r
                0x08008c58       0x4a D:/Program Files/STM32CubeCLT_1.17.0/GNU-tools-for-STM32/bin/../lib/gcc/arm-none-eabi/12.3.1/../../../../arm-none-eabi/lib/thumb/v7e-m+fp/hard\libg.a(libc_a-fflush.o)
                0x08008c58                _fflush_r
 .text.strncpy  0x08008ca2       0x26 D:/Program Files/STM32CubeCLT_1.17.0/GNU-tools-for-STM32/bin/../lib/gcc/arm-none-eabi/12.3.1/../../../../arm-none-eabi/lib/thumb/v7e-m+fp/hard\libg.a(libc_a-strncpy.o)
                0x08008ca2                strncpy
 .text._localeconv_r
                0x08008cc8        0x8 D:/Program Files/STM32CubeCLT_1.17.0/GNU-tools-for-STM32/bin/../lib/gcc/arm-none-eabi/12.3.1/../../../../arm-none-eabi/lib/thumb/v7e-m+fp/hard\libg.a(libc_a-localeconv.o)
                0x08008cc8                _localeconv_r
 .text._sbrk_r  0x08008cd0       0x20 D:/Program Files/STM32CubeCLT_1.17.0/GNU-tools-for-STM32/bin/../lib/gcc/arm-none-eabi/12.3.1/../../../../arm-none-eabi/lib/thumb/v7e-m+fp/hard\libg.a(libc_a-sbrkr.o)
                0x08008cd0                _sbrk_r
 .text.__libc_fini_array
                0x08008cf0       0x28 D:/Program Files/STM32CubeCLT_1.17.0/GNU-tools-for-STM32/bin/../lib/gcc/arm-none-eabi/12.3.1/../../../../arm-none-eabi/lib/thumb/v7e-m+fp/hard\libg.a(libc_a-fini.o)
                0x08008cf0                __libc_fini_array
 .text.sysconf  0x08008d18       0x18 D:/Program Files/STM32CubeCLT_1.17.0/GNU-tools-for-STM32/bin/../lib/gcc/arm-none-eabi/12.3.1/../../../../arm-none-eabi/lib/thumb/v7e-m+fp/hard\libg.a(libc_a-sysconf.o)
                0x08008d18                sysconf
 .text.frexp    0x08008d30       0x6c D:/Program Files/STM32CubeCLT_1.17.0/GNU-tools-for-STM32/bin/../lib/gcc/arm-none-eabi/12.3.1/../../../../arm-none-eabi/lib/thumb/v7e-m+fp/hard\libg.a(libm_a-s_frexp.o)
                0x08008d30                frexp
 .text.__register_exitproc
                0x08008d9c       0x80 D:/Program Files/STM32CubeCLT_1.17.0/GNU-tools-for-STM32/bin/../lib/gcc/arm-none-eabi/12.3.1/../../../../arm-none-eabi/lib/thumb/v7e-m+fp/hard\libg.a(libc_a-__atexit.o)
                0x08008d9c                __register_exitproc
 .text.quorem   0x08008e1c      0x110 D:/Program Files/STM32CubeCLT_1.17.0/GNU-tools-for-STM32/bin/../lib/gcc/arm-none-eabi/12.3.1/../../../../arm-none-eabi/lib/thumb/v7e-m+fp/hard\libg.a(libc_a-dtoa.o)
 *fill*         0x08008f2c        0x4 
 .text._dtoa_r  0x08008f30      0xb58 D:/Program Files/STM32CubeCLT_1.17.0/GNU-tools-for-STM32/bin/../lib/gcc/arm-none-eabi/12.3.1/../../../../arm-none-eabi/lib/thumb/v7e-m+fp/hard\libg.a(libc_a-dtoa.o)
                0x08008f30                _dtoa_r
 .text._Balloc  0x08009a88       0x4a D:/Program Files/STM32CubeCLT_1.17.0/GNU-tools-for-STM32/bin/../lib/gcc/arm-none-eabi/12.3.1/../../../../arm-none-eabi/lib/thumb/v7e-m+fp/hard\libg.a(libc_a-mprec.o)
                0x08009a88                _Balloc
 .text._Bfree   0x08009ad2       0x12 D:/Program Files/STM32CubeCLT_1.17.0/GNU-tools-for-STM32/bin/../lib/gcc/arm-none-eabi/12.3.1/../../../../arm-none-eabi/lib/thumb/v7e-m+fp/hard\libg.a(libc_a-mprec.o)
                0x08009ad2                _Bfree
 .text.__multadd
                0x08009ae4       0x8c D:/Program Files/STM32CubeCLT_1.17.0/GNU-tools-for-STM32/bin/../lib/gcc/arm-none-eabi/12.3.1/../../../../arm-none-eabi/lib/thumb/v7e-m+fp/hard\libg.a(libc_a-mprec.o)
                0x08009ae4                __multadd
 .text.__hi0bits
                0x08009b70       0x3e D:/Program Files/STM32CubeCLT_1.17.0/GNU-tools-for-STM32/bin/../lib/gcc/arm-none-eabi/12.3.1/../../../../arm-none-eabi/lib/thumb/v7e-m+fp/hard\libg.a(libc_a-mprec.o)
                0x08009b70                __hi0bits
 .text.__lo0bits
                0x08009bae       0x5a D:/Program Files/STM32CubeCLT_1.17.0/GNU-tools-for-STM32/bin/../lib/gcc/arm-none-eabi/12.3.1/../../../../arm-none-eabi/lib/thumb/v7e-m+fp/hard\libg.a(libc_a-mprec.o)
                0x08009bae                __lo0bits
 .text.__i2b    0x08009c08       0x2c D:/Program Files/STM32CubeCLT_1.17.0/GNU-tools-for-STM32/bin/../lib/gcc/arm-none-eabi/12.3.1/../../../../arm-none-eabi/lib/thumb/v7e-m+fp/hard\libg.a(libc_a-mprec.o)
                0x08009c08                __i2b
 .text.__multiply
                0x08009c34      0x154 D:/Program Files/STM32CubeCLT_1.17.0/GNU-tools-for-STM32/bin/../lib/gcc/arm-none-eabi/12.3.1/../../../../arm-none-eabi/lib/thumb/v7e-m+fp/hard\libg.a(libc_a-mprec.o)
                0x08009c34                __multiply
 .text.__pow5mult
                0x08009d88       0x80 D:/Program Files/STM32CubeCLT_1.17.0/GNU-tools-for-STM32/bin/../lib/gcc/arm-none-eabi/12.3.1/../../../../arm-none-eabi/lib/thumb/v7e-m+fp/hard\libg.a(libc_a-mprec.o)
                0x08009d88                __pow5mult
 .text.__lshift
                0x08009e08       0xd8 D:/Program Files/STM32CubeCLT_1.17.0/GNU-tools-for-STM32/bin/../lib/gcc/arm-none-eabi/12.3.1/../../../../arm-none-eabi/lib/thumb/v7e-m+fp/hard\libg.a(libc_a-mprec.o)
                0x08009e08                __lshift
 .text.__mcmp   0x08009ee0       0x36 D:/Program Files/STM32CubeCLT_1.17.0/GNU-tools-for-STM32/bin/../lib/gcc/arm-none-eabi/12.3.1/../../../../arm-none-eabi/lib/thumb/v7e-m+fp/hard\libg.a(libc_a-mprec.o)
                0x08009ee0                __mcmp
 *fill*         0x08009f16        0x2 
 .text.__mdiff  0x08009f18      0x128 D:/Program Files/STM32CubeCLT_1.17.0/GNU-tools-for-STM32/bin/../lib/gcc/arm-none-eabi/12.3.1/../../../../arm-none-eabi/lib/thumb/v7e-m+fp/hard\libg.a(libc_a-mprec.o)
                0x08009f18                __mdiff
 .text.__d2b    0x0800a040       0xb0 D:/Program Files/STM32CubeCLT_1.17.0/GNU-tools-for-STM32/bin/../lib/gcc/arm-none-eabi/12.3.1/../../../../arm-none-eabi/lib/thumb/v7e-m+fp/hard\libg.a(libc_a-mprec.o)
                0x0800a040                __d2b
 .text.__ssprint_r
                0x0800a0f0       0xfa D:/Program Files/STM32CubeCLT_1.17.0/GNU-tools-for-STM32/bin/../lib/gcc/arm-none-eabi/12.3.1/../../../../arm-none-eabi/lib/thumb/v7e-m+fp/hard\libg.a(libc_a-svfiprintf.o)
                0x0800a0f0                __ssprint_r
 .text.memmove  0x0800a1ea       0x34 D:/Program Files/STM32CubeCLT_1.17.0/GNU-tools-for-STM32/bin/../lib/gcc/arm-none-eabi/12.3.1/../../../../arm-none-eabi/lib/thumb/v7e-m+fp/hard\libg.a(libc_a-memmove.o)
                0x0800a1ea                memmove
 *fill*         0x0800a21e        0x2 
 .text.__locale_mb_cur_max
                0x0800a220        0xc D:/Program Files/STM32CubeCLT_1.17.0/GNU-tools-for-STM32/bin/../lib/gcc/arm-none-eabi/12.3.1/../../../../arm-none-eabi/lib/thumb/v7e-m+fp/hard\libg.a(libc_a-locale.o)
                0x0800a220                __locale_mb_cur_max
 .text.__assert_func
                0x0800a22c       0x3c D:/Program Files/STM32CubeCLT_1.17.0/GNU-tools-for-STM32/bin/../lib/gcc/arm-none-eabi/12.3.1/../../../../arm-none-eabi/lib/thumb/v7e-m+fp/hard\libg.a(libc_a-assert.o)
                0x0800a22c                __assert_func
 .text._calloc_r
                0x0800a268       0x6a D:/Program Files/STM32CubeCLT_1.17.0/GNU-tools-for-STM32/bin/../lib/gcc/arm-none-eabi/12.3.1/../../../../arm-none-eabi/lib/thumb/v7e-m+fp/hard\libg.a(libc_a-callocr.o)
                0x0800a268                _calloc_r
 .text.__ascii_mbtowc
                0x0800a2d2       0x24 D:/Program Files/STM32CubeCLT_1.17.0/GNU-tools-for-STM32/bin/../lib/gcc/arm-none-eabi/12.3.1/../../../../arm-none-eabi/lib/thumb/v7e-m+fp/hard\libg.a(libc_a-mbtowc_r.o)
                0x0800a2d2                __ascii_mbtowc
 *fill*         0x0800a2f6        0x2 
 .text._realloc_r
                0x0800a2f8      0x350 D:/Program Files/STM32CubeCLT_1.17.0/GNU-tools-for-STM32/bin/../lib/gcc/arm-none-eabi/12.3.1/../../../../arm-none-eabi/lib/thumb/v7e-m+fp/hard\libg.a(libc_a-reallocr.o)
                0x0800a2f8                _realloc_r
 .text.__ascii_wctomb
                0x0800a648       0x1a D:/Program Files/STM32CubeCLT_1.17.0/GNU-tools-for-STM32/bin/../lib/gcc/arm-none-eabi/12.3.1/../../../../arm-none-eabi/lib/thumb/v7e-m+fp/hard\libg.a(libc_a-wctomb_r.o)
                0x0800a648                __ascii_wctomb
 *fill*         0x0800a662        0x2 
 .text.fiprintf
                0x0800a664       0x24 D:/Program Files/STM32CubeCLT_1.17.0/GNU-tools-for-STM32/bin/../lib/gcc/arm-none-eabi/12.3.1/../../../../arm-none-eabi/lib/thumb/v7e-m+fp/hard\libg.a(libc_a-fiprintf.o)
                0x0800a664                fiprintf
 .text.__sprint_r
                0x0800a688       0x64 D:/Program Files/STM32CubeCLT_1.17.0/GNU-tools-for-STM32/bin/../lib/gcc/arm-none-eabi/12.3.1/../../../../arm-none-eabi/lib/thumb/v7e-m+fp/hard\libg.a(libc_a-vfiprintf.o)
                0x0800a688                __sprint_r
 .text._vfiprintf_r
                0x0800a6ec      0x910 D:/Program Files/STM32CubeCLT_1.17.0/GNU-tools-for-STM32/bin/../lib/gcc/arm-none-eabi/12.3.1/../../../../arm-none-eabi/lib/thumb/v7e-m+fp/hard\libg.a(libc_a-vfiprintf.o)
                0x0800a6ec                _vfiprintf_r
 .text.__sbprintf
                0x0800affc       0x80 D:/Program Files/STM32CubeCLT_1.17.0/GNU-tools-for-STM32/bin/../lib/gcc/arm-none-eabi/12.3.1/../../../../arm-none-eabi/lib/thumb/v7e-m+fp/hard\libg.a(libc_a-vfiprintf.o)
 .text.__sfvwrite_r
                0x0800b07c      0x298 D:/Program Files/STM32CubeCLT_1.17.0/GNU-tools-for-STM32/bin/../lib/gcc/arm-none-eabi/12.3.1/../../../../arm-none-eabi/lib/thumb/v7e-m+fp/hard\libg.a(libc_a-fvwrite.o)
                0x0800b07c                __sfvwrite_r
 .text.__swsetup_r
                0x0800b314       0xac D:/Program Files/STM32CubeCLT_1.17.0/GNU-tools-for-STM32/bin/../lib/gcc/arm-none-eabi/12.3.1/../../../../arm-none-eabi/lib/thumb/v7e-m+fp/hard\libg.a(libc_a-wsetup.o)
                0x0800b314                __swsetup_r
 .text.__fputwc
                0x0800b3c0       0x82 D:/Program Files/STM32CubeCLT_1.17.0/GNU-tools-for-STM32/bin/../lib/gcc/arm-none-eabi/12.3.1/../../../../arm-none-eabi/lib/thumb/v7e-m+fp/hard\libg.a(libc_a-fputwc.o)
                0x0800b3c0                __fputwc
 .text._fputwc_r
                0x0800b442       0x52 D:/Program Files/STM32CubeCLT_1.17.0/GNU-tools-for-STM32/bin/../lib/gcc/arm-none-eabi/12.3.1/../../../../arm-none-eabi/lib/thumb/v7e-m+fp/hard\libg.a(libc_a-fputwc.o)
                0x0800b442                _fputwc_r
 .text._wcrtomb_r
                0x0800b494       0x2c D:/Program Files/STM32CubeCLT_1.17.0/GNU-tools-for-STM32/bin/../lib/gcc/arm-none-eabi/12.3.1/../../../../arm-none-eabi/lib/thumb/v7e-m+fp/hard\libg.a(libc_a-wcrtomb.o)
                0x0800b494                _wcrtomb_r
 .text.__swhatbuf_r
                0x0800b4c0       0x50 D:/Program Files/STM32CubeCLT_1.17.0/GNU-tools-for-STM32/bin/../lib/gcc/arm-none-eabi/12.3.1/../../../../arm-none-eabi/lib/thumb/v7e-m+fp/hard\libg.a(libc_a-makebuf.o)
                0x0800b4c0                __swhatbuf_r
 .text.__smakebuf_r
                0x0800b510       0x78 D:/Program Files/STM32CubeCLT_1.17.0/GNU-tools-for-STM32/bin/../lib/gcc/arm-none-eabi/12.3.1/../../../../arm-none-eabi/lib/thumb/v7e-m+fp/hard\libg.a(libc_a-makebuf.o)
                0x0800b510                __smakebuf_r
 .text.__swbuf_r
                0x0800b588       0x92 D:/Program Files/STM32CubeCLT_1.17.0/GNU-tools-for-STM32/bin/../lib/gcc/arm-none-eabi/12.3.1/../../../../arm-none-eabi/lib/thumb/v7e-m+fp/hard\libg.a(libc_a-wbuf.o)
                0x0800b588                __swbuf_r
 *fill*         0x0800b61a        0x2 
 .text._fstat_r
                0x0800b61c       0x24 D:/Program Files/STM32CubeCLT_1.17.0/GNU-tools-for-STM32/bin/../lib/gcc/arm-none-eabi/12.3.1/../../../../arm-none-eabi/lib/thumb/v7e-m+fp/hard\libg.a(libc_a-fstatr.o)
                0x0800b61c                _fstat_r
 .text._isatty_r
                0x0800b640       0x20 D:/Program Files/STM32CubeCLT_1.17.0/GNU-tools-for-STM32/bin/../lib/gcc/arm-none-eabi/12.3.1/../../../../arm-none-eabi/lib/thumb/v7e-m+fp/hard\libg.a(libc_a-isattyr.o)
                0x0800b640                _isatty_r
 *(.glue_7)
 .glue_7        0x0800b660        0x0 linker stubs
 *(.glue_7t)
 .glue_7t       0x0800b660        0x0 linker stubs
 *(.eh_frame)
 .eh_frame      0x0800b660        0x0 D:/Program Files/STM32CubeCLT_1.17.0/GNU-tools-for-STM32/bin/../lib/gcc/arm-none-eabi/12.3.1/thumb/v7e-m+fp/hard/crtbegin.o
 *(.init)
 .init          0x0800b660        0x4 D:/Program Files/STM32CubeCLT_1.17.0/GNU-tools-for-STM32/bin/../lib/gcc/arm-none-eabi/12.3.1/thumb/v7e-m+fp/hard/crti.o
                0x0800b660                _init
 .init          0x0800b664        0x8 D:/Program Files/STM32CubeCLT_1.17.0/GNU-tools-for-STM32/bin/../lib/gcc/arm-none-eabi/12.3.1/thumb/v7e-m+fp/hard/crtn.o
 *(.fini)
 .fini          0x0800b66c        0x4 D:/Program Files/STM32CubeCLT_1.17.0/GNU-tools-for-STM32/bin/../lib/gcc/arm-none-eabi/12.3.1/thumb/v7e-m+fp/hard/crti.o
                0x0800b66c                _fini
 .fini          0x0800b670        0x8 D:/Program Files/STM32CubeCLT_1.17.0/GNU-tools-for-STM32/bin/../lib/gcc/arm-none-eabi/12.3.1/thumb/v7e-m+fp/hard/crtn.o
                0x0800b678                        . = ALIGN (0x4)
                0x0800b678                        _etext = .

.vfp11_veneer   0x0800b678        0x0
 .vfp11_veneer  0x0800b678        0x0 linker stubs

.v4_bx          0x0800b678        0x0
 .v4_bx         0x0800b678        0x0 linker stubs

.iplt           0x0800b678        0x0
 .iplt          0x0800b678        0x0 D:/Program Files/STM32CubeCLT_1.17.0/GNU-tools-for-STM32/bin/../lib/gcc/arm-none-eabi/12.3.1/thumb/v7e-m+fp/hard/crtbegin.o

.rodata         0x0800b678      0x470
                0x0800b678                        . = ALIGN (0x4)
 *(.rodata)
 .rodata        0x0800b678       0x38 CMakeFiles/3.USB_VCP.elf.dir/Core/Src/freertos.c.obj
 *(.rodata*)
 .rodata.str1.4
                0x0800b6b0       0x18 CMakeFiles/3.USB_VCP.elf.dir/Core/Src/freertos.c.obj
 .rodata.APBPrescTable
                0x0800b6c8        0x8 CMakeFiles/3.USB_VCP.elf.dir/Core/Src/system_stm32f4xx.c.obj
                0x0800b6c8                APBPrescTable
 .rodata.AHBPrescTable
                0x0800b6d0       0x10 CMakeFiles/3.USB_VCP.elf.dir/Core/Src/system_stm32f4xx.c.obj
                0x0800b6d0                AHBPrescTable
 .rodata.vTaskStartScheduler.str1.4
                0x0800b6e0        0x5 CMakeFiles/3.USB_VCP.elf.dir/Middlewares/Third_Party/FreeRTOS/Source/tasks.c.obj
 *fill*         0x0800b6e5        0x3 
 .rodata.USBD_FS_ProductStrDescriptor.str1.4
                0x0800b6e8       0x16 CMakeFiles/3.USB_VCP.elf.dir/USB_DEVICE/App/usbd_desc.c.obj
 *fill*         0x0800b6fe        0x2 
 .rodata.USBD_FS_ManufacturerStrDescriptor.str1.4
                0x0800b700       0x13 CMakeFiles/3.USB_VCP.elf.dir/USB_DEVICE/App/usbd_desc.c.obj
 *fill*         0x0800b713        0x1 
 .rodata.USBD_FS_ConfigStrDescriptor.str1.4
                0x0800b714        0xb CMakeFiles/3.USB_VCP.elf.dir/USB_DEVICE/App/usbd_desc.c.obj
 *fill*         0x0800b71f        0x1 
 .rodata.USBD_FS_InterfaceStrDescriptor.str1.4
                0x0800b720        0xe CMakeFiles/3.USB_VCP.elf.dir/USB_DEVICE/App/usbd_desc.c.obj
 *fill*         0x0800b72e        0x2 
 .rodata._ZN8USB_Data19CPP_USBData_ProcessEv.str1.4
                0x0800b730       0x1f CMakeFiles/3.USB_VCP.elf.dir/User_CPP/UserTask/Src/USB_task.cpp.obj
 *fill*         0x0800b74f        0x1 
 .rodata._Z12CPP_USB_Taskv.str1.4
                0x0800b750        0xb CMakeFiles/3.USB_VCP.elf.dir/User_CPP/UserTask/Src/USB_task.cpp.obj
 .rodata._svfprintf_r.str1.1