Archive member included to satisfy reference by file (symbol)

D:/Program Files/STM32CubeCLT_1.17.0/GNU-tools-for-STM32/bin/../lib/gcc/arm-none-eabi/12.3.1/thumb/v7e-m/nofp\libgcc.a(_aeabi_uldivmod.o)
                              CMakeFiles/0.Try_CPP.elf.dir/Drivers/STM32F4xx_HAL_Driver/Src/stm32f4xx_hal_rcc.c.obj (__aeabi_uldivmod)
D:/Program Files/STM32CubeCLT_1.17.0/GNU-tools-for-STM32/bin/../lib/gcc/arm-none-eabi/12.3.1/thumb/v7e-m/nofp\libgcc.a(_udivmoddi4.o)
                              D:/Program Files/STM32CubeCLT_1.17.0/GNU-tools-for-STM32/bin/../lib/gcc/arm-none-eabi/12.3.1/thumb/v7e-m/nofp\libgcc.a(_aeabi_uldivmod.o) (__udivmoddi4)
D:/Program Files/STM32CubeCLT_1.17.0/GNU-tools-for-STM32/bin/../lib/gcc/arm-none-eabi/12.3.1/thumb/v7e-m/nofp\libgcc.a(unwind-arm.o)
                              CMakeFiles/0.Try_CPP.elf.dir/Cpp_Core/Src/cpp_main.cpp.obj (__aeabi_unwind_cpp_pr1)
D:/Program Files/STM32CubeCLT_1.17.0/GNU-tools-for-STM32/bin/../lib/gcc/arm-none-eabi/12.3.1/thumb/v7e-m/nofp\libgcc.a(libunwind.o)
                              D:/Program Files/STM32CubeCLT_1.17.0/GNU-tools-for-STM32/bin/../lib/gcc/arm-none-eabi/12.3.1/thumb/v7e-m/nofp\libgcc.a(unwind-arm.o) (restore_core_regs)
D:/Program Files/STM32CubeCLT_1.17.0/GNU-tools-for-STM32/bin/../lib/gcc/arm-none-eabi/12.3.1/thumb/v7e-m/nofp\libgcc.a(pr-support.o)
                              D:/Program Files/STM32CubeCLT_1.17.0/GNU-tools-for-STM32/bin/../lib/gcc/arm-none-eabi/12.3.1/thumb/v7e-m/nofp\libgcc.a(unwind-arm.o) (__gnu_unwind_execute)
D:/Program Files/STM32CubeCLT_1.17.0/GNU-tools-for-STM32/bin/../lib/gcc/arm-none-eabi/12.3.1/thumb/v7e-m/nofp\libgcc.a(_dvmd_tls.o)
                              D:/Program Files/STM32CubeCLT_1.17.0/GNU-tools-for-STM32/bin/../lib/gcc/arm-none-eabi/12.3.1/thumb/v7e-m/nofp\libgcc.a(_aeabi_uldivmod.o) (__aeabi_ldiv0)
D:/Program Files/STM32CubeCLT_1.17.0/GNU-tools-for-STM32/bin/../lib/gcc/arm-none-eabi/12.3.1/../../../../arm-none-eabi/lib/thumb/v7e-m/nofp\libg.a(libc_a-abort.o)
                              D:/Program Files/STM32CubeCLT_1.17.0/GNU-tools-for-STM32/bin/../lib/gcc/arm-none-eabi/12.3.1/thumb/v7e-m/nofp\libgcc.a(unwind-arm.o) (abort)
D:/Program Files/STM32CubeCLT_1.17.0/GNU-tools-for-STM32/bin/../lib/gcc/arm-none-eabi/12.3.1/../../../../arm-none-eabi/lib/thumb/v7e-m/nofp\libg.a(libc_a-exit.o)
                              D:/Program Files/STM32CubeCLT_1.17.0/GNU-tools-for-STM32/bin/../lib/gcc/arm-none-eabi/12.3.1/../../../../arm-none-eabi/lib/thumb/v7e-m/nofp/crt0.o (exit)
D:/Program Files/STM32CubeCLT_1.17.0/GNU-tools-for-STM32/bin/../lib/gcc/arm-none-eabi/12.3.1/../../../../arm-none-eabi/lib/thumb/v7e-m/nofp\libg.a(libc_a-findfp.o)
                              D:/Program Files/STM32CubeCLT_1.17.0/GNU-tools-for-STM32/bin/../lib/gcc/arm-none-eabi/12.3.1/../../../../arm-none-eabi/lib/thumb/v7e-m/nofp\libg.a(libc_a-exit.o) (__stdio_exit_handler)
D:/Program Files/STM32CubeCLT_1.17.0/GNU-tools-for-STM32/bin/../lib/gcc/arm-none-eabi/12.3.1/../../../../arm-none-eabi/lib/thumb/v7e-m/nofp\libg.a(libc_a-fwalk.o)
                              D:/Program Files/STM32CubeCLT_1.17.0/GNU-tools-for-STM32/bin/../lib/gcc/arm-none-eabi/12.3.1/../../../../arm-none-eabi/lib/thumb/v7e-m/nofp\libg.a(libc_a-findfp.o) (_fwalk_sglue)
D:/Program Files/STM32CubeCLT_1.17.0/GNU-tools-for-STM32/bin/../lib/gcc/arm-none-eabi/12.3.1/../../../../arm-none-eabi/lib/thumb/v7e-m/nofp\libg.a(libc_a-stdio.o)
                              D:/Program Files/STM32CubeCLT_1.17.0/GNU-tools-for-STM32/bin/../lib/gcc/arm-none-eabi/12.3.1/../../../../arm-none-eabi/lib/thumb/v7e-m/nofp\libg.a(libc_a-findfp.o) (__sread)
D:/Program Files/STM32CubeCLT_1.17.0/GNU-tools-for-STM32/bin/../lib/gcc/arm-none-eabi/12.3.1/../../../../arm-none-eabi/lib/thumb/v7e-m/nofp\libg.a(libc_a-memset.o)
                              D:/Program Files/STM32CubeCLT_1.17.0/GNU-tools-for-STM32/bin/../lib/gcc/arm-none-eabi/12.3.1/../../../../arm-none-eabi/lib/thumb/v7e-m/nofp/crt0.o (memset)
D:/Program Files/STM32CubeCLT_1.17.0/GNU-tools-for-STM32/bin/../lib/gcc/arm-none-eabi/12.3.1/../../../../arm-none-eabi/lib/thumb/v7e-m/nofp\libg.a(libc_a-signal.o)
                              D:/Program Files/STM32CubeCLT_1.17.0/GNU-tools-for-STM32/bin/../lib/gcc/arm-none-eabi/12.3.1/../../../../arm-none-eabi/lib/thumb/v7e-m/nofp\libg.a(libc_a-abort.o) (raise)
D:/Program Files/STM32CubeCLT_1.17.0/GNU-tools-for-STM32/bin/../lib/gcc/arm-none-eabi/12.3.1/../../../../arm-none-eabi/lib/thumb/v7e-m/nofp\libg.a(libc_a-closer.o)
                              D:/Program Files/STM32CubeCLT_1.17.0/GNU-tools-for-STM32/bin/../lib/gcc/arm-none-eabi/12.3.1/../../../../arm-none-eabi/lib/thumb/v7e-m/nofp\libg.a(libc_a-stdio.o) (_close_r)
D:/Program Files/STM32CubeCLT_1.17.0/GNU-tools-for-STM32/bin/../lib/gcc/arm-none-eabi/12.3.1/../../../../arm-none-eabi/lib/thumb/v7e-m/nofp\libg.a(libc_a-reent.o)
[...]
Memory Configuration

Name             Origin             Length             Attributes
CCMRAM           0x10000000         0x00010000         xrw
RAM              0x20000000         0x00020000         xrw
FLASH            0x08000000         0x00100000         xr
*default*        0x00000000         0xffffffff

Linker script and memory map

LOAD D:/Program Files/STM32CubeCLT_1.17.0/GNU-tools-for-STM32/bin/../lib/gcc/arm-none-eabi/12.3.1/thumb/v7e-m/nofp/crti.o
LOAD D:/Program Files/STM32CubeCLT_1.17.0/GNU-tools-for-STM32/bin/../lib/gcc/arm-none-eabi/12.3.1/thumb/v7e-m/nofp/crtbegin.o
LOAD D:/Program Files/STM32CubeCLT_1.17.0/GNU-tools-for-STM32/bin/../lib/gcc/arm-none-eabi/12.3.1/../../../../arm-none-eabi/lib/thumb/v7e-m/nofp/crt0.o
LOAD CMakeFiles/0.Try_CPP.elf.dir/Core/Src/gpio.c.obj
LOAD CMakeFiles/0.Try_CPP.elf.dir/Core/Src/main.c.obj
LOAD CMakeFiles/0.Try_CPP.elf.dir/Core/Src/stm32f4xx_hal_msp.c.obj
LOAD CMakeFiles/0.Try_CPP.elf.dir/Core/Src/stm32f4xx_hal_timebase_tim.c.obj
LOAD CMakeFiles/0.Try_CPP.elf.dir/Core/Src/stm32f4xx_it.c.obj
LOAD CMakeFiles/0.Try_CPP.elf.dir/Core/Src/syscalls.c.obj
LOAD CMakeFiles/0.Try_CPP.elf.dir/Core/Src/sysmem.c.obj
LOAD CMakeFiles/0.Try_CPP.elf.dir/Core/Src/system_stm32f4xx.c.obj
LOAD CMakeFiles/0.Try_CPP.elf.dir/Core/Startup/startup_stm32f407ighx.s.obj
LOAD CMakeFiles/0.Try_CPP.elf.dir/Cpp_Core/Src/cpp_main.cpp.obj
LOAD CMakeFiles/0.Try_CPP.elf.dir/Drivers/STM32F4xx_HAL_Driver/Src/stm32f4xx_hal.c.obj
LOAD CMakeFiles/0.Try_CPP.elf.dir/Drivers/STM32F4xx_HAL_Driver/Src/stm32f4xx_hal_cortex.c.obj
LOAD CMakeFiles/0.Try_CPP.elf.dir/Drivers/STM32F4xx_HAL_Driver/Src/stm32f4xx_hal_dma.c.obj
LOAD CMakeFiles/0.Try_CPP.elf.dir/Drivers/STM32F4xx_HAL_Driver/Src/stm32f4xx_hal_dma_ex.c.obj
LOAD CMakeFiles/0.Try_CPP.elf.dir/Drivers/STM32F4xx_HAL_Driver/Src/stm32f4xx_hal_exti.c.obj
LOAD CMakeFiles/0.Try_CPP.elf.dir/Drivers/STM32F4xx_HAL_Driver/Src/stm32f4xx_hal_flash.c.obj
LOAD CMakeFiles/0.Try_CPP.elf.dir/Drivers/STM32F4xx_HAL_Driver/Src/stm32f4xx_hal_flash_ex.c.obj
LOAD CMakeFiles/0.Try_CPP.elf.dir/Drivers/STM32F4xx_HAL_Driver/Src/stm32f4xx_hal_flash_ramfunc.c.obj
LOAD CMakeFiles/0.Try_CPP.elf.dir/Drivers/STM32F4xx_HAL_Driver/Src/stm32f4xx_hal_gpio.c.obj
LOAD CMakeFiles/0.Try_CPP.elf.dir/Drivers/STM32F4xx_HAL_Driver/Src/stm32f4xx_hal_pwr.c.obj
LOAD CMakeFiles/0.Try_CPP.elf.dir/Drivers/STM32F4xx_HAL_Driver/Src/stm32f4xx_hal_pwr_ex.c.obj
LOAD CMakeFiles/0.Try_CPP.elf.dir/Drivers/STM32F4xx_HAL_Driver/Src/stm32f4xx_hal_rcc.c.obj
LOAD CMakeFiles/0.Try_CPP.elf.dir/Drivers/STM32F4xx_HAL_Driver/Src/stm32f4xx_hal_rcc_ex.c.obj
LOAD CMakeFiles/0.Try_CPP.elf.dir/Drivers/STM32F4xx_HAL_Driver/Src/stm32f4xx_hal_tim.c.obj
LOAD CMakeFiles/0.Try_CPP.elf.dir/Drivers/STM32F4xx_HAL_Driver/Src/stm32f4xx_hal_tim_ex.c.obj
LOAD D:/Program Files/STM32CubeCLT_1.17.0/GNU-tools-for-STM32/bin/../lib/gcc/arm-none-eabi/12.3.1/../../../../arm-none-eabi/lib/thumb/v7e-m/nofp\libstdc++.a
LOAD D:/Program Files/STM32CubeCLT_1.17.0/GNU-tools-for-STM32/bin/../lib/gcc/arm-none-eabi/12.3.1/../../../../arm-none-eabi/lib/thumb/v7e-m/nofp\libm.a
START GROUP
LOAD D:/Program Files/STM32CubeCLT_1.17.0/GNU-tools-for-STM32/bin/../lib/gcc/arm-none-eabi/12.3.1/thumb/v7e-m/nofp\libgcc.a
LOAD D:/Program Files/STM32CubeCLT_1.17.0/GNU-tools-for-STM32/bin/../lib/gcc/arm-none-eabi/12.3.1/../../../../arm-none-eabi/lib/thumb/v7e-m/nofp\libg.a
LOAD D:/Program Files/STM32CubeCLT_1.17.0/GNU-tools-for-STM32/bin/../lib/gcc/arm-none-eabi/12.3.1/../../../../arm-none-eabi/lib/thumb/v7e-m/nofp\libc.a
END GROUP
LOAD D:/Program Files/STM32CubeCLT_1.17.0/GNU-tools-for-STM32/bin/../lib/gcc/arm-none-eabi/12.3.1/thumb/v7e-m/nofp/crtend.o
LOAD D:/Program Files/STM32CubeCLT_1.17.0/GNU-tools-for-STM32/bin/../lib/gcc/arm-none-eabi/12.3.1/thumb/v7e-m/nofp/crtn.o
                0x20020000                        _estack = (ORIGIN (RAM) + LENGTH (RAM))
                0x00000200                        _Min_Heap_Size = 0x200
                0x00000400                        _Min_Stack_Size = 0x400

.isr_vector     0x08000000      0x188
                0x08000000                        . = ALIGN (0x4)
 *(.isr_vector)
 .isr_vector    0x08000000      0x188 CMakeFiles/0.Try_CPP.elf.dir/Core/Startup/startup_stm32f407ighx.s.obj
                0x08000000                g_pfnVectors
                0x08000188                        . = ALIGN (0x4)

.text           0x08000188     0x2418
                0x08000188                        . = ALIGN (0x4)
 *(.text)
 .text          0x08000188       0x40 D:/Program Files/STM32CubeCLT_1.17.0/GNU-tools-for-STM32/bin/../lib/gcc/arm-none-eabi/12.3.1/thumb/v7e-m/nofp/crtbegin.o
 .text          0x080001c8       0x30 D:/Program Files/STM32CubeCLT_1.17.0/GNU-tools-for-STM32/bin/../lib/gcc/arm-none-eabi/12.3.1/thumb/v7e-m/nofp\libgcc.a(_aeabi_uldivmod.o)
                0x080001c8                __aeabi_uldivmod
 .text          0x080001f8      0x2bc D:/Program Files/STM32CubeCLT_1.17.0/GNU-tools-for-STM32/bin/../lib/gcc/arm-none-eabi/12.3.1/thumb/v7e-m/nofp\libgcc.a(_udivmoddi4.o)
                0x080001f8                __udivmoddi4
 .text          0x080004b4      0x9f4 D:/Program Files/STM32CubeCLT_1.17.0/GNU-tools-for-STM32/bin/../lib/gcc/arm-none-eabi/12.3.1/thumb/v7e-m/nofp\libgcc.a(unwind-arm.o)
                0x08000764                _Unwind_GetCFA
                0x08000768                __gnu_Unwind_RaiseException
                0x080007d0                __gnu_Unwind_ForcedUnwind
                0x080007e0                __gnu_Unwind_Resume
                0x08000824                __gnu_Unwind_Resume_or_Rethrow
                0x08000834                _Unwind_Complete
                0x08000838                _Unwind_DeleteException
                0x08000844                _Unwind_VRS_Get
                0x08000890                _Unwind_VRS_Set
                0x080008d8                __gnu_Unwind_Backtrace
                0x08000bf4                __aeabi_unwind_cpp_pr0
                0x08000bf8                __aeabi_unwind_cpp_pr1
                0x08000bfc                __aeabi_unwind_cpp_pr2
                0x08000c00                _Unwind_VRS_Pop
 .text          0x08000ea8      0x1ac D:/Program Files/STM32CubeCLT_1.17.0/GNU-tools-for-STM32/bin/../lib/gcc/arm-none-eabi/12.3.1/thumb/v7e-m/nofp\libgcc.a(libunwind.o)
                0x08000ea8                __restore_core_regs
                0x08000ea8                restore_core_regs
                0x08000ec0                __gnu_Unwind_Restore_VFP
                0x08000ec8                __gnu_Unwind_Save_VFP
                0x08000ed0                __gnu_Unwind_Restore_VFP_D
                0x08000ed8                __gnu_Unwind_Save_VFP_D
                0x08000ee0                __gnu_Unwind_Restore_VFP_D_16_to_31
                0x08000ee8                __gnu_Unwind_Save_VFP_D_16_to_31
                0x08000ef0                __gnu_Unwind_Restore_WMMXD
                0x08000f34                __gnu_Unwind_Save_WMMXD
                0x08000f78                __gnu_Unwind_Restore_WMMXC
                0x08000f8c                __gnu_Unwind_Save_WMMXC
                0x08000fa0                ___Unwind_RaiseException
                0x08000fa0                _Unwind_RaiseException
                0x08000fc4                _Unwind_Resume
                0x08000fc4                ___Unwind_Resume
                0x08000fe8                _Unwind_Resume_or_Rethrow
                0x08000fe8                ___Unwind_Resume_or_Rethrow
                0x0800100c                _Unwind_ForcedUnwind
                0x0800100c                ___Unwind_ForcedUnwind
                0x08001030                ___Unwind_Backtrace
                0x08001030                _Unwind_Backtrace
 .text          0x08001054      0x378 D:/Program Files/STM32CubeCLT_1.17.0/GNU-tools-for-STM32/bin/../lib/gcc/arm-none-eabi/12.3.1/thumb/v7e-m/nofp\libgcc.a(pr-support.o)
                0x080010ac                __gnu_unwind_execute
                0x08001380                __gnu_unwind_frame
                0x080013ac                _Unwind_GetRegionStart
                0x080013b8                _Unwind_GetLanguageSpecificData
 .text          0x080013cc        0x4 D:/Program Files/STM32CubeCLT_1.17.0/GNU-tools-for-STM32/bin/../lib/gcc/arm-none-eabi/12.3.1/thumb/v7e-m/nofp\libgcc.a(_dvmd_tls.o)
                0x080013cc                __aeabi_idiv0
                0x080013cc                __aeabi_ldiv0
 *(.text*)
 .text.MX_GPIO_Init
                0x080013d0       0x6c CMakeFiles/0.Try_CPP.elf.dir/Core/Src/gpio.c.obj
                0x080013d0                MX_GPIO_Init
 .text.HAL_TIM_PeriodElapsedCallback
                0x0800143c       0x18 CMakeFiles/0.Try_CPP.elf.dir/Core/Src/main.c.obj
                0x0800143c                HAL_TIM_PeriodElapsedCallback
 .text.Error_Handler
                0x08001454        0x4 CMakeFiles/0.Try_CPP.elf.dir/Core/Src/main.c.obj
                0x08001454                Error_Handler
 .text.SystemClock_Config
                0x08001458       0xa4 CMakeFiles/0.Try_CPP.elf.dir/Core/Src/main.c.obj
                0x08001458                SystemClock_Config
 .text.main     0x080014fc       0x14 CMakeFiles/0.Try_CPP.elf.dir/Core/Src/main.c.obj
                0x080014fc                main
 .text.HAL_MspInit
                0x08001510       0x38 CMakeFiles/0.Try_CPP.elf.dir/Core/Src/stm32f4xx_hal_msp.c.obj
                0x08001510                HAL_MspInit
 .text.HAL_InitTick
                0x08001548       0xa4 CMakeFiles/0.Try_CPP.elf.dir/Core/Src/stm32f4xx_hal_timebase_tim.c.obj
                0x08001548                HAL_InitTick
 .text.NMI_Handler
                0x080015ec        0x2 CMakeFiles/0.Try_CPP.elf.dir/Core/Src/stm32f4xx_it.c.obj
                0x080015ec                NMI_Handler
 .text.HardFault_Handler
                0x080015ee        0x2 CMakeFiles/0.Try_CPP.elf.dir/Core/Src/stm32f4xx_it.c.obj
                0x080015ee                HardFault_Handler
 .text.MemManage_Handler
                0x080015f0        0x2 CMakeFiles/0.Try_CPP.elf.dir/Core/Src/stm32f4xx_it.c.obj
                0x080015f0                MemManage_Handler
 .text.BusFault_Handler
                0x080015f2        0x2 CMakeFiles/0.Try_CPP.elf.dir/Core/Src/stm32f4xx_it.c.obj
                0x080015f2                BusFault_Handler
 .text.UsageFault_Handler
                0x080015f4        0x2 CMakeFiles/0.Try_CPP.elf.dir/Core/Src/stm32f4xx_it.c.obj
                0x080015f4                UsageFault_Handler
 .text.SVC_Handler
                0x080015f6        0x2 CMakeFiles/0.Try_CPP.elf.dir/Core/Src/stm32f4xx_it.c.obj
                0x080015f6                SVC_Handler
 .text.DebugMon_Handler
                0x080015f8        0x2 CMakeFiles/0.Try_CPP.elf.dir/Core/Src/stm32f4xx_it.c.obj
                0x080015f8                DebugMon_Handler
 .text.PendSV_Handler
                0x080015fa        0x2 CMakeFiles/0.Try_CPP.elf.dir/Core/Src/stm32f4xx_it.c.obj
                0x080015fa                PendSV_Handler
 .text.SysTick_Handler
                0x080015fc        0x2 CMakeFiles/0.Try_CPP.elf.dir/Core/Src/stm32f4xx_it.c.obj
                0x080015fc                SysTick_Handler
 *fill*         0x080015fe        0x2 
 .text.TIM8_TRG_COM_TIM14_IRQHandler
                0x08001600       0x10 CMakeFiles/0.Try_CPP.elf.dir/Core/Src/stm32f4xx_it.c.obj
                0x08001600                TIM8_TRG_COM_TIM14_IRQHandler
 .text._getpid  0x08001610        0x4 CMakeFiles/0.Try_CPP.elf.dir/Core/Src/syscalls.c.obj
                0x08001610                _getpid
 .text._kill    0x08001614       0x10 CMakeFiles/0.Try_CPP.elf.dir/Core/Src/syscalls.c.obj
                0x08001614                _kill
 .text._exit    0x08001624        0xc CMakeFiles/0.Try_CPP.elf.dir/Core/Src/syscalls.c.obj
                0x08001624                _exit
 .text.SystemInit
                0x08001630        0x2 CMakeFiles/0.Try_CPP.elf.dir/Core/Src/system_stm32f4xx.c.obj
                0x08001630                SystemInit
 *fill*         0x08001632        0x2 
 .text.Reset_Handler
                0x08001634       0x50 CMakeFiles/0.Try_CPP.elf.dir/Core/Startup/startup_stm32f407ighx.s.obj
                0x08001634                Reset_Handler
 .text.Default_Handler
                0x08001684        0x2 CMakeFiles/0.Try_CPP.elf.dir/Core/Startup/startup_stm32f407ighx.s.obj
                0x08001684                RTC_Alarm_IRQHandler
                0x08001684                HASH_RNG_IRQHandler
                0x08001684                EXTI2_IRQHandler
                0x08001684                TIM8_CC_IRQHandler
                0x08001684                TIM1_CC_IRQHandler
                0x08001684                DMA2_Stream5_IRQHandler
                0x08001684                DMA1_Stream5_IRQHandler
                0x08001684                PVD_IRQHandler
                0x08001684                SDIO_IRQHandler
                0x08001684                TAMP_STAMP_IRQHandler
                0x08001684                CAN2_RX1_IRQHandler
                0x08001684                EXTI3_IRQHandler
                0x08001684                TIM1_UP_TIM10_IRQHandler
                0x08001684                TIM8_UP_TIM13_IRQHandler
                0x08001684                I2C3_ER_IRQHandler
                0x08001684                EXTI0_IRQHandler
                0x08001684                I2C2_EV_IRQHandler
                0x08001684                DMA1_Stream2_IRQHandler
                0x08001684                CAN1_RX0_IRQHandler
                0x08001684                FPU_IRQHandler
                0x08001684                OTG_HS_WKUP_IRQHandler
                0x08001684                CAN2_SCE_IRQHandler
                0x08001684                DMA2_Stream2_IRQHandler
                0x08001684                SPI1_IRQHandler
                0x08001684                TIM6_DAC_IRQHandler
                0x08001684                TIM1_BRK_TIM9_IRQHandler
                0x08001684                DCMI_IRQHandler
                0x08001684                CAN2_RX0_IRQHandler
                0x08001684                DMA2_Stream3_IRQHandler
                0x08001684                USART6_IRQHandler
                0x08001684                USART3_IRQHandler
                0x08001684                CAN1_RX1_IRQHandler
                0x08001684                UART5_IRQHandler
                0x08001684                DMA2_Stream0_IRQHandler
                0x08001684                TIM4_IRQHandler
                0x08001684                I2C1_EV_IRQHandler
                0x08001684                DMA1_Stream6_IRQHandler
                0x08001684                DMA1_Stream1_IRQHandler
                0x08001684                UART4_IRQHandler
                0x08001684                TIM3_IRQHandler
                0x08001684                RCC_IRQHandler
                0x08001684                TIM8_BRK_TIM12_IRQHandler
                0x08001684                Default_Handler
                0x08001684                EXTI15_10_IRQHandler
                0x08001684                ADC_IRQHandler
                0x08001684                DMA1_Stream7_IRQHandler
                0x08001684                TIM7_IRQHandler
                0x08001684                CAN2_TX_IRQHandler
                0x08001684                TIM5_IRQHandler
                0x08001684                DMA2_Stream7_IRQHandler
                0x08001684                I2C3_EV_IRQHandler
                0x08001684                EXTI9_5_IRQHandler
                0x08001684                RTC_WKUP_IRQHandler
                0x08001684                ETH_WKUP_IRQHandler
                0x08001684                SPI2_IRQHandler
                0x08001684                OTG_HS_EP1_IN_IRQHandler
                0x08001684                DMA1_Stream0_IRQHandler
                0x08001684                CAN1_TX_IRQHandler
                0x08001684                EXTI4_IRQHandler
                0x08001684                FSMC_IRQHandler
                0x08001684                ETH_IRQHandler
                0x08001684                OTG_HS_EP1_OUT_IRQHandler
                0x08001684                WWDG_IRQHandler
                0x08001684                TIM2_IRQHandler
                0x08001684                OTG_FS_WKUP_IRQHandler
                0x08001684                TIM1_TRG_COM_TIM11_IRQHandler
                0x08001684                OTG_HS_IRQHandler
                0x08001684                EXTI1_IRQHandler
                0x08001684                USART2_IRQHandler
                0x08001684                I2C2_ER_IRQHandler
                0x08001684                DMA2_Stream1_IRQHandler
                0x08001684                CAN1_SCE_IRQHandler
                0x08001684                FLASH_IRQHandler
                0x08001684                DMA2_Stream4_IRQHandler
                0x08001684                USART1_IRQHandler
                0x08001684                OTG_FS_IRQHandler
                0x08001684                SPI3_IRQHandler
                0x08001684                DMA1_Stream4_IRQHandler
                0x08001684                I2C1_ER_IRQHandler
                0x08001684                DMA2_Stream6_IRQHandler
                0x08001684                DMA1_Stream3_IRQHandler
 *fill*         0x08001686        0x2 
 .text.cpp_main
                0x08001688       0x28 CMakeFiles/0.Try_CPP.elf.dir/Cpp_Core/Src/cpp_main.cpp.obj
                0x08001688                cpp_main
 .text.HAL_Init
                0x080016b0       0x34 CMakeFiles/0.Try_CPP.elf.dir/Drivers/STM32F4xx_HAL_Driver/Src/stm32f4xx_hal.c.obj
                0x080016b0                HAL_Init
 .text.HAL_IncTick
                0x080016e4       0x18 CMakeFiles/0.Try_CPP.elf.dir/Drivers/STM32F4xx_HAL_Driver/Src/stm32f4xx_hal.c.obj
                0x080016e4                HAL_IncTick
 .text.HAL_GetTick
                0x080016fc        0xc CMakeFiles/0.Try_CPP.elf.dir/Drivers/STM32F4xx_HAL_Driver/Src/stm32f4xx_hal.c.obj
                0x080016fc                HAL_GetTick
 .text.HAL_Delay
                0x08001708       0x28 CMakeFiles/0.Try_CPP.elf.dir/Drivers/STM32F4xx_HAL_Driver/Src/stm32f4xx_hal.c.obj
                0x08001708                HAL_Delay
 .text.__NVIC_EnableIRQ
                0x08001730       0x1c CMakeFiles/0.Try_CPP.elf.dir/Drivers/STM32F4xx_HAL_Driver/Src/stm32f4xx_hal_cortex.c.obj
 .text.__NVIC_SetPriority
                0x0800174c       0x28 CMakeFiles/0.Try_CPP.elf.dir/Drivers/STM32F4xx_HAL_Driver/Src/stm32f4xx_hal_cortex.c.obj
 .text.NVIC_EncodePriority
                0x08001774       0x3e CMakeFiles/0.Try_CPP.elf.dir/Drivers/STM32F4xx_HAL_Driver/Src/stm32f4xx_hal_cortex.c.obj
 *fill*         0x080017b2        0x2 
 .text.HAL_NVIC_SetPriorityGrouping
                0x080017b4       0x24 CMakeFiles/0.Try_CPP.elf.dir/Drivers/STM32F4xx_HAL_Driver/Src/stm32f4xx_hal_cortex.c.obj
                0x080017b4                HAL_NVIC_SetPriorityGrouping
 .text.HAL_NVIC_SetPriority
                0x080017d8       0x20 CMakeFiles/0.Try_CPP.elf.dir/Drivers/STM32F4xx_HAL_Driver/Src/stm32f4xx_hal_cortex.c.obj
                0x080017d8                HAL_NVIC_SetPriority
 .text.HAL_NVIC_EnableIRQ
                0x080017f8        0x8 CMakeFiles/0.Try_CPP.elf.dir/Drivers/STM32F4xx_HAL_Driver/Src/stm32f4xx_hal_cortex.c.obj
                0x080017f8                HAL_NVIC_EnableIRQ
 .text.HAL_GPIO_Init
                0x08001800      0x1f4 CMakeFiles/0.Try_CPP.elf.dir/Drivers/STM32F4xx_HAL_Driver/Src/stm32f4xx_hal_gpio.c.obj
                0x08001800                HAL_GPIO_Init
 .text.HAL_GPIO_WritePin
                0x080019f4        0xc CMakeFiles/0.Try_CPP.elf.dir/Drivers/STM32F4xx_HAL_Driver/Src/stm32f4xx_hal_gpio.c.obj
                0x080019f4                HAL_GPIO_WritePin
 .text.HAL_GPIO_TogglePin
                0x08001a00       0x12 CMakeFiles/0.Try_CPP.elf.dir/Drivers/STM32F4xx_HAL_Driver/Src/stm32f4xx_hal_gpio.c.obj
                0x08001a00                HAL_GPIO_TogglePin
 *fill*         0x08001a12        0x2 
 .text.HAL_RCC_OscConfig
                0x08001a14      0x3f8 CMakeFiles/0.Try_CPP.elf.dir/Drivers/STM32F4xx_HAL_Driver/Src/stm32f4xx_hal_rcc.c.obj
                0x08001a14                HAL_RCC_OscConfig
 .text.HAL_RCC_GetSysClockFreq
                0x08001e0c       0xa8 CMakeFiles/0.Try_CPP.elf.dir/Drivers/STM32F4xx_HAL_Driver/Src/stm32f4xx_hal_rcc.c.obj
                0x08001e0c                HAL_RCC_GetSysClockFreq
 .text.HAL_RCC_ClockConfig
                0x08001eb4      0x160 CMakeFiles/0.Try_CPP.elf.dir/Drivers/STM32F4xx_HAL_Driver/Src/stm32f4xx_hal_rcc.c.obj
                0x08001eb4                HAL_RCC_ClockConfig
 .text.HAL_RCC_GetHCLKFreq
                0x08002014        0xc CMakeFiles/0.Try_CPP.elf.dir/Drivers/STM32F4xx_HAL_Driver/Src/stm32f4xx_hal_rcc.c.obj
                0x08002014                HAL_RCC_GetHCLKFreq
 .text.HAL_RCC_GetPCLK1Freq
                0x08002020       0x20 CMakeFiles/0.Try_CPP.elf.dir/Drivers/STM32F4xx_HAL_Driver/Src/stm32f4xx_hal_rcc.c.obj
                0x08002020                HAL_RCC_GetPCLK1Freq
 .text.HAL_RCC_GetClockConfig
                0x08002040       0x3c CMakeFiles/0.Try_CPP.elf.dir/Drivers/STM32F4xx_HAL_Driver/Src/stm32f4xx_hal_rcc.c.obj
                0x08002040                HAL_RCC_GetClockConfig
 .text.HAL_TIM_Base_MspInit
                0x0800207c        0x2 CMakeFiles/0.Try_CPP.elf.dir/Drivers/STM32F4xx_HAL_Driver/Src/stm32f4xx_hal_tim.c.obj
                0x0800207c                HAL_TIM_Base_MspInit
 *fill*         0x0800207e        0x2 
 .text.HAL_TIM_Base_Start_IT
                0x08002080       0x88 CMakeFiles/0.Try_CPP.elf.dir/Drivers/STM32F4xx_HAL_Driver/Src/stm32f4xx_hal_tim.c.obj
                0x08002080                HAL_TIM_Base_Start_IT
 .text.HAL_TIM_OC_DelayElapsedCallback
                0x08002108        0x2 CMakeFiles/0.Try_CPP.elf.dir/Drivers/STM32F4xx_HAL_Driver/Src/stm32f4xx_hal_tim.c.obj
                0x08002108                HAL_TIM_OC_DelayElapsedCallback
 .text.HAL_TIM_IC_CaptureCallback
                0x0800210a        0x2 CMakeFiles/0.Try_CPP.elf.dir/Drivers/STM32F4xx_HAL_Driver/Src/stm32f4xx_hal_tim.c.obj
                0x0800210a                HAL_TIM_IC_CaptureCallback
 .text.HAL_TIM_PWM_PulseFinishedCallback
                0x0800210c        0x2 CMakeFiles/0.Try_CPP.elf.dir/Drivers/STM32F4xx_HAL_Driver/Src/stm32f4xx_hal_tim.c.obj
                0x0800210c                HAL_TIM_PWM_PulseFinishedCallback
 .text.HAL_TIM_TriggerCallback
                0x0800210e        0x2 CMakeFiles/0.Try_CPP.elf.dir/Drivers/STM32F4xx_HAL_Driver/Src/stm32f4xx_hal_tim.c.obj
                0x0800210e                HAL_TIM_TriggerCallback
 .text.HAL_TIM_IRQHandler
                0x08002110      0x15e CMakeFiles/0.Try_CPP.elf.dir/Drivers/STM32F4xx_HAL_Driver/Src/stm32f4xx_hal_tim.c.obj
                0x08002110                HAL_TIM_IRQHandler
 *fill*         0x0800226e        0x2 
 .text.TIM_Base_SetConfig
                0x08002270       0xd8 CMakeFiles/0.Try_CPP.elf.dir/Drivers/STM32F4xx_HAL_Driver/Src/stm32f4xx_hal_tim.c.obj
                0x08002270                TIM_Base_SetConfig
 .text.HAL_TIM_Base_Init
                0x08002348       0x58 CMakeFiles/0.Try_CPP.elf.dir/Drivers/STM32F4xx_HAL_Driver/Src/stm32f4xx_hal_tim.c.obj
                0x08002348                HAL_TIM_Base_Init
 .text.HAL_TIMEx_CommutCallback
                0x080023a0        0x2 CMakeFiles/0.Try_CPP.elf.dir/Drivers/STM32F4xx_HAL_Driver/Src/stm32f4xx_hal_tim_ex.c.obj
                0x080023a0                HAL_TIMEx_CommutCallback
 .text.HAL_TIMEx_BreakCallback
                0x080023a2        0x2 CMakeFiles/0.Try_CPP.elf.dir/Drivers/STM32F4xx_HAL_Driver/Src/stm32f4xx_hal_tim_ex.c.obj
                0x080023a2                HAL_TIMEx_BreakCallback
 .text.abort    0x080023a4        0xe D:/Program Files/STM32CubeCLT_1.17.0/GNU-tools-for-STM32/bin/../lib/gcc/arm-none-eabi/12.3.1/../../../../arm-none-eabi/lib/thumb/v7e-m/nofp\libg.a(libc_a-abort.o)
                0x080023a4                abort
 .text.memset   0x080023b2       0x10 D:/Program Files/STM32CubeCLT_1.17.0/GNU-tools-for-STM32/bin/../lib/gcc/arm-none-eabi/12.3.1/../../../../arm-none-eabi/lib/thumb/v7e-m/nofp\libg.a(libc_a-memset.o)
                0x080023b2                memset
 .text._raise_r
                0x080023c2       0x52 D:/Program Files/STM32CubeCLT_1.17.0/GNU-tools-for-STM32/bin/../lib/gcc/arm-none-eabi/12.3.1/../../../../arm-none-eabi/lib/thumb/v7e-m/nofp\libg.a(libc_a-signal.o)
                0x080023c2                _raise_r
 .text.raise    0x08002414       0x10 D:/Program Files/STM32CubeCLT_1.17.0/GNU-tools-for-STM32/bin/../lib/gcc/arm-none-eabi/12.3.1/../../../../arm-none-eabi/lib/thumb/v7e-m/nofp\libg.a(libc_a-signal.o)
                0x08002414                raise
 .text._kill_r  0x08002424       0x24 D:/Program Files/STM32CubeCLT_1.17.0/GNU-tools-for-STM32/bin/../lib/gcc/arm-none-eabi/12.3.1/../../../../arm-none-eabi/lib/thumb/v7e-m/nofp\libg.a(libc_a-signalr.o)
                0x08002424                _kill_r
 .text._getpid_r
                0x08002448        0x4 D:/Program Files/STM32CubeCLT_1.17.0/GNU-tools-for-STM32/bin/../lib/gcc/arm-none-eabi/12.3.1/../../../../arm-none-eabi/lib/thumb/v7e-m/nofp\libg.a(libc_a-signalr.o)
                0x08002448                _getpid_r
 .text.__errno  0x0800244c        0xc D:/Program Files/STM32CubeCLT_1.17.0/GNU-tools-for-STM32/bin/../lib/gcc/arm-none-eabi/12.3.1/../../../../arm-none-eabi/lib/thumb/v7e-m/nofp\libg.a(libc_a-errno.o)
                0x0800244c                __errno
 .text.__libc_init_array
                0x08002458       0x48 D:/Program Files/STM32CubeCLT_1.17.0/GNU-tools-for-STM32/bin/../lib/gcc/arm-none-eabi/12.3.1/../../../../arm-none-eabi/lib/thumb/v7e-m/nofp\libg.a(libc_a-init.o)
                0x08002458                __libc_init_array
 .text.__retarget_lock_acquire_recursive
                0x080024a0        0x2 D:/Program Files/STM32CubeCLT_1.17.0/GNU-tools-for-STM32/bin/../lib/gcc/arm-none-eabi/12.3.1/../../../../arm-none-eabi/lib/thumb/v7e-m/nofp\libg.a(libc_a-lock.o)
                0x080024a0                __retarget_lock_acquire_recursive
 .text.__retarget_lock_release_recursive
                0x080024a2        0x2 D:/Program Files/STM32CubeCLT_1.17.0/GNU-tools-for-STM32/bin/../lib/gcc/arm-none-eabi/12.3.1/../../../../arm-none-eabi/lib/thumb/v7e-m/nofp\libg.a(libc_a-lock.o)
                0x080024a2                __retarget_lock_release_recursive
 .text.memcpy   0x080024a4       0x1c D:/Program Files/STM32CubeCLT_1.17.0/GNU-tools-for-STM32/bin/../lib/gcc/arm-none-eabi/12.3.1/../../../../arm-none-eabi/lib/thumb/v7e-m/nofp\libg.a(libc_a-memcpy-stub.o)
                0x080024a4                memcpy
 .text.startup.register_fini
                0x080024c0       0x14 D:/Program Files/STM32CubeCLT_1.17.0/GNU-tools-for-STM32/bin/../lib/gcc/arm-none-eabi/12.3.1/../../../../arm-none-eabi/lib/thumb/v7e-m/nofp\libg.a(libc_a-__call_atexit.o)
 .text.atexit   0x080024d4        0xc D:/Program Files/STM32CubeCLT_1.17.0/GNU-tools-for-STM32/bin/../lib/gcc/arm-none-eabi/12.3.1/../../../../arm-none-eabi/lib/thumb/v7e-m/nofp\libg.a(libc_a-atexit.o)
                0x080024d4                atexit
 .text.__libc_fini_array
                0x080024e0       0x28 D:/Program Files/STM32CubeCLT_1.17.0/GNU-tools-for-STM32/bin/../lib/gcc/arm-none-eabi/12.3.1/../../../../arm-none-eabi/lib/thumb/v7e-m/nofp\libg.a(libc_a-fini.o)
                0x080024e0                __libc_fini_array
 .text.__register_exitproc
                0x08002508       0x80 D:/Program Files/STM32CubeCLT_1.17.0/GNU-tools-for-STM32/bin/../lib/gcc/arm-none-eabi/12.3.1/../../../../arm-none-eabi/lib/thumb/v7e-m/nofp\libg.a(libc_a-__atexit.o)
                0x08002508                __register_exitproc
 *(.glue_7)
 .glue_7        0x08002588        0x0 linker stubs
 *(.glue_7t)
 .glue_7t       0x08002588        0x0 linker stubs
 *(.eh_frame)
 .eh_frame      0x08002588        0x0 D:/Program Files/STM32CubeCLT_1.17.0/GNU-tools-for-STM32/bin/../lib/gcc/arm-none-eabi/12.3.1/thumb/v7e-m/nofp/crtbegin.o
 *(.init)
 .init          0x08002588        0x4 D:/Program Files/STM32CubeCLT_1.17.0/GNU-tools-for-STM32/bin/../lib/gcc/arm-none-eabi/12.3.1/thumb/v7e-m/nofp/crti.o
                0x08002588                _init
 .init          0x0800258c        0x8 D:/Program Files/STM32CubeCLT_1.17.0/GNU-tools-for-STM32/bin/../lib/gcc/arm-none-eabi/12.3.1/thumb/v7e-m/nofp/crtn.o
 *(.fini)
 .fini          0x08002594        0x4 D:/Program Files/STM32CubeCLT_1.17.0/GNU-tools-for-STM32/bin/../lib/gcc/arm-none-eabi/12.3.1/thumb/v7e-m/nofp/crti.o
                0x08002594                _fini
 .fini          0x08002598        0x8 D:/Program Files/STM32CubeCLT_1.17.0/GNU-tools-for-STM32/bin/../lib/gcc/arm-none-eabi/12.3.1/thumb/v7e-m/nofp/crtn.o
                0x080025a0                        . = ALIGN (0x4)
                0x080025a0                        _etext = .

.vfp11_veneer   0x080025a0        0x0
 .vfp11_veneer  0x080025a0        0x0 linker stubs

.v4_bx          0x080025a0        0x0
 .v4_bx         0x080025a0        0x0 linker stubs

.iplt           0x080025a0        0x0
 .iplt          0x080025a0        0x0 D:/Program Files/STM32CubeCLT_1.17.0/GNU-tools-for-STM32/bin/../lib/gcc/arm-none-eabi/12.3.1/thumb/v7e-m/nofp/crtbegin.o

.rodata         0x080025a0       0x18
                0x080025a0                        . = ALIGN (0x4)
 *(.rodata)
 *(.rodata*)
 .rodata.APBPrescTable
                0x080025a0        0x8 CMakeFiles/0.Try_CPP.elf.dir/Core/Src/system_stm32f4xx.c.obj
                0x080025a0                APBPrescTable
 .rodata.AHBPrescTable
                0x080025a8       0x10 CMakeFiles/0.Try_CPP.elf.dir/Core/Src/system_stm32f4xx.c.obj
                0x080025a8                AHBPrescTable
                0x080025b8                        . = ALIGN (0x4)

.ARM.extab      0x080025b8       0x24
                0x080025b8                        . = ALIGN (0x4)
 *(.ARM.extab* .gnu.linkonce.armextab.*)
 .ARM.extab.text.cpp_main
                0x080025b8        0xc CMakeFiles/0.Try_CPP.elf.dir/Cpp_Core/Src/cpp_main.cpp.obj
 .ARM.extab     0x080025c4       0x18 D:/Program Files/STM32CubeCLT_1.17.0/GNU-tools-for-STM32/bin/../lib/gcc/arm-none-eabi/12.3.1/thumb/v7e-m/nofp\libgcc.a(pr-support.o)
                0x080025dc                        . = ALIGN (0x4)

.ARM            0x080025dc       0xc8
                0x080025dc                        . = ALIGN (0x4)
                0x080025dc                        __exidx_start = .
 *(.ARM.exidx*)
 .ARM.exidx     0x080025dc        0x8 D:/Program Files/STM32CubeCLT_1.17.0/GNU-tools-for-STM32/bin/../lib/gcc/arm-none-eabi/12.3.1/thumb/v7e-m/nofp\libgcc.a(_udivmoddi4.o)
 .ARM.exidx     0x080025e4       0x78 D:/Program Files/STM32CubeCLT_1.17.0/GNU-tools-for-STM32/bin/../lib/gcc/arm-none-eabi/12.3.1/thumb/v7e-m/nofp\libgcc.a(unwind-arm.o)
                                 0xd8 (size before relaxing)
 .ARM.exidx     0x0800265c       0x38 D:/Program Files/STM32CubeCLT_1.17.0/GNU-tools-for-STM32/bin/../lib/gcc/arm-none-eabi/12.3.1/thumb/v7e-m/nofp\libgcc.a(pr-support.o)
 .ARM.exidx.text.cpp_main
                0x08002694       0x10 CMakeFiles/0.Try_CPP.elf.dir/Cpp_Core/Src/cpp_main.cpp.obj
                                  0x8 (size before relaxing)
                0x080026a4                        __exidx_end = .
                0x080026a4                        . = ALIGN (0x4)

.preinit_array  0x080026a4        0x0
                0x080026a4                        . = ALIGN (0x4)
                0x080026a4                        PROVIDE (__preinit_array_start = .)
 *(.preinit_array*)
                0x080026a4                        PROVIDE (__preinit_array_end = .)
                0x080026a4                        . = ALIGN (0x4)

.init_array     0x080026a4        0x8
                0x080026a4                        . = ALIGN (0x4)
                0x080026a4                        PROVIDE (__init_array_start = .)
 *(SORT_BY_NAME(.init_array.*))
 .init_array.00000
                0x080026a4        0x4 D:/Program Files/STM32CubeCLT_1.17.0/GNU-tools-for-STM32/bin/../lib/gcc/arm-none-eabi/12.3.1/../../../../arm-none-eabi/lib/thumb/v7e-m/nofp\libg.a(libc_a-__call_atexit.o)
 *(.init_array*)
 .init_array    0x080026a8        0x4 D:/Program Files/STM32CubeCLT_1.17.0/GNU-tools-for-STM32/bin/../lib/gcc/arm-none-eabi/12.3.1/thumb/v7e-m/nofp/crtbegin.o
                0x080026ac                        PROVIDE (__init_array_end = .)
                0x080026ac                        . = ALIGN (0x4)

.fini_array     0x080026ac        0x4
                0x080026ac                        . = ALIGN (0x4)
                0x080026ac                        PROVIDE (__fini_array_start = .)
 *(SORT_BY_NAME(.fini_array.*))
 *(.fini_array*)
 .fini_array    0x080026ac        0x4 D:/Program Files/STM32CubeCLT_1.17.0/GNU-tools-for-STM32/bin/../lib/gcc/arm-none-eabi/12.3.1/thumb/v7e-m/nofp/crtbegin.o
                0x080026b0                        PROVIDE (__fini_array_end = .)
                0x080026b0                        . = ALIGN (0x4)
                0x080026b0                        _sidata = LOADADDR (.data)

.rel.dyn        0x080026b0        0x0
 .rel.iplt      0x080026b0        0x0 D:/Program Files/STM32CubeCLT_1.17.0/GNU-tools-for-STM32/bin/../lib/gcc/arm-none-eabi/12.3.1/thumb/v7e-m/nofp/crtbegin.o

.data           0x20000000      0x134 load address 0x080026b0
                0x20000000                        . = ALIGN (0x4)
                0x20000000                        _sdata = .
 *(.data)
 *(.data*)
 .data.SystemCoreClock
                0x20000000        0x4 CMakeFiles/0.Try_CPP.elf.dir/Core/Src/system_stm32f4xx.c.obj
                0x20000000                SystemCoreClock
 .data.uwTickFreq
                0x20000004        0x1 CMakeFiles/0.Try_CPP.elf.dir/Drivers/STM32F4xx_HAL_Driver/Src/stm32f4xx_hal.c.obj
                0x20000004                uwTickFreq
 *fill*         0x20000005        0x3 
 .data.uwTickPrio
                0x20000008        0x4 CMakeFiles/0.Try_CPP.elf.dir/Drivers/STM32F4xx_HAL_Driver/Src/stm32f4xx_hal.c.obj
                0x20000008                uwTickPrio
 .data._impure_ptr
                0x2000000c        0x4 D:/Program Files/STM32CubeCLT_1.17.0/GNU-tools-for-STM32/bin/../lib/gcc/arm-none-eabi/12.3.1/../../../../arm-none-eabi/lib/thumb/v7e-m/nofp\libg.a(libc_a-impure.o)
                0x2000000c                _impure_ptr
 .data._impure_data
                0x20000010      0x120 D:/Program Files/STM32CubeCLT_1.17.0/GNU-tools-for-STM32/bin/../lib/gcc/arm-none-eabi/12.3.1/../../../../arm-none-eabi/lib/thumb/v7e-m/nofp\libg.a(libc_a-impure.o)
                0x20000010                _impure_data
 .data.__atexit_recursive_mutex
                0x20000130        0x4 D:/Program Files/STM32CubeCLT_1.17.0/GNU-tools-for-STM32/bin/../lib/gcc/arm-none-eabi/12.3.1/../../../../arm-none-eabi/lib/thumb/v7e-m/nofp\libg.a(libc_a-__call_atexit.o)
                0x20000130                __atexit_recursive_mutex
 *(.RamFunc)
 *(.RamFunc*)
                0x20000134                        . = ALIGN (0x4)
                0x20000134                        _edata = .
                0x080027e4                        _siccmram = LOADADDR (.ccmram)

.igot.plt       0x20000134        0x0 load address 0x080027e4
 .igot.plt      0x20000134        0x0 D:/Program Files/STM32CubeCLT_1.17.0/GNU-tools-for-STM32/bin/../lib/gcc/arm-none-eabi/12.3.1/thumb/v7e-m/nofp/crtbegin.o

.ccmram         0x10000000        0x0 load address 0x080027e4
                0x10000000                        . = ALIGN (0x4)
                0x10000000                        _sccmram = .
 *(.ccmram)
 *(.ccmram*)
                0x10000000                        . = ALIGN (0x4)
                0x10000000                        _eccmram = .
                0x10000000                        . = ALIGN (0x4)

.bss            0x20000134      0x33c
                0x20000134                        _sbss = .
                0x20000134                        __bss_start__ = _sbss
 *(.bss)
 .bss           0x20000134       0x1c D:/Program Files/STM32CubeCLT_1.17.0/GNU-tools-for-STM32/bin/../lib/gcc/arm-none-eabi/12.3.1/thumb/v7e-m/nofp/crtbegin.o
 *(.bss*)
 .bss.htim14    0x20000150       0x48 CMakeFiles/0.Try_CPP.elf.dir/Core/Src/stm32f4xx_hal_timebase_tim.c.obj
                0x20000150                htim14
 .bss.uwTick    0x20000198        0x4 CMakeFiles/0.Try_CPP.elf.dir/Drivers/STM32F4xx_HAL_Driver/Src/stm32f4xx_hal.c.obj
                0x20000198                uwTick
 .bss.__sf      0x2000019c      0x138 D:/Program Files/STM32CubeCLT_1.17.0/GNU-tools-for-STM32/bin/../lib/gcc/arm-none-eabi/12.3.1/../../../../arm-none-eabi/lib/thumb/v7e-m/nofp\libg.a(libc_a-findfp.o)
                0x2000019c                __sf
 .bss.errno     0x200002d4        0x4 D:/Program Files/STM32CubeCLT_1.17.0/GNU-tools-for-STM32/bin/../lib/gcc/arm-none-eabi/12.3.1/../../../../arm-none-eabi/lib/thumb/v7e-m/nofp\libg.a(libc_a-reent.o)
                0x200002d4                errno
 .bss.__lock___atexit_recursive_mutex
                0x200002d8        0x1 D:/Program Files/STM32CubeCLT_1.17.0/GNU-tools-for-STM32/bin/../lib/gcc/arm-none-eabi/12.3.1/../../../../arm-none-eabi/lib/thumb/v7e-m/nofp\libg.a(libc_a-lock.o)
                0x200002d8                __lock___atexit_recursive_mutex
 *fill*         0x200002d9        0x3 
 .bss.__atexit  0x200002dc        0x4 D:/Program Files/STM32CubeCLT_1.17.0/GNU-tools-for-STM32/bin/../lib/gcc/arm-none-eabi/12.3.1/../../../../arm-none-eabi/lib/thumb/v7e-m/nofp\libg.a(libc_a-__call_atexit.o)
                0x200002dc                __atexit
 .bss.__atexit0
                0x200002e0      0x190 D:/Program Files/STM32CubeCLT_1.17.0/GNU-tools-for-STM32/bin/../lib/gcc/arm-none-eabi/12.3.1/../../../../arm-none-eabi/lib/thumb/v7e-m/nofp\libg.a(libc_a-__atexit.o)
                0x200002e0                __atexit0
 *(COMMON)
                0x20000470                        . = ALIGN (0x4)
                0x20000470                        _ebss = .
                0x20000470                        __bss_end__ = _ebss

._user_heap_stack
                0x20000470      0x600
                0x20000470                        . = ALIGN (0x8)
                [!provide]                        PROVIDE (end = .)
                0x20000470                        PROVIDE (_end = .)
                0x20000670                        . = (. + _Min_Heap_Size)
 *fill*         0x20000470      0x200 
                0x20000a70                        . = (. + _Min_Stack_Size)
 *fill*         0x20000670      0x400 
                0x20000a70                        . = ALIGN (0x8)

/DISCARD/
 libc.a(*)
 libm.a(*)
 libgcc.a(*)

.ARM.attributes
                0x00000000       0x2a
 *(.ARM.attributes)
 .ARM.attributes
                0x00000000       0x1e D:/Program Files/STM32CubeCLT_1.17.0/GNU-tools-for-STM32/bin/../lib/gcc/arm-none-eabi/12.3.1/thumb/v7e-m/nofp/crti.o
 .ARM.attributes
                0x0000001e       0x2e D:/Program Files/STM32CubeCLT_1.17.0/GNU-tools-for-STM32/bin/../lib/gcc/arm-none-eabi/12.3.1/thumb/v7e-m/nofp/crtbegin.o
 .ARM.attributes
                0x0000004c       0x2e CMakeFiles/0.Try_CPP.elf.dir/Core/Src/gpio.c.obj
 .ARM.attributes
                0x0000007a       0x2e CMakeFiles/0.Try_CPP.elf.dir/Core/Src/main.c.obj
 .ARM.attributes
                0x000000a8       0x2e CMakeFiles/0.Try_CPP.elf.dir/Core/Src/stm32f4xx_hal_msp.c.obj
 .ARM.attributes
                0x000000d6       0x2e CMakeFiles/0.Try_CPP.elf.dir/Core/Src/stm32f4xx_hal_timebase_tim.c.obj
 .ARM.attributes
                0x00000104       0x2e CMakeFiles/0.Try_CPP.elf.dir/Core/Src/stm32f4xx_it.c.obj
 .ARM.attributes
                0x00000132       0x2e CMakeFiles/0.Try_CPP.elf.dir/Core/Src/system_stm32f4xx.c.obj
 .ARM.attributes
                0x00000160       0x21 CMakeFiles/0.Try_CPP.elf.dir/Core/Startup/startup_stm32f407ighx.s.obj
 .ARM.attributes
                0x00000181       0x2e CMakeFiles/0.Try_CPP.elf.dir/Cpp_Core/Src/cpp_main.cpp.obj
 .ARM.attributes
                0x000001af       0x2e CMakeFiles/0.Try_CPP.elf.dir/Drivers/STM32F4xx_HAL_Driver/Src/stm32f4xx_hal.c.obj
 .ARM.attributes
                0x000001dd       0x2e CMakeFiles/0.Try_CPP.elf.dir/Drivers/STM32F4xx_HAL_Driver/Src/stm32f4xx_hal_cortex.c.obj
 .ARM.attributes
                0x0000020b       0x2e CMakeFiles/0.Try_CPP.elf.dir/Drivers/STM32F4xx_HAL_Driver/Src/stm32f4xx_hal_gpio.c.obj
 .ARM.attributes
                0x00000239       0x2e CMakeFiles/0.Try_CPP.elf.dir/Drivers/STM32F4xx_HAL_Driver/Src/stm32f4xx_hal_rcc.c.obj
 .ARM.attributes
                0x00000267       0x2e CMakeFiles/0.Try_CPP.elf.dir/Drivers/STM32F4xx_HAL_Driver/Src/stm32f4xx_hal_tim.c.obj
 .ARM.attributes
                0x00000295       0x2e CMakeFiles/0.Try_CPP.elf.dir/Drivers/STM32F4xx_HAL_Driver/Src/stm32f4xx_hal_tim_ex.c.obj
 .ARM.attributes
                0x000002c3       0x1e D:/Program Files/STM32CubeCLT_1.17.0/GNU-tools-for-STM32/bin/../lib/gcc/arm-none-eabi/12.3.1/thumb/v7e-m/nofp\libgcc.a(_aeabi_uldivmod.o)
 .ARM.attributes
                0x000002e1       0x2e D:/Program Files/STM32CubeCLT_1.17.0/GNU-tools-for-STM32/bin/../lib/gcc/arm-none-eabi/12.3.1/thumb/v7e-m/nofp\libgcc.a(_udivmoddi4.o)
 .ARM.attributes
                0x0000030f       0x2e D:/Program Files/STM32CubeCLT_1.17.0/GNU-tools-for-STM32/bin/../lib/gcc/arm-none-eabi/12.3.1/thumb/v7e-m/nofp\libgcc.a(unwind-arm.o)
 .ARM.attributes
                0x0000033d       0x1e D:/Program Files/STM32CubeCLT_1.17.0/GNU-tools-for-STM32/bin/../lib/gcc/arm-none-eabi/12.3.1/thumb/v7e-m/nofp\libgcc.a(libunwind.o)
 .ARM.attributes
                0x0000035b       0x2e D:/Program Files/STM32CubeCLT_1.17.0/GNU-tools-for-STM32/bin/../lib/gcc/arm-none-eabi/12.3.1/thumb/v7e-m/nofp\libgcc.a(pr-support.o)
 .ARM.attributes
                0x00000389       0x1e D:/Program Files/STM32CubeCLT_1.17.0/GNU-tools-for-STM32/bin/../lib/gcc/arm-none-eabi/12.3.1/thumb/v7e-m/nofp\libgcc.a(_dvmd_tls.o)
 .ARM.attributes
                0x000003a7       0x2e D:/Program Files/STM32CubeCLT_1.17.0/GNU-tools-for-STM32/bin/../lib/gcc/arm-none-eabi/12.3.1/../../../../arm-none-eabi/lib/thumb/v7e-m/nofp\libg.a(libc_a-abort.o)
 .ARM.attributes
                0x000003d5       0x2e D:/Program Files/STM32CubeCLT_1.17.0/GNU-tools-for-STM32/bin/../lib/gcc/arm-none-eabi/12.3.1/../../../../arm-none-eabi/lib/thumb/v7e-m/nofp\libg.a(libc_a-findfp.o)
 .ARM.attributes
                0x00000403       0x2e D:/Program Files/STM32CubeCLT_1.17.0/GNU-tools-for-STM32/bin/../lib/gcc/arm-none-eabi/12.3.1/../../../../arm-none-eabi/lib/thumb/v7e-m/nofp\libg.a(libc_a-memset.o)
 .ARM.attributes
                0x00000431       0x2e D:/Program Files/STM32CubeCLT_1.17.0/GNU-tools-for-STM32/bin/../lib/gcc/arm-none-eabi/12.3.1/../../../../arm-none-eabi/lib/thumb/v7e-m/nofp\libg.a(libc_a-signal.o)
 .ARM.attributes
                0x0000045f       0x2e D:/Program Files/STM32CubeCLT_1.17.0/GNU-tools-for-STM32/bin/../lib/gcc/arm-none-eabi/12.3.1/../../../../arm-none-eabi/lib/thumb/v7e-m/nofp\libg.a(libc_a-reent.o)
 .ARM.attributes
                0x0000048d       0x2e D:/Program Files/STM32CubeCLT_1.17.0/GNU-tools-for-STM32/bin/../lib/gcc/arm-none-eabi/12.3.1/../../../../arm-none-eabi/lib/thumb/v7e-m/nofp\libg.a(libc_a-impure.o)
 .ARM.attributes
                0x000004bb       0x2e D:/Program Files/STM32CubeCLT_1.17.0/GNU-tools-for-STM32/bin/../lib/gcc/arm-none-eabi/12.3.1/../../../../arm-none-eabi/lib/thumb/v7e-m/nofp\libg.a(libc_a-signalr.o)
 .ARM.attributes
                0x000004e9       0x2e D:/Program Files/STM32CubeCLT_1.17.0/GNU-tools-for-STM32/bin/../lib/gcc/arm-none-eabi/12.3.1/../../../../arm-none-eabi/lib/thumb/v7e-m/nofp\libg.a(libc_a-errno.o)
 .ARM.attributes
                0x00000517       0x2e D:/Program Files/STM32CubeCLT_1.17.0/GNU-tools-for-STM32/bin/../lib/gcc/arm-none-eabi/12.3.1/../../../../arm-none-eabi/lib/thumb/v7e-m/nofp\libg.a(libc_a-init.o)
 .ARM.attributes
                0x00000545       0x2e D:/Program Files/STM32CubeCLT_1.17.0/GNU-tools-for-STM32/bin/../lib/gcc/arm-none-eabi/12.3.1/../../../../arm-none-eabi/lib/thumb/v7e-m/nofp\libg.a(libc_a-lock.o)
 .ARM.attributes
                0x00000573       0x2e D:/Program Files/STM32CubeCLT_1.17.0/GNU-tools-for-STM32/bin/../lib/gcc/arm-none-eabi/12.3.1/../../../../arm-none-eabi/lib/thumb/v7e-m/nofp\libg.a(libc_a-memcpy-stub.o)
 .ARM.attributes
                0x000005a1       0x2e D:/Program Files/STM32CubeCLT_1.17.0/GNU-tools-for-STM32/bin/../lib/gcc/arm-none-eabi/12.3.1/../../../../arm-none-eabi/lib/thumb/v7e-m/nofp\libg.a(libc_a-__call_atexit.o)
 .ARM.attributes
                0x000005cf       0x2e D:/Program Files/STM32CubeCLT_1.17.0/GNU-tools-for-STM32/bin/../lib/gcc/arm-none-eabi/12.3.1/../../../../arm-none-eabi/lib/thumb/v7e-m/nofp\libg.a(libc_a-atexit.o)
 .ARM.attributes
                0x000005fd       0x2e D:/Program Files/STM32CubeCLT_1.17.0/GNU-tools-for-STM32/bin/../lib/gcc/arm-none-eabi/12.3.1/../../../../arm-none-eabi/lib/thumb/v7e-m/nofp\libg.a(libc_a-fini.o)
 .ARM.attributes
                0x0000062b       0x2e D:/Program Files/STM32CubeCLT_1.17.0/GNU-tools-for-STM32/bin/../lib/gcc/arm-none-eabi/12.3.1/../../../../arm-none-eabi/lib/thumb/v7e-m/nofp\libg.a(libc_a-__atexit.o)
 .ARM.attributes
                0x00000659       0x1e D:/Program Files/STM32CubeCLT_1.17.0/GNU-tools-for-STM32/bin/../lib/gcc/arm-none-eabi/12.3.1/thumb/v7e-m/nofp/crtn.o
OUTPUT(0.Try_CPP.elf elf32-littlearm)
LOAD linker stubs
LOAD D:/Program Files/STM32CubeCLT_1.17.0/GNU-tools-for-STM32/bin/../lib/gcc/arm-none-eabi/12.3.1/../../../../arm-none-eabi/lib/thumb/v7e-m/nofp\libc.a
LOAD D:/Program Files/STM32CubeCLT_1.17.0/GNU-tools-for-STM32/bin/../lib/gcc/arm-none-eabi/12.3.1/../../../../arm-none-eabi/lib/thumb/v7e-m/nofp\libm.a
LOAD D:/Program Files/STM32CubeCLT_1.17.0/GNU-tools-for-STM32/bin/../lib/gcc/arm-none-eabi/12.3.1/thumb/v7e-m/nofp\libgcc.a

.debug_info     0x00000000     0xf1ad
 .debug_info    0x00000000      0x408 CMakeFiles/0.Try_CPP.elf.dir/Core/Src/gpio.c.obj
 .debug_info    0x00000408      0xb51 CMakeFiles/0.Try_CPP.elf.dir/Core/Src/main.c.obj
 .debug_info    0x00000f59      0x265 CMakeFiles/0.Try_CPP.elf.dir/Core/Src/stm32f4xx_hal_msp.c.obj
 .debug_info    0x000011be      0xc90 CMakeFiles/0.Try_CPP.elf.dir/Core/Src/stm32f4xx_hal_timebase_tim.c.obj
 .debug_info    0x00001e4e      0x6e5 CMakeFiles/0.Try_CPP.elf.dir/Core/Src/stm32f4xx_it.c.obj
 .debug_info    0x00002533      0x334 CMakeFiles/0.Try_CPP.elf.dir/Core/Src/system_stm32f4xx.c.obj
 .debug_info    0x00002867       0x30 CMakeFiles/0.Try_CPP.elf.dir/Core/Startup/startup_stm32f407ighx.s.obj
 .debug_info    0x00002897      0x227 CMakeFiles/0.Try_CPP.elf.dir/Cpp_Core/Src/cpp_main.cpp.obj
 .debug_info    0x00002abe      0x9e2 CMakeFiles/0.Try_CPP.elf.dir/Drivers/STM32F4xx_HAL_Driver/Src/stm32f4xx_hal.c.obj
 .debug_info    0x000034a0      0xfbb CMakeFiles/0.Try_CPP.elf.dir/Drivers/STM32F4xx_HAL_Driver/Src/stm32f4xx_hal_cortex.c.obj
 .debug_info    0x0000445b      0x704 CMakeFiles/0.Try_CPP.elf.dir/Drivers/STM32F4xx_HAL_Driver/Src/stm32f4xx_hal_gpio.c.obj
 .debug_info    0x00004b5f      0xa6d CMakeFiles/0.Try_CPP.elf.dir/Drivers/STM32F4xx_HAL_Driver/Src/stm32f4xx_hal_rcc.c.obj
 .debug_info    0x000055cc     0x3be0 CMakeFiles/0.Try_CPP.elf.dir/Drivers/STM32F4xx_HAL_Driver/Src/stm32f4xx_hal_tim.c.obj
 .debug_info    0x000091ac     0x1ac8 CMakeFiles/0.Try_CPP.elf.dir/Drivers/STM32F4xx_HAL_Driver/Src/stm32f4xx_hal_tim_ex.c.obj
 .debug_info    0x0000ac74       0xd8 D:/Program Files/STM32CubeCLT_1.17.0/GNU-tools-for-STM32/bin/../lib/gcc/arm-none-eabi/12.3.1/../../../../arm-none-eabi/lib/thumb/v7e-m/nofp\libg.a(libc_a-abort.o)
 .debug_info    0x0000ad4c      0xfc5 D:/Program Files/STM32CubeCLT_1.17.0/GNU-tools-for-STM32/bin/../lib/gcc/arm-none-eabi/12.3.1/../../../../arm-none-eabi/lib/thumb/v7e-m/nofp\libg.a(libc_a-findfp.o)
 .debug_info    0x0000bd11       0xe0 D:/Program Files/STM32CubeCLT_1.17.0/GNU-tools-for-STM32/bin/../lib/gcc/arm-none-eabi/12.3.1/../../../../arm-none-eabi/lib/thumb/v7e-m/nofp\libg.a(libc_a-memset.o)
 .debug_info    0x0000bdf1      0xa0d D:/Program Files/STM32CubeCLT_1.17.0/GNU-tools-for-STM32/bin/../lib/gcc/arm-none-eabi/12.3.1/../../../../arm-none-eabi/lib/thumb/v7e-m/nofp\libg.a(libc_a-signal.o)
 .debug_info    0x0000c7fe      0x7e7 D:/Program Files/STM32CubeCLT_1.17.0/GNU-tools-for-STM32/bin/../lib/gcc/arm-none-eabi/12.3.1/../../../../arm-none-eabi/lib/thumb/v7e-m/nofp\libg.a(libc_a-reent.o)
 .debug_info    0x0000cfe5      0x733 D:/Program Files/STM32CubeCLT_1.17.0/GNU-tools-for-STM32/bin/../lib/gcc/arm-none-eabi/12.3.1/../../../../arm-none-eabi/lib/thumb/v7e-m/nofp\libg.a(libc_a-impure.o)
 .debug_info    0x0000d718      0x7fb D:/Program Files/STM32CubeCLT_1.17.0/GNU-tools-for-STM32/bin/../lib/gcc/arm-none-eabi/12.3.1/../../../../arm-none-eabi/lib/thumb/v7e-m/nofp\libg.a(libc_a-signalr.o)
 .debug_info    0x0000df13      0x719 D:/Program Files/STM32CubeCLT_1.17.0/GNU-tools-for-STM32/bin/../lib/gcc/arm-none-eabi/12.3.1/../../../../arm-none-eabi/lib/thumb/v7e-m/nofp\libg.a(libc_a-errno.o)
 .debug_info    0x0000e62c      0x10b D:/Program Files/STM32CubeCLT_1.17.0/GNU-tools-for-STM32/bin/../lib/gcc/arm-none-eabi/12.3.1/../../../../arm-none-eabi/lib/thumb/v7e-m/nofp\libg.a(libc_a-init.o)
 .debug_info    0x0000e737      0x20a D:/Program Files/STM32CubeCLT_1.17.0/GNU-tools-for-STM32/bin/../lib/gcc/arm-none-eabi/12.3.1/../../../../arm-none-eabi/lib/thumb/v7e-m/nofp\libg.a(libc_a-lock.o)
 .debug_info    0x0000e941      0x121 D:/Program Files/STM32CubeCLT_1.17.0/GNU-tools-for-STM32/bin/../lib/gcc/arm-none-eabi/12.3.1/../../../../arm-none-eabi/lib/thumb/v7e-m/nofp\libg.a(libc_a-memcpy-stub.o)
 .debug_info    0x0000ea62      0x2dd D:/Program Files/STM32CubeCLT_1.17.0/GNU-tools-for-STM32/bin/../lib/gcc/arm-none-eabi/12.3.1/../../../../arm-none-eabi/lib/thumb/v7e-m/nofp\libg.a(libc_a-__call_atexit.o)
 .debug_info    0x0000ed3f      0x118 D:/Program Files/STM32CubeCLT_1.17.0/GNU-tools-for-STM32/bin/../lib/gcc/arm-none-eabi/12.3.1/../../../../arm-none-eabi/lib/thumb/v7e-m/nofp\libg.a(libc_a-atexit.o)
 .debug_info    0x0000ee57       0xf7 D:/Program Files/STM32CubeCLT_1.17.0/GNU-tools-for-STM32/bin/../lib/gcc/arm-none-eabi/12.3.1/../../../../arm-none-eabi/lib/thumb/v7e-m/nofp\libg.a(libc_a-fini.o)
 .debug_info    0x0000ef4e      0x25f D:/Program Files/STM32CubeCLT_1.17.0/GNU-tools-for-STM32/bin/../lib/gcc/arm-none-eabi/12.3.1/../../../../arm-none-eabi/lib/thumb/v7e-m/nofp\libg.a(libc_a-__atexit.o)

.debug_abbrev   0x00000000     0x315e
 .debug_abbrev  0x00000000      0x164 CMakeFiles/0.Try_CPP.elf.dir/Core/Src/gpio.c.obj
 .debug_abbrev  0x00000164      0x232 CMakeFiles/0.Try_CPP.elf.dir/Core/Src/main.c.obj
 .debug_abbrev  0x00000396       0xd6 CMakeFiles/0.Try_CPP.elf.dir/Core/Src/stm32f4xx_hal_msp.c.obj
 .debug_abbrev  0x0000046c      0x232 CMakeFiles/0.Try_CPP.elf.dir/Core/Src/stm32f4xx_hal_timebase_tim.c.obj
 .debug_abbrev  0x0000069e      0x186 CMakeFiles/0.Try_CPP.elf.dir/Core/Src/stm32f4xx_it.c.obj
 .debug_abbrev  0x00000824      0x120 CMakeFiles/0.Try_CPP.elf.dir/Core/Src/system_stm32f4xx.c.obj
 .debug_abbrev  0x00000944       0x24 CMakeFiles/0.Try_CPP.elf.dir/Core/Startup/startup_stm32f407ighx.s.obj
 .debug_abbrev  0x00000968      0x117 CMakeFiles/0.Try_CPP.elf.dir/Cpp_Core/Src/cpp_main.cpp.obj
 .debug_abbrev  0x00000a7f      0x240 CMakeFiles/0.Try_CPP.elf.dir/Drivers/STM32F4xx_HAL_Driver/Src/stm32f4xx_hal.c.obj
 .debug_abbrev  0x00000cbf      0x391 CMakeFiles/0.Try_CPP.elf.dir/Drivers/STM32F4xx_HAL_Driver/Src/stm32f4xx_hal_cortex.c.obj
 .debug_abbrev  0x00001050      0x202 CMakeFiles/0.Try_CPP.elf.dir/Drivers/STM32F4xx_HAL_Driver/Src/stm32f4xx_hal_gpio.c.obj
 .debug_abbrev  0x00001252      0x2c7 CMakeFiles/0.Try_CPP.elf.dir/Drivers/STM32F4xx_HAL_Driver/Src/stm32f4xx_hal_rcc.c.obj
 .debug_abbrev  0x00001519      0x271 CMakeFiles/0.Try_CPP.elf.dir/Drivers/STM32F4xx_HAL_Driver/Src/stm32f4xx_hal_tim.c.obj
 .debug_abbrev  0x0000178a      0x26f CMakeFiles/0.Try_CPP.elf.dir/Drivers/STM32F4xx_HAL_Driver/Src/stm32f4xx_hal_tim_ex.c.obj
 .debug_abbrev  0x000019f9       0x99 D:/Program Files/STM32CubeCLT_1.17.0/GNU-tools-for-STM32/bin/../lib/gcc/arm-none-eabi/12.3.1/../../../../arm-none-eabi/lib/thumb/v7e-m/nofp\libg.a(libc_a-abort.o)
 .debug_abbrev  0x00001a92      0x462 D:/Program Files/STM32CubeCLT_1.17.0/GNU-tools-for-STM32/bin/../lib/gcc/arm-none-eabi/12.3.1/../../../../arm-none-eabi/lib/thumb/v7e-m/nofp\libg.a(libc_a-findfp.o)
 .debug_abbrev  0x00001ef4       0x9e D:/Program Files/STM32CubeCLT_1.17.0/GNU-tools-for-STM32/bin/../lib/gcc/arm-none-eabi/12.3.1/../../../../arm-none-eabi/lib/thumb/v7e-m/nofp\libg.a(libc_a-memset.o)
 .debug_abbrev  0x00001f92      0x28a D:/Program Files/STM32CubeCLT_1.17.0/GNU-tools-for-STM32/bin/../lib/gcc/arm-none-eabi/12.3.1/../../../../arm-none-eabi/lib/thumb/v7e-m/nofp\libg.a(libc_a-signal.o)
 .debug_abbrev  0x0000221c      0x229 D:/Program Files/STM32CubeCLT_1.17.0/GNU-tools-for-STM32/bin/../lib/gcc/arm-none-eabi/12.3.1/../../../../arm-none-eabi/lib/thumb/v7e-m/nofp\libg.a(libc_a-reent.o)
 .debug_abbrev  0x00002445      0x185 D:/Program Files/STM32CubeCLT_1.17.0/GNU-tools-for-STM32/bin/../lib/gcc/arm-none-eabi/12.3.1/../../../../arm-none-eabi/lib/thumb/v7e-m/nofp\libg.a(libc_a-impure.o)
 .debug_abbrev  0x000025ca      0x239 D:/Program Files/STM32CubeCLT_1.17.0/GNU-tools-for-STM32/bin/../lib/gcc/arm-none-eabi/12.3.1/../../../../arm-none-eabi/lib/thumb/v7e-m/nofp\libg.a(libc_a-signalr.o)
 .debug_abbrev  0x00002803      0x19a D:/Program Files/STM32CubeCLT_1.17.0/GNU-tools-for-STM32/bin/../lib/gcc/arm-none-eabi/12.3.1/../../../../arm-none-eabi/lib/thumb/v7e-m/nofp\libg.a(libc_a-errno.o)
 .debug_abbrev  0x0000299d       0xc9 D:/Program Files/STM32CubeCLT_1.17.0/GNU-tools-for-STM32/bin/../lib/gcc/arm-none-eabi/12.3.1/../../../../arm-none-eabi/lib/thumb/v7e-m/nofp\libg.a(libc_a-init.o)
 .debug_abbrev  0x00002a66      0x115 D:/Program Files/STM32CubeCLT_1.17.0/GNU-tools-for-STM32/bin/../lib/gcc/arm-none-eabi/12.3.1/../../../../arm-none-eabi/lib/thumb/v7e-m/nofp\libg.a(libc_a-lock.o)
 .debug_abbrev  0x00002b7b       0xc1 D:/Program Files/STM32CubeCLT_1.17.0/GNU-tools-for-STM32/bin/../lib/gcc/arm-none-eabi/12.3.1/../../../../arm-none-eabi/lib/thumb/v7e-m/nofp\libg.a(libc_a-memcpy-stub.o)
 .debug_abbrev  0x00002c3c      0x20c D:/Program Files/STM32CubeCLT_1.17.0/GNU-tools-for-STM32/bin/../lib/gcc/arm-none-eabi/12.3.1/../../../../arm-none-eabi/lib/thumb/v7e-m/nofp\libg.a(libc_a-__call_atexit.o)
 .debug_abbrev  0x00002e48       0xc1 D:/Program Files/STM32CubeCLT_1.17.0/GNU-tools-for-STM32/bin/../lib/gcc/arm-none-eabi/12.3.1/../../../../arm-none-eabi/lib/thumb/v7e-m/nofp\libg.a(libc_a-atexit.o)
 .debug_abbrev  0x00002f09       0xcc D:/Program Files/STM32CubeCLT_1.17.0/GNU-tools-for-STM32/bin/../lib/gcc/arm-none-eabi/12.3.1/../../../../arm-none-eabi/lib/thumb/v7e-m/nofp\libg.a(libc_a-fini.o)
 .debug_abbrev  0x00002fd5      0x189 D:/Program Files/STM32CubeCLT_1.17.0/GNU-tools-for-STM32/bin/../lib/gcc/arm-none-eabi/12.3.1/../../../../arm-none-eabi/lib/thumb/v7e-m/nofp\libg.a(libc_a-__atexit.o)

.debug_aranges  0x00000000      0xc40
 .debug_aranges
                0x00000000       0x20 CMakeFiles/0.Try_CPP.elf.dir/Core/Src/gpio.c.obj
 .debug_aranges
                0x00000020       0x38 CMakeFiles/0.Try_CPP.elf.dir/Core/Src/main.c.obj
 .debug_aranges
                0x00000058       0x20 CMakeFiles/0.Try_CPP.elf.dir/Core/Src/stm32f4xx_hal_msp.c.obj
 .debug_aranges
                0x00000078       0x30 CMakeFiles/0.Try_CPP.elf.dir/Core/Src/stm32f4xx_hal_timebase_tim.c.obj
 .debug_aranges
                0x000000a8       0x68 CMakeFiles/0.Try_CPP.elf.dir/Core/Src/stm32f4xx_it.c.obj
 .debug_aranges
                0x00000110       0x28 CMakeFiles/0.Try_CPP.elf.dir/Core/Src/system_stm32f4xx.c.obj
 .debug_aranges
                0x00000138       0x28 CMakeFiles/0.Try_CPP.elf.dir/Core/Startup/startup_stm32f407ighx.s.obj
 .debug_aranges
                0x00000160       0x20 CMakeFiles/0.Try_CPP.elf.dir/Cpp_Core/Src/cpp_main.cpp.obj
 .debug_aranges
                0x00000180       0xf0 CMakeFiles/0.Try_CPP.elf.dir/Drivers/STM32F4xx_HAL_Driver/Src/stm32f4xx_hal.c.obj
 .debug_aranges
                0x00000270       0xf8 CMakeFiles/0.Try_CPP.elf.dir/Drivers/STM32F4xx_HAL_Driver/Src/stm32f4xx_hal_cortex.c.obj
 .debug_aranges
                0x00000368       0x58 CMakeFiles/0.Try_CPP.elf.dir/Drivers/STM32F4xx_HAL_Driver/Src/stm32f4xx_hal_gpio.c.obj
 .debug_aranges
                0x000003c0       0x88 CMakeFiles/0.Try_CPP.elf.dir/Drivers/STM32F4xx_HAL_Driver/Src/stm32f4xx_hal_rcc.c.obj
 .debug_aranges
                0x00000448      0x3d0 CMakeFiles/0.Try_CPP.elf.dir/Drivers/STM32F4xx_HAL_Driver/Src/stm32f4xx_hal_tim.c.obj
 .debug_aranges
                0x00000818      0x168 CMakeFiles/0.Try_CPP.elf.dir/Drivers/STM32F4xx_HAL_Driver/Src/stm32f4xx_hal_tim_ex.c.obj
 .debug_aranges
                0x00000980       0x20 D:/Program Files/STM32CubeCLT_1.17.0/GNU-tools-for-STM32/bin/../lib/gcc/arm-none-eabi/12.3.1/../../../../arm-none-eabi/lib/thumb/v7e-m/nofp\libg.a(libc_a-abort.o)
 .debug_aranges
                0x000009a0       0x78 D:/Program Files/STM32CubeCLT_1.17.0/GNU-tools-for-STM32/bin/../lib/gcc/arm-none-eabi/12.3.1/../../../../arm-none-eabi/lib/thumb/v7e-m/nofp\libg.a(libc_a-findfp.o)
 .debug_aranges
                0x00000a18       0x20 D:/Program Files/STM32CubeCLT_1.17.0/GNU-tools-for-STM32/bin/../lib/gcc/arm-none-eabi/12.3.1/../../../../arm-none-eabi/lib/thumb/v7e-m/nofp\libg.a(libc_a-memset.o)
 .debug_aranges
                0x00000a38       0x58 D:/Program Files/STM32CubeCLT_1.17.0/GNU-tools-for-STM32/bin/../lib/gcc/arm-none-eabi/12.3.1/../../../../arm-none-eabi/lib/thumb/v7e-m/nofp\libg.a(libc_a-signal.o)
 .debug_aranges
                0x00000a90       0x20 D:/Program Files/STM32CubeCLT_1.17.0/GNU-tools-for-STM32/bin/../lib/gcc/arm-none-eabi/12.3.1/../../../../arm-none-eabi/lib/thumb/v7e-m/nofp\libg.a(libc_a-reent.o)
 .debug_aranges
                0x00000ab0       0x18 D:/Program Files/STM32CubeCLT_1.17.0/GNU-tools-for-STM32/bin/../lib/gcc/arm-none-eabi/12.3.1/../../../../arm-none-eabi/lib/thumb/v7e-m/nofp\libg.a(libc_a-impure.o)
 .debug_aranges
                0x00000ac8       0x28 D:/Program Files/STM32CubeCLT_1.17.0/GNU-tools-for-STM32/bin/../lib/gcc/arm-none-eabi/12.3.1/../../../../arm-none-eabi/lib/thumb/v7e-m/nofp\libg.a(libc_a-signalr.o)
 .debug_aranges
                0x00000af0       0x20 D:/Program Files/STM32CubeCLT_1.17.0/GNU-tools-for-STM32/bin/../lib/gcc/arm-none-eabi/12.3.1/../../../../arm-none-eabi/lib/thumb/v7e-m/nofp\libg.a(libc_a-errno.o)
 .debug_aranges
                0x00000b10       0x20 D:/Program Files/STM32CubeCLT_1.17.0/GNU-tools-for-STM32/bin/../lib/gcc/arm-none-eabi/12.3.1/../../../../arm-none-eabi/lib/thumb/v7e-m/nofp\libg.a(libc_a-init.o)
 .debug_aranges
                0x00000b30       0x68 D:/Program Files/STM32CubeCLT_1.17.0/GNU-tools-for-STM32/bin/../lib/gcc/arm-none-eabi/12.3.1/../../../../arm-none-eabi/lib/thumb/v7e-m/nofp\libg.a(libc_a-lock.o)
 .debug_aranges
                0x00000b98       0x20 D:/Program Files/STM32CubeCLT_1.17.0/GNU-tools-for-STM32/bin/../lib/gcc/arm-none-eabi/12.3.1/../../../../arm-none-eabi/lib/thumb/v7e-m/nofp\libg.a(libc_a-memcpy-stub.o)
 .debug_aranges
                0x00000bb8       0x28 D:/Program Files/STM32CubeCLT_1.17.0/GNU-tools-for-STM32/bin/../lib/gcc/arm-none-eabi/12.3.1/../../../../arm-none-eabi/lib/thumb/v7e-m/nofp\libg.a(libc_a-__call_atexit.o)
 .debug_aranges
                0x00000be0       0x20 D:/Program Files/STM32CubeCLT_1.17.0/GNU-tools-for-STM32/bin/../lib/gcc/arm-none-eabi/12.3.1/../../../../arm-none-eabi/lib/thumb/v7e-m/nofp\libg.a(libc_a-atexit.o)
 .debug_aranges
                0x00000c00       0x20 D:/Program Files/STM32CubeCLT_1.17.0/GNU-tools-for-STM32/bin/../lib/gcc/arm-none-eabi/12.3.1/../../../../arm-none-eabi/lib/thumb/v7e-m/nofp\libg.a(libc_a-fini.o)
 .debug_aranges
                0x00000c20       0x20 D:/Program Files/STM32CubeCLT_1.17.0/GNU-tools-for-STM32/bin/../lib/gcc/arm-none-eabi/12.3.1/../../../../arm-none-eabi/lib/thumb/v7e-m/nofp\libg.a(libc_a-__atexit.o)

.debug_rnglists
                0x00000000      0x937
 .debug_rnglists
                0x00000000       0x13 CMakeFiles/0.Try_CPP.elf.dir/Core/Src/gpio.c.obj
 .debug_rnglists
                0x00000013       0x26 CMakeFiles/0.Try_CPP.elf.dir/Core/Src/main.c.obj
 .debug_rnglists
                0x00000039       0x13 CMakeFiles/0.Try_CPP.elf.dir/Core/Src/stm32f4xx_hal_msp.c.obj
 .debug_rnglists
                0x0000004c       0x20 CMakeFiles/0.Try_CPP.elf.dir/Core/Src/stm32f4xx_hal_timebase_tim.c.obj
 .debug_rnglists
                0x0000006c       0x49 CMakeFiles/0.Try_CPP.elf.dir/Core/Src/stm32f4xx_it.c.obj
 .debug_rnglists
                0x000000b5       0x1a CMakeFiles/0.Try_CPP.elf.dir/Core/Src/system_stm32f4xx.c.obj
 .debug_rnglists
                0x000000cf       0x19 CMakeFiles/0.Try_CPP.elf.dir/Core/Startup/startup_stm32f407ighx.s.obj
 .debug_rnglists
                0x000000e8       0x13 CMakeFiles/0.Try_CPP.elf.dir/Cpp_Core/Src/cpp_main.cpp.obj
 .debug_rnglists
                0x000000fb       0xaf CMakeFiles/0.Try_CPP.elf.dir/Drivers/STM32F4xx_HAL_Driver/Src/stm32f4xx_hal.c.obj
 .debug_rnglists
                0x000001aa       0xb5 CMakeFiles/0.Try_CPP.elf.dir/Drivers/STM32F4xx_HAL_Driver/Src/stm32f4xx_hal_cortex.c.obj
 .debug_rnglists
                0x0000025f       0x3f CMakeFiles/0.Try_CPP.elf.dir/Drivers/STM32F4xx_HAL_Driver/Src/stm32f4xx_hal_gpio.c.obj
 .debug_rnglists
                0x0000029e       0x75 CMakeFiles/0.Try_CPP.elf.dir/Drivers/STM32F4xx_HAL_Driver/Src/stm32f4xx_hal_rcc.c.obj
 .debug_rnglists
                0x00000313      0x302 CMakeFiles/0.Try_CPP.elf.dir/Drivers/STM32F4xx_HAL_Driver/Src/stm32f4xx_hal_tim.c.obj
 .debug_rnglists
                0x00000615      0x11b CMakeFiles/0.Try_CPP.elf.dir/Drivers/STM32F4xx_HAL_Driver/Src/stm32f4xx_hal_tim_ex.c.obj
 .debug_rnglists
                0x00000730       0x13 D:/Program Files/STM32CubeCLT_1.17.0/GNU-tools-for-STM32/bin/../lib/gcc/arm-none-eabi/12.3.1/../../../../arm-none-eabi/lib/thumb/v7e-m/nofp\libg.a(libc_a-abort.o)
 .debug_rnglists
                0x00000743       0x7a D:/Program Files/STM32CubeCLT_1.17.0/GNU-tools-for-STM32/bin/../lib/gcc/arm-none-eabi/12.3.1/../../../../arm-none-eabi/lib/thumb/v7e-m/nofp\libg.a(libc_a-findfp.o)
 .debug_rnglists
                0x000007bd       0x13 D:/Program Files/STM32CubeCLT_1.17.0/GNU-tools-for-STM32/bin/../lib/gcc/arm-none-eabi/12.3.1/../../../../arm-none-eabi/lib/thumb/v7e-m/nofp\libg.a(libc_a-memset.o)
 .debug_rnglists
                0x000007d0       0x3d D:/Program Files/STM32CubeCLT_1.17.0/GNU-tools-for-STM32/bin/../lib/gcc/arm-none-eabi/12.3.1/../../../../arm-none-eabi/lib/thumb/v7e-m/nofp\libg.a(libc_a-signal.o)
 .debug_rnglists
                0x0000080d       0x2b D:/Program Files/STM32CubeCLT_1.17.0/GNU-tools-for-STM32/bin/../lib/gcc/arm-none-eabi/12.3.1/../../../../arm-none-eabi/lib/thumb/v7e-m/nofp\libg.a(libc_a-reent.o)
 .debug_rnglists
                0x00000838       0x19 D:/Program Files/STM32CubeCLT_1.17.0/GNU-tools-for-STM32/bin/../lib/gcc/arm-none-eabi/12.3.1/../../../../arm-none-eabi/lib/thumb/v7e-m/nofp\libg.a(libc_a-signalr.o)
 .debug_rnglists
                0x00000851       0x13 D:/Program Files/STM32CubeCLT_1.17.0/GNU-tools-for-STM32/bin/../lib/gcc/arm-none-eabi/12.3.1/../../../../arm-none-eabi/lib/thumb/v7e-m/nofp\libg.a(libc_a-errno.o)
 .debug_rnglists
                0x00000864       0x13 D:/Program Files/STM32CubeCLT_1.17.0/GNU-tools-for-STM32/bin/../lib/gcc/arm-none-eabi/12.3.1/../../../../arm-none-eabi/lib/thumb/v7e-m/nofp\libg.a(libc_a-init.o)
 .debug_rnglists
                0x00000877       0x49 D:/Program Files/STM32CubeCLT_1.17.0/GNU-tools-for-STM32/bin/../lib/gcc/arm-none-eabi/12.3.1/../../../../arm-none-eabi/lib/thumb/v7e-m/nofp\libg.a(libc_a-lock.o)
 .debug_rnglists
                0x000008c0       0x13 D:/Program Files/STM32CubeCLT_1.17.0/GNU-tools-for-STM32/bin/../lib/gcc/arm-none-eabi/12.3.1/../../../../arm-none-eabi/lib/thumb/v7e-m/nofp\libg.a(libc_a-memcpy-stub.o)
 .debug_rnglists
                0x000008d3       0x2a D:/Program Files/STM32CubeCLT_1.17.0/GNU-tools-for-STM32/bin/../lib/gcc/arm-none-eabi/12.3.1/../../../../arm-none-eabi/lib/thumb/v7e-m/nofp\libg.a(libc_a-__call_atexit.o)
 .debug_rnglists
                0x000008fd       0x13 D:/Program Files/STM32CubeCLT_1.17.0/GNU-tools-for-STM32/bin/../lib/gcc/arm-none-eabi/12.3.1/../../../../arm-none-eabi/lib/thumb/v7e-m/nofp\libg.a(libc_a-atexit.o)
 .debug_rnglists
                0x00000910       0x13 D:/Program Files/STM32CubeCLT_1.17.0/GNU-tools-for-STM32/bin/../lib/gcc/arm-none-eabi/12.3.1/../../../../arm-none-eabi/lib/thumb/v7e-m/nofp\libg.a(libc_a-fini.o)
 .debug_rnglists
                0x00000923       0x14 D:/Program Files/STM32CubeCLT_1.17.0/GNU-tools-for-STM32/bin/../lib/gcc/arm-none-eabi/12.3.1/../../../../arm-none-eabi/lib/thumb/v7e-m/nofp\libg.a(libc_a-__atexit.o)

.debug_line     0x00000000     0xc385
 .debug_line    0x00000000      0x291 CMakeFiles/0.Try_CPP.elf.dir/Core/Src/gpio.c.obj
 .debug_line    0x00000291      0x49e CMakeFiles/0.Try_CPP.elf.dir/Core/Src/main.c.obj
 .debug_line    0x0000072f      0x215 CMakeFiles/0.Try_CPP.elf.dir/Core/Src/stm32f4xx_hal_msp.c.obj
 .debug_line    0x00000944      0x3cc CMakeFiles/0.Try_CPP.elf.dir/Core/Src/stm32f4xx_hal_timebase_tim.c.obj
 .debug_line    0x00000d10      0x399 CMakeFiles/0.Try_CPP.elf.dir/Core/Src/stm32f4xx_it.c.obj
 .debug_line    0x000010a9      0x2dd CMakeFiles/0.Try_CPP.elf.dir/Core/Src/system_stm32f4xx.c.obj
 .debug_line    0x00001386       0x7a CMakeFiles/0.Try_CPP.elf.dir/Core/Startup/startup_stm32f407ighx.s.obj
 .debug_line    0x00001400      0x2a6 CMakeFiles/0.Try_CPP.elf.dir/Cpp_Core/Src/cpp_main.cpp.obj
 .debug_line    0x000016a6      0x673 CMakeFiles/0.Try_CPP.elf.dir/Drivers/STM32F4xx_HAL_Driver/Src/stm32f4xx_hal.c.obj
 .debug_line    0x00001d19      0x960 CMakeFiles/0.Try_CPP.elf.dir/Drivers/STM32F4xx_HAL_Driver/Src/stm32f4xx_hal_cortex.c.obj
 .debug_line    0x00002679      0x7a3 CMakeFiles/0.Try_CPP.elf.dir/Drivers/STM32F4xx_HAL_Driver/Src/stm32f4xx_hal_gpio.c.obj
 .debug_line    0x00002e1c      0xc21 CMakeFiles/0.Try_CPP.elf.dir/Drivers/STM32F4xx_HAL_Driver/Src/stm32f4xx_hal_rcc.c.obj
 .debug_line    0x00003a3d     0x4b5e CMakeFiles/0.Try_CPP.elf.dir/Drivers/STM32F4xx_HAL_Driver/Src/stm32f4xx_hal_tim.c.obj
 .debug_line    0x0000859b     0x1df7 CMakeFiles/0.Try_CPP.elf.dir/Drivers/STM32F4xx_HAL_Driver/Src/stm32f4xx_hal_tim_ex.c.obj
 .debug_line    0x0000a392      0x167 D:/Program Files/STM32CubeCLT_1.17.0/GNU-tools-for-STM32/bin/../lib/gcc/arm-none-eabi/12.3.1/../../../../arm-none-eabi/lib/thumb/v7e-m/nofp\libg.a(libc_a-abort.o)
 .debug_line    0x0000a4f9      0x596 D:/Program Files/STM32CubeCLT_1.17.0/GNU-tools-for-STM32/bin/../lib/gcc/arm-none-eabi/12.3.1/../../../../arm-none-eabi/lib/thumb/v7e-m/nofp\libg.a(libc_a-findfp.o)
 .debug_line    0x0000aa8f      0x17e D:/Program Files/STM32CubeCLT_1.17.0/GNU-tools-for-STM32/bin/../lib/gcc/arm-none-eabi/12.3.1/../../../../arm-none-eabi/lib/thumb/v7e-m/nofp\libg.a(libc_a-memset.o)
 .debug_line    0x0000ac0d      0x44b D:/Program Files/STM32CubeCLT_1.17.0/GNU-tools-for-STM32/bin/../lib/gcc/arm-none-eabi/12.3.1/../../../../arm-none-eabi/lib/thumb/v7e-m/nofp\libg.a(libc_a-signal.o)
 .debug_line    0x0000b058      0x263 D:/Program Files/STM32CubeCLT_1.17.0/GNU-tools-for-STM32/bin/../lib/gcc/arm-none-eabi/12.3.1/../../../../arm-none-eabi/lib/thumb/v7e-m/nofp\libg.a(libc_a-reent.o)
 .debug_line    0x0000b2bb      0x163 D:/Program Files/STM32CubeCLT_1.17.0/GNU-tools-for-STM32/bin/../lib/gcc/arm-none-eabi/12.3.1/../../../../arm-none-eabi/lib/thumb/v7e-m/nofp\libg.a(libc_a-impure.o)
 .debug_line    0x0000b41e      0x24c D:/Program Files/STM32CubeCLT_1.17.0/GNU-tools-for-STM32/bin/../lib/gcc/arm-none-eabi/12.3.1/../../../../arm-none-eabi/lib/thumb/v7e-m/nofp\libg.a(libc_a-signalr.o)
 .debug_line    0x0000b66a      0x185 D:/Program Files/STM32CubeCLT_1.17.0/GNU-tools-for-STM32/bin/../lib/gcc/arm-none-eabi/12.3.1/../../../../arm-none-eabi/lib/thumb/v7e-m/nofp\libg.a(libc_a-errno.o)
 .debug_line    0x0000b7ef      0x188 D:/Program Files/STM32CubeCLT_1.17.0/GNU-tools-for-STM32/bin/../lib/gcc/arm-none-eabi/12.3.1/../../../../arm-none-eabi/lib/thumb/v7e-m/nofp\libg.a(libc_a-init.o)
 .debug_line    0x0000b977      0x19b D:/Program Files/STM32CubeCLT_1.17.0/GNU-tools-for-STM32/bin/../lib/gcc/arm-none-eabi/12.3.1/../../../../arm-none-eabi/lib/thumb/v7e-m/nofp\libg.a(libc_a-lock.o)
 .debug_line    0x0000bb12      0x202 D:/Program Files/STM32CubeCLT_1.17.0/GNU-tools-for-STM32/bin/../lib/gcc/arm-none-eabi/12.3.1/../../../../arm-none-eabi/lib/thumb/v7e-m/nofp\libg.a(libc_a-memcpy-stub.o)
 .debug_line    0x0000bd14      0x28a D:/Program Files/STM32CubeCLT_1.17.0/GNU-tools-for-STM32/bin/../lib/gcc/arm-none-eabi/12.3.1/../../../../arm-none-eabi/lib/thumb/v7e-m/nofp\libg.a(libc_a-__call_atexit.o)
 .debug_line    0x0000bf9e      0x102 D:/Program Files/STM32CubeCLT_1.17.0/GNU-tools-for-STM32/bin/../lib/gcc/arm-none-eabi/12.3.1/../../../../arm-none-eabi/lib/thumb/v7e-m/nofp\libg.a(libc_a-atexit.o)
 .debug_line    0x0000c0a0      0x140 D:/Program Files/STM32CubeCLT_1.17.0/GNU-tools-for-STM32/bin/../lib/gcc/arm-none-eabi/12.3.1/../../../../arm-none-eabi/lib/thumb/v7e-m/nofp\libg.a(libc_a-fini.o)
 .debug_line    0x0000c1e0      0x1a5 D:/Program Files/STM32CubeCLT_1.17.0/GNU-tools-for-STM32/bin/../lib/gcc/arm-none-eabi/12.3.1/../../../../arm-none-eabi/lib/thumb/v7e-m/nofp\libg.a(libc_a-__atexit.o)

.debug_str      0x00000000     0x431e
 .debug_str     0x00000000      0x33f CMakeFiles/0.Try_CPP.elf.dir/Core/Src/gpio.c.obj
                                0x3aa (size before relaxing)
 .debug_str     0x0000033f      0x6f5 CMakeFiles/0.Try_CPP.elf.dir/Core/Src/main.c.obj
                                0xa17 (size before relaxing)
 .debug_str     0x00000a34       0x50 CMakeFiles/0.Try_CPP.elf.dir/Core/Src/stm32f4xx_hal_msp.c.obj
                                0x2eb (size before relaxing)
 .debug_str     0x00000a84      0x64c CMakeFiles/0.Try_CPP.elf.dir/Core/Src/stm32f4xx_hal_timebase_tim.c.obj
                                0xe9d (size before relaxing)
 .debug_str     0x000010d0      0x100 CMakeFiles/0.Try_CPP.elf.dir/Core/Src/stm32f4xx_it.c.obj
                                0x7c0 (size before relaxing)
 .debug_str     0x000011d0       0xab CMakeFiles/0.Try_CPP.elf.dir/Core/Src/system_stm32f4xx.c.obj
                                0x351 (size before relaxing)
 .debug_str     0x0000127b       0x68 CMakeFiles/0.Try_CPP.elf.dir/Core/Startup/startup_stm32f407ighx.s.obj
                                 0xa1 (size before relaxing)
 .debug_str     0x000012e3      0x141 CMakeFiles/0.Try_CPP.elf.dir/Cpp_Core/Src/cpp_main.cpp.obj
                                0x2a9 (size before relaxing)
 .debug_str     0x00001424      0x325 CMakeFiles/0.Try_CPP.elf.dir/Drivers/STM32F4xx_HAL_Driver/Src/stm32f4xx_hal.c.obj
                                0xb94 (size before relaxing)
 .debug_str     0x00001749      0x4fc CMakeFiles/0.Try_CPP.elf.dir/Drivers/STM32F4xx_HAL_Driver/Src/stm32f4xx_hal_cortex.c.obj
                                0xca5 (size before relaxing)
 .debug_str     0x00001c45      0x13b CMakeFiles/0.Try_CPP.elf.dir/Drivers/STM32F4xx_HAL_Driver/Src/stm32f4xx_hal_gpio.c.obj
                                0x510 (size before relaxing)
 .debug_str     0x00001d80      0x192 CMakeFiles/0.Try_CPP.elf.dir/Drivers/STM32F4xx_HAL_Driver/Src/stm32f4xx_hal_rcc.c.obj
                                0x736 (size before relaxing)
 .debug_str     0x00001f12      0xf3e CMakeFiles/0.Try_CPP.elf.dir/Drivers/STM32F4xx_HAL_Driver/Src/stm32f4xx_hal_tim.c.obj
                               0x172f (size before relaxing)
 .debug_str     0x00002e50      0x582 CMakeFiles/0.Try_CPP.elf.dir/Drivers/STM32F4xx_HAL_Driver/Src/stm32f4xx_hal_tim_ex.c.obj
                                0xf3b (size before relaxing)
 .debug_str     0x000033d2      0x174 D:/Program Files/STM32CubeCLT_1.17.0/GNU-tools-for-STM32/bin/../lib/gcc/arm-none-eabi/12.3.1/../../../../arm-none-eabi/lib/thumb/v7e-m/nofp\libg.a(libc_a-abort.o)
                                0x209 (size before relaxing)
 .debug_str     0x00003546      0x584 D:/Program Files/STM32CubeCLT_1.17.0/GNU-tools-for-STM32/bin/../lib/gcc/arm-none-eabi/12.3.1/../../../../arm-none-eabi/lib/thumb/v7e-m/nofp\libg.a(libc_a-findfp.o)
                                0x79e (size before relaxing)
 .debug_str     0x00003aca       0x5a D:/Program Files/STM32CubeCLT_1.17.0/GNU-tools-for-STM32/bin/../lib/gcc/arm-none-eabi/12.3.1/../../../../arm-none-eabi/lib/thumb/v7e-m/nofp\libg.a(libc_a-memset.o)
                                0x206 (size before relaxing)
 .debug_str     0x00003b24       0xcc D:/Program Files/STM32CubeCLT_1.17.0/GNU-tools-for-STM32/bin/../lib/gcc/arm-none-eabi/12.3.1/../../../../arm-none-eabi/lib/thumb/v7e-m/nofp\libg.a(libc_a-signal.o)
                                0x59d (size before relaxing)
 .debug_str     0x00003bf0       0x7f D:/Program Files/STM32CubeCLT_1.17.0/GNU-tools-for-STM32/bin/../lib/gcc/arm-none-eabi/12.3.1/../../../../arm-none-eabi/lib/thumb/v7e-m/nofp\libg.a(libc_a-reent.o)
                                0x535 (size before relaxing)
 .debug_str     0x00003c6f       0x59 D:/Program Files/STM32CubeCLT_1.17.0/GNU-tools-for-STM32/bin/../lib/gcc/arm-none-eabi/12.3.1/../../../../arm-none-eabi/lib/thumb/v7e-m/nofp\libg.a(libc_a-impure.o)
                                0x51b (size before relaxing)
 .debug_str     0x00003cc8       0x70 D:/Program Files/STM32CubeCLT_1.17.0/GNU-tools-for-STM32/bin/../lib/gcc/arm-none-eabi/12.3.1/../../../../arm-none-eabi/lib/thumb/v7e-m/nofp\libg.a(libc_a-signalr.o)
                                0x532 (size before relaxing)
 .debug_str     0x00003d38       0x60 D:/Program Files/STM32CubeCLT_1.17.0/GNU-tools-for-STM32/bin/../lib/gcc/arm-none-eabi/12.3.1/../../../../arm-none-eabi/lib/thumb/v7e-m/nofp\libg.a(libc_a-errno.o)
                                0x510 (size before relaxing)
 .debug_str     0x00003d98       0xb6 D:/Program Files/STM32CubeCLT_1.17.0/GNU-tools-for-STM32/bin/../lib/gcc/arm-none-eabi/12.3.1/../../../../arm-none-eabi/lib/thumb/v7e-m/nofp\libg.a(libc_a-init.o)
                                0x267 (size before relaxing)
 .debug_str     0x00003e4e      0x1d7 D:/Program Files/STM32CubeCLT_1.17.0/GNU-tools-for-STM32/bin/../lib/gcc/arm-none-eabi/12.3.1/../../../../arm-none-eabi/lib/thumb/v7e-m/nofp\libg.a(libc_a-lock.o)
                                0x379 (size before relaxing)
 .debug_str     0x00004025       0x7f D:/Program Files/STM32CubeCLT_1.17.0/GNU-tools-for-STM32/bin/../lib/gcc/arm-none-eabi/12.3.1/../../../../arm-none-eabi/lib/thumb/v7e-m/nofp\libg.a(libc_a-memcpy-stub.o)
                                0x224 (size before relaxing)
 .debug_str     0x000040a4       0xf7 D:/Program Files/STM32CubeCLT_1.17.0/GNU-tools-for-STM32/bin/../lib/gcc/arm-none-eabi/12.3.1/../../../../arm-none-eabi/lib/thumb/v7e-m/nofp\libg.a(libc_a-__call_atexit.o)
                                0x343 (size before relaxing)
 .debug_str     0x0000419b       0x9e D:/Program Files/STM32CubeCLT_1.17.0/GNU-tools-for-STM32/bin/../lib/gcc/arm-none-eabi/12.3.1/../../../../arm-none-eabi/lib/thumb/v7e-m/nofp\libg.a(libc_a-atexit.o)
                                0x243 (size before relaxing)
 .debug_str     0x00004239       0x7a D:/Program Files/STM32CubeCLT_1.17.0/GNU-tools-for-STM32/bin/../lib/gcc/arm-none-eabi/12.3.1/../../../../arm-none-eabi/lib/thumb/v7e-m/nofp\libg.a(libc_a-fini.o)
                                0x23d (size before relaxing)
 .debug_str     0x000042b3       0x6b D:/Program Files/STM32CubeCLT_1.17.0/GNU-tools-for-STM32/bin/../lib/gcc/arm-none-eabi/12.3.1/../../../../arm-none-eabi/lib/thumb/v7e-m/nofp\libg.a(libc_a-__atexit.o)
                                0x31a (size before relaxing)

.comment        0x00000000       0x43
 .comment       0x00000000       0x43 CMakeFiles/0.Try_CPP.elf.dir/Core/Src/gpio.c.obj
                                 0x44 (size before relaxing)
 .comment       0x00000043       0x44 CMakeFiles/0.Try_CPP.elf.dir/Core/Src/main.c.obj
 .comment       0x00000043       0x44 CMakeFiles/0.Try_CPP.elf.dir/Core/Src/stm32f4xx_hal_msp.c.obj
 .comment       0x00000043       0x44 CMakeFiles/0.Try_CPP.elf.dir/Core/Src/stm32f4xx_hal_timebase_tim.c.obj
 .comment       0x00000043       0x44 CMakeFiles/0.Try_CPP.elf.dir/Core/Src/stm32f4xx_it.c.obj
 .comment       0x00000043       0x44 CMakeFiles/0.Try_CPP.elf.dir/Core/Src/system_stm32f4xx.c.obj
 .comment       0x00000043       0x44 CMakeFiles/0.Try_CPP.elf.dir/Cpp_Core/Src/cpp_main.cpp.obj
 .comment       0x00000043       0x44 CMakeFiles/0.Try_CPP.elf.dir/Drivers/STM32F4xx_HAL_Driver/Src/stm32f4xx_hal.c.obj
 .comment       0x00000043       0x44 CMakeFiles/0.Try_CPP.elf.dir/Drivers/STM32F4xx_HAL_Driver/Src/stm32f4xx_hal_cortex.c.obj
 .comment       0x00000043       0x44 CMakeFiles/0.Try_CPP.elf.dir/Drivers/STM32F4xx_HAL_Driver/Src/stm32f4xx_hal_gpio.c.obj
 .comment       0x00000043       0x44 CMakeFiles/0.Try_CPP.elf.dir/Drivers/STM32F4xx_HAL_Driver/Src/stm32f4xx_hal_rcc.c.obj
 .comment       0x00000043       0x44 CMakeFiles/0.Try_CPP.elf.dir/Drivers/STM32F4xx_HAL_Driver/Src/stm32f4xx_hal_tim.c.obj
 .comment       0x00000043       0x44 CMakeFiles/0.Try_CPP.elf.dir/Drivers/STM32F4xx_HAL_Driver/Src/stm32f4xx_hal_tim_ex.c.obj
 .comment       0x00000043       0x44 D:/Program Files/STM32CubeCLT_1.17.0/GNU-tools-for-STM32/bin/../lib/gcc/arm-none-eabi/12.3.1/../../../../arm-none-eabi/lib/thumb/v7e-m/nofp\libg.a(libc_a-abort.o)
 .comment       0x00000043       0x44 D:/Program Files/STM32CubeCLT_1.17.0/GNU-tools-for-STM32/bin/../lib/gcc/arm-none-eabi/12.3.1/../../../../arm-none-eabi/lib/thumb/v7e-m/nofp\libg.a(libc_a-findfp.o)
 .comment       0x00000043       0x44 D:/Program Files/STM32CubeCLT_1.17.0/GNU-tools-for-STM32/bin/../lib/gcc/arm-none-eabi/12.3.1/../../../../arm-none-eabi/lib/thumb/v7e-m/nofp\libg.a(libc_a-memset.o)
 .comment       0x00000043       0x44 D:/Program Files/STM32CubeCLT_1.17.0/GNU-tools-for-STM32/bin/../lib/gcc/arm-none-eabi/12.3.1/../../../../arm-none-eabi/lib/thumb/v7e-m/nofp\libg.a(libc_a-signal.o)
 .comment       0x00000043       0x44 D:/Program Files/STM32CubeCLT_1.17.0/GNU-tools-for-STM32/bin/../lib/gcc/arm-none-eabi/12.3.1/../../../../arm-none-eabi/lib/thumb/v7e-m/nofp\libg.a(libc_a-reent.o)
 .comment       0x00000043       0x44 D:/Program Files/STM32CubeCLT_1.17.0/GNU-tools-for-STM32/bin/../lib/gcc/arm-none-eabi/12.3.1/../../../../arm-none-eabi/lib/thumb/v7e-m/nofp\libg.a(libc_a-impure.o)
 .comment       0x00000043       0x44 D:/Program Files/STM32CubeCLT_1.17.0/GNU-tools-for-STM32/bin/../lib/gcc/arm-none-eabi/12.3.1/../../../../arm-none-eabi/lib/thumb/v7e-m/nofp\libg.a(libc_a-signalr.o)
 .comment       0x00000043       0x44 D:/Program Files/STM32CubeCLT_1.17.0/GNU-tools-for-STM32/bin/../lib/gcc/arm-none-eabi/12.3.1/../../../../arm-none-eabi/lib/thumb/v7e-m/nofp\libg.a(libc_a-errno.o)
 .comment       0x00000043       0x44 D:/Program Files/STM32CubeCLT_1.17.0/GNU-tools-for-STM32/bin/../lib/gcc/arm-none-eabi/12.3.1/../../../../arm-none-eabi/lib/thumb/v7e-m/nofp\libg.a(libc_a-init.o)
 .comment       0x00000043       0x44 D:/Program Files/STM32CubeCLT_1.17.0/GNU-tools-for-STM32/bin/../lib/gcc/arm-none-eabi/12.3.1/../../../../arm-none-eabi/lib/thumb/v7e-m/nofp\libg.a(libc_a-lock.o)
 .comment       0x00000043       0x44 D:/Program Files/STM32CubeCLT_1.17.0/GNU-tools-for-STM32/bin/../lib/gcc/arm-none-eabi/12.3.1/../../../../arm-none-eabi/lib/thumb/v7e-m/nofp\libg.a(libc_a-memcpy-stub.o)
 .comment       0x00000043       0x44 D:/Program Files/STM32CubeCLT_1.17.0/GNU-tools-for-STM32/bin/../lib/gcc/arm-none-eabi/12.3.1/../../../../arm-none-eabi/lib/thumb/v7e-m/nofp\libg.a(libc_a-__call_atexit.o)
 .comment       0x00000043       0x44 D:/Program Files/STM32CubeCLT_1.17.0/GNU-tools-for-STM32/bin/../lib/gcc/arm-none-eabi/12.3.1/../../../../arm-none-eabi/lib/thumb/v7e-m/nofp\libg.a(libc_a-atexit.o)
 .comment       0x00000043       0x44 D:/Program Files/STM32CubeCLT_1.17.0/GNU-tools-for-STM32/bin/../lib/gcc/arm-none-eabi/12.3.1/../../../../arm-none-eabi/lib/thumb/v7e-m/nofp\libg.a(libc_a-fini.o)
 .comment       0x00000043       0x44 D:/Program Files/STM32CubeCLT_1.17.0/GNU-tools-for-STM32/bin/../lib/gcc/arm-none-eabi/12.3.1/../../../../arm-none-eabi/lib/thumb/v7e-m/nofp\libg.a(libc_a-__atexit.o)

.debug_frame    0x00000000     0x207c
 .debug_frame   0x00000000       0x30 CMakeFiles/0.Try_CPP.elf.dir/Core/Src/gpio.c.obj
 .debug_frame   0x00000030       0x70 CMakeFiles/0.Try_CPP.elf.dir/Core/Src/main.c.obj
 .debug_frame   0x000000a0       0x28 CMakeFiles/0.Try_CPP.elf.dir/Core/Src/stm32f4xx_hal_msp.c.obj
 .debug_frame   0x000000c8       0x54 CMakeFiles/0.Try_CPP.elf.dir/Core/Src/stm32f4xx_hal_timebase_tim.c.obj
 .debug_frame   0x0000011c       0xb8 CMakeFiles/0.Try_CPP.elf.dir/Core/Src/stm32f4xx_it.c.obj
 .debug_frame   0x000001d4       0x30 CMakeFiles/0.Try_CPP.elf.dir/Core/Src/system_stm32f4xx.c.obj
 .debug_frame   0x00000204       0x28 CMakeFiles/0.Try_CPP.elf.dir/Cpp_Core/Src/cpp_main.cpp.obj
 .debug_frame   0x0000022c      0x1ec CMakeFiles/0.Try_CPP.elf.dir/Drivers/STM32F4xx_HAL_Driver/Src/stm32f4xx_hal.c.obj
 .debug_frame   0x00000418      0x214 CMakeFiles/0.Try_CPP.elf.dir/Drivers/STM32F4xx_HAL_Driver/Src/stm32f4xx_hal_cortex.c.obj
 .debug_frame   0x0000062c       0xd4 CMakeFiles/0.Try_CPP.elf.dir/Drivers/STM32F4xx_HAL_Driver/Src/stm32f4xx_hal_gpio.c.obj
 .debug_frame   0x00000700      0x16c CMakeFiles/0.Try_CPP.elf.dir/Drivers/STM32F4xx_HAL_Driver/Src/stm32f4xx_hal_rcc.c.obj
 .debug_frame   0x0000086c      0xb08 CMakeFiles/0.Try_CPP.elf.dir/Drivers/STM32F4xx_HAL_Driver/Src/stm32f4xx_hal_tim.c.obj
 .debug_frame   0x00001374      0x40c CMakeFiles/0.Try_CPP.elf.dir/Drivers/STM32F4xx_HAL_Driver/Src/stm32f4xx_hal_tim_ex.c.obj
 .debug_frame   0x00001780       0x2c D:/Program Files/STM32CubeCLT_1.17.0/GNU-tools-for-STM32/bin/../lib/gcc/arm-none-eabi/12.3.1/thumb/v7e-m/nofp\libgcc.a(_aeabi_uldivmod.o)
 .debug_frame   0x000017ac       0x34 D:/Program Files/STM32CubeCLT_1.17.0/GNU-tools-for-STM32/bin/../lib/gcc/arm-none-eabi/12.3.1/thumb/v7e-m/nofp\libgcc.a(_udivmoddi4.o)
 .debug_frame   0x000017e0      0x2c4 D:/Program Files/STM32CubeCLT_1.17.0/GNU-tools-for-STM32/bin/../lib/gcc/arm-none-eabi/12.3.1/thumb/v7e-m/nofp\libgcc.a(unwind-arm.o)
 .debug_frame   0x00001aa4      0x104 D:/Program Files/STM32CubeCLT_1.17.0/GNU-tools-for-STM32/bin/../lib/gcc/arm-none-eabi/12.3.1/thumb/v7e-m/nofp\libgcc.a(pr-support.o)
 .debug_frame   0x00001ba8       0x28 D:/Program Files/STM32CubeCLT_1.17.0/GNU-tools-for-STM32/bin/../lib/gcc/arm-none-eabi/12.3.1/../../../../arm-none-eabi/lib/thumb/v7e-m/nofp\libg.a(libc_a-abort.o)
 .debug_frame   0x00001bd0      0x144 D:/Program Files/STM32CubeCLT_1.17.0/GNU-tools-for-STM32/bin/../lib/gcc/arm-none-eabi/12.3.1/../../../../arm-none-eabi/lib/thumb/v7e-m/nofp\libg.a(libc_a-findfp.o)
 .debug_frame   0x00001d14       0x20 D:/Program Files/STM32CubeCLT_1.17.0/GNU-tools-for-STM32/bin/../lib/gcc/arm-none-eabi/12.3.1/../../../../arm-none-eabi/lib/thumb/v7e-m/nofp\libg.a(libc_a-memset.o)
 .debug_frame   0x00001d34       0xcc D:/Program Files/STM32CubeCLT_1.17.0/GNU-tools-for-STM32/bin/../lib/gcc/arm-none-eabi/12.3.1/../../../../arm-none-eabi/lib/thumb/v7e-m/nofp\libg.a(libc_a-signal.o)
 .debug_frame   0x00001e00       0x38 D:/Program Files/STM32CubeCLT_1.17.0/GNU-tools-for-STM32/bin/../lib/gcc/arm-none-eabi/12.3.1/../../../../arm-none-eabi/lib/thumb/v7e-m/nofp\libg.a(libc_a-reent.o)
 .debug_frame   0x00001e38       0x3c D:/Program Files/STM32CubeCLT_1.17.0/GNU-tools-for-STM32/bin/../lib/gcc/arm-none-eabi/12.3.1/../../../../arm-none-eabi/lib/thumb/v7e-m/nofp\libg.a(libc_a-signalr.o)
 .debug_frame   0x00001e74       0x20 D:/Program Files/STM32CubeCLT_1.17.0/GNU-tools-for-STM32/bin/../lib/gcc/arm-none-eabi/12.3.1/../../../../arm-none-eabi/lib/thumb/v7e-m/nofp\libg.a(libc_a-errno.o)
 .debug_frame   0x00001e94       0x2c D:/Program Files/STM32CubeCLT_1.17.0/GNU-tools-for-STM32/bin/../lib/gcc/arm-none-eabi/12.3.1/../../../../arm-none-eabi/lib/thumb/v7e-m/nofp\libg.a(libc_a-init.o)
 .debug_frame   0x00001ec0       0xb0 D:/Program Files/STM32CubeCLT_1.17.0/GNU-tools-for-STM32/bin/../lib/gcc/arm-none-eabi/12.3.1/../../../../arm-none-eabi/lib/thumb/v7e-m/nofp\libg.a(libc_a-lock.o)
 .debug_frame   0x00001f70       0x28 D:/Program Files/STM32CubeCLT_1.17.0/GNU-tools-for-STM32/bin/../lib/gcc/arm-none-eabi/12.3.1/../../../../arm-none-eabi/lib/thumb/v7e-m/nofp\libg.a(libc_a-memcpy-stub.o)
 .debug_frame   0x00001f98       0x58 D:/Program Files/STM32CubeCLT_1.17.0/GNU-tools-for-STM32/bin/../lib/gcc/arm-none-eabi/12.3.1/../../../../arm-none-eabi/lib/thumb/v7e-m/nofp\libg.a(libc_a-__call_atexit.o)
 .debug_frame   0x00001ff0       0x20 D:/Program Files/STM32CubeCLT_1.17.0/GNU-tools-for-STM32/bin/../lib/gcc/arm-none-eabi/12.3.1/../../../../arm-none-eabi/lib/thumb/v7e-m/nofp\libg.a(libc_a-atexit.o)
 .debug_frame   0x00002010       0x38 D:/Program Files/STM32CubeCLT_1.17.0/GNU-tools-for-STM32/bin/../lib/gcc/arm-none-eabi/12.3.1/../../../../arm-none-eabi/lib/thumb/v7e-m/nofp\libg.a(libc_a-fini.o)
 .debug_frame   0x00002048       0x34 D:/Program Files/STM32CubeCLT_1.17.0/GNU-tools-for-STM32/bin/../lib/gcc/arm-none-eabi/12.3.1/../../../../arm-none-eabi/lib/thumb/v7e-m/nofp\libg.a(libc_a-__atexit.o)

.debug_loclists
                0x00000000     0x5c36
 .debug_loclists
                0x00000000       0x34 CMakeFiles/0.Try_CPP.elf.dir/Core/Src/main.c.obj
 .debug_loclists
                0x00000034       0x9b CMakeFiles/0.Try_CPP.elf.dir/Core/Src/stm32f4xx_hal_timebase_tim.c.obj
 .debug_loclists
                0x000000cf       0xdb CMakeFiles/0.Try_CPP.elf.dir/Core/Src/system_stm32f4xx.c.obj
 .debug_loclists
                0x000001aa       0xc9 CMakeFiles/0.Try_CPP.elf.dir/Drivers/STM32F4xx_HAL_Driver/Src/stm32f4xx_hal.c.obj
 .debug_loclists
                0x00000273      0x439 CMakeFiles/0.Try_CPP.elf.dir/Drivers/STM32F4xx_HAL_Driver/Src/stm32f4xx_hal_cortex.c.obj
 .debug_loclists
                0x000006ac      0x356 CMakeFiles/0.Try_CPP.elf.dir/Drivers/STM32F4xx_HAL_Driver/Src/stm32f4xx_hal_gpio.c.obj
 .debug_loclists
                0x00000a02      0x3a9 CMakeFiles/0.Try_CPP.elf.dir/Drivers/STM32F4xx_HAL_Driver/Src/stm32f4xx_hal_rcc.c.obj
 .debug_loclists
                0x00000dab     0x3331 CMakeFiles/0.Try_CPP.elf.dir/Drivers/STM32F4xx_HAL_Driver/Src/stm32f4xx_hal_tim.c.obj
 .debug_loclists
                0x000040dc     0x129a CMakeFiles/0.Try_CPP.elf.dir/Drivers/STM32F4xx_HAL_Driver/Src/stm32f4xx_hal_tim_ex.c.obj
 .debug_loclists
                0x00005376      0x252 D:/Program Files/STM32CubeCLT_1.17.0/GNU-tools-for-STM32/bin/../lib/gcc/arm-none-eabi/12.3.1/../../../../arm-none-eabi/lib/thumb/v7e-m/nofp\libg.a(libc_a-findfp.o)
 .debug_loclists
                0x000055c8       0x47 D:/Program Files/STM32CubeCLT_1.17.0/GNU-tools-for-STM32/bin/../lib/gcc/arm-none-eabi/12.3.1/../../../../arm-none-eabi/lib/thumb/v7e-m/nofp\libg.a(libc_a-memset.o)
 .debug_loclists
                0x0000560f      0x281 D:/Program Files/STM32CubeCLT_1.17.0/GNU-tools-for-STM32/bin/../lib/gcc/arm-none-eabi/12.3.1/../../../../arm-none-eabi/lib/thumb/v7e-m/nofp\libg.a(libc_a-signal.o)
 .debug_loclists
                0x00005890       0x68 D:/Program Files/STM32CubeCLT_1.17.0/GNU-tools-for-STM32/bin/../lib/gcc/arm-none-eabi/12.3.1/../../../../arm-none-eabi/lib/thumb/v7e-m/nofp\libg.a(libc_a-reent.o)
 .debug_loclists
                0x000058f8       0x81 D:/Program Files/STM32CubeCLT_1.17.0/GNU-tools-for-STM32/bin/../lib/gcc/arm-none-eabi/12.3.1/../../../../arm-none-eabi/lib/thumb/v7e-m/nofp\libg.a(libc_a-signalr.o)
 .debug_loclists
                0x00005979       0x44 D:/Program Files/STM32CubeCLT_1.17.0/GNU-tools-for-STM32/bin/../lib/gcc/arm-none-eabi/12.3.1/../../../../arm-none-eabi/lib/thumb/v7e-m/nofp\libg.a(libc_a-init.o)
 .debug_loclists
                0x000059bd       0x23 D:/Program Files/STM32CubeCLT_1.17.0/GNU-tools-for-STM32/bin/../lib/gcc/arm-none-eabi/12.3.1/../../../../arm-none-eabi/lib/thumb/v7e-m/nofp\libg.a(libc_a-lock.o)
 .debug_loclists
                0x000059e0       0x8f D:/Program Files/STM32CubeCLT_1.17.0/GNU-tools-for-STM32/bin/../lib/gcc/arm-none-eabi/12.3.1/../../../../arm-none-eabi/lib/thumb/v7e-m/nofp\libg.a(libc_a-memcpy-stub.o)
 .debug_loclists
                0x00005a6f       0xd4 D:/Program Files/STM32CubeCLT_1.17.0/GNU-tools-for-STM32/bin/../lib/gcc/arm-none-eabi/12.3.1/../../../../arm-none-eabi/lib/thumb/v7e-m/nofp\libg.a(libc_a-__call_atexit.o)
 .debug_loclists
                0x00005b43       0x2a D:/Program Files/STM32CubeCLT_1.17.0/GNU-tools-for-STM32/bin/../lib/gcc/arm-none-eabi/12.3.1/../../../../arm-none-eabi/lib/thumb/v7e-m/nofp\libg.a(libc_a-atexit.o)
 .debug_loclists
                0x00005b6d       0x3b D:/Program Files/STM32CubeCLT_1.17.0/GNU-tools-for-STM32/bin/../lib/gcc/arm-none-eabi/12.3.1/../../../../arm-none-eabi/lib/thumb/v7e-m/nofp\libg.a(libc_a-fini.o)
 .debug_loclists
                0x00005ba8       0x8e D:/Program Files/STM32CubeCLT_1.17.0/GNU-tools-for-STM32/bin/../lib/gcc/arm-none-eabi/12.3.1/../../../../arm-none-eabi/lib/thumb/v7e-m/nofp\libg.a(libc_a-__atexit.o)

.debug_line_str
                0x00000000       0x85
 .debug_line_str
                0x00000000       0x85 CMakeFiles/0.Try_CPP.elf.dir/Core/Startup/startup_stm32f407ighx.s.obj
